Component: ARM Compiler 5.06 update 6 (build 750) Tool: armlink [4d35ed]

==============================================================================

Section Cross References

    startup_mk66f18.o(RESET) refers to startup_mk66f18.o(STACK) for __initial_sp
    startup_mk66f18.o(RESET) refers to startup_mk66f18.o(.text) for Reset_Handler
    startup_mk66f18.o(RESET) refers to system_mk66.o(i.NMI_Handler) for NMI_Handler
    startup_mk66f18.o(RESET) refers to port.o(.emb_text) for SVC_Handler
    startup_mk66f18.o(RESET) refers to port.o(i.SysTick_Handler) for SysTick_Handler
    startup_mk66f18.o(RESET) refers to isr.o(i.DMA0_IRQHandler) for DMA0_IRQHandler
    startup_mk66f18.o(RESET) refers to isr.o(i.UART3_RX_TX_IRQHandler) for UART3_RX_TX_IRQHandler
    startup_mk66f18.o(RESET) refers to isr.o(i.PIT0_IRQHandler) for PIT0_IRQHandler
    startup_mk66f18.o(RESET) refers to isr.o(i.PORTA_IRQHandler) for PORTA_IRQHandler
    startup_mk66f18.o(RESET) refers to isr.o(i.PORTC_IRQHandler) for PORTC_IRQHandler
    startup_mk66f18.o(RESET) refers to isr.o(i.UART4_RX_TX_IRQHandler) for UART4_RX_TX_IRQHandler
    startup_mk66f18.o(.text) refers to system_mk66.o(i.Start) for Start
    startup_mk66f18.o(.text) refers to entry.o(.ARM.Collect$$$$00000000) for __main
    system_mk66.o(i.SYSTEM_CLK) refers to system_mk66.o(i.div_set) for div_set
    system_mk66.o(i.Start) refers to system_mk66.o(i.Disable_Wdog) for Disable_Wdog
    system_mk66.o(i.Start) refers to system_mk66.o(i.SYSTEM_CLK) for SYSTEM_CLK
    system_mk66.o(i.Start) refers to mk60_gpio.o(i.gpio_init) for gpio_init
    common.o(i.get_clk) refers to mk60_uart.o(i.uart_init) for uart_init
    common.o(i.get_clk) refers to common.o(.data) for mcgout_clk_mhz
    mk60_adc.o(i.adc_init) refers to mk60_port.o(i.port_init) for port_init
    mk60_adc.o(i.adc_once) refers to mk60_adc.o(i.adc_start) for adc_start
    mk60_adc.o(i.adc_once) refers to mk60_adc.o(.constdata) for ADCX
    mk60_adc.o(i.adc_start) refers to mk60_adc.o(.constdata) for ADCX
    mk60_adc.o(i.adc_stop) refers to mk60_adc.o(.constdata) for ADCX
    mk60_cmt.o(i.cmt_pwm_duty) refers to mk60_cmt.o(.data) for cmt_period
    mk60_cmt.o(i.cmt_pwm_freq) refers to common.o(.data) for bus_clk_mhz
    mk60_cmt.o(i.cmt_pwm_freq) refers to mk60_cmt.o(.data) for cmt_period
    mk60_cmt.o(i.cmt_pwm_init) refers to mk60_port.o(i.port_init) for port_init
    mk60_cmt.o(i.cmt_pwm_init) refers to common.o(.data) for bus_clk_mhz
    mk60_cmt.o(i.cmt_pwm_init) refers to mk60_cmt.o(.data) for cmt_period
    mk60_dac.o(i.dac_init) refers to mk60_dac.o(.constdata) for DACX
    mk60_dac.o(i.dac_out) refers to mk60_dac.o(.constdata) for DACX
    mk60_dma.o(i.dma_portx2buff_init) refers to mk60_port.o(i.port_init) for port_init
    mk60_dma.o(i.dma_portx2buff_init) refers to mk60_gpio.o(i.gpio_init) for gpio_init
    mk60_flash.o(i.FLASH_EraseSector) refers to mk60_flash.o(i.FlashCmdStart) for FlashCmdStart
    mk60_flash.o(i.FLASH_WriteSector) refers to mk60_flash.o(i.FlashCmdStart) for FlashCmdStart
    mk60_flash.o(i.FlashCmdStart) refers to mk60_flash.o(.data) for s_flash_command_run
    mk60_ftm.o(i.FTM_port_mux) refers to mk60_port.o(i.port_init) for port_init
    mk60_ftm.o(i.ftm_input_clean) refers to mk60_ftm.o(.constdata) for FTMX
    mk60_ftm.o(i.ftm_input_get) refers to mk60_ftm.o(.constdata) for FTMX
    mk60_ftm.o(i.ftm_input_init) refers to mk60_ftm.o(i.FTM_port_mux) for FTM_port_mux
    mk60_ftm.o(i.ftm_input_init) refers to mk60_ftm.o(.constdata) for FTMX
    mk60_ftm.o(i.ftm_input_init) refers to common.o(.data) for bus_clk_mhz
    mk60_ftm.o(i.ftm_pwm_duty) refers to mk60_ftm.o(.data) for period
    mk60_ftm.o(i.ftm_pwm_duty) refers to mk60_ftm.o(.constdata) for FTMX
    mk60_ftm.o(i.ftm_pwm_freq) refers to common.o(.data) for bus_clk_mhz
    mk60_ftm.o(i.ftm_pwm_freq) refers to mk60_ftm.o(.data) for period
    mk60_ftm.o(i.ftm_pwm_freq) refers to mk60_ftm.o(.constdata) for FTMX
    mk60_ftm.o(i.ftm_pwm_init) refers to mk60_ftm.o(i.FTM_port_mux) for FTM_port_mux
    mk60_ftm.o(i.ftm_pwm_init) refers to common.o(.data) for bus_clk_mhz
    mk60_ftm.o(i.ftm_pwm_init) refers to mk60_ftm.o(.data) for period
    mk60_ftm.o(i.ftm_pwm_init) refers to mk60_ftm.o(.constdata) for FTMX
    mk60_ftm.o(i.ftm_quad_clean) refers to mk60_ftm.o(.constdata) for FTMX
    mk60_ftm.o(i.ftm_quad_get) refers to mk60_ftm.o(.constdata) for FTMX
    mk60_ftm.o(i.ftm_quad_init) refers to mk60_port.o(i.port_init) for port_init
    mk60_ftm.o(i.ftm_quad_init) refers to mk60_ftm.o(.constdata) for FTMX
    mk60_gpio.o(i.gpio_ddr) refers to mk60_gpio.o(.constdata) for GPIOX
    mk60_gpio.o(i.gpio_get) refers to mk60_gpio.o(.constdata) for GPIOX
    mk60_gpio.o(i.gpio_init) refers to mk60_gpio.o(.constdata) for PORTX
    mk60_gpio.o(i.gpio_set) refers to mk60_gpio.o(.constdata) for GPIOX
    mk60_gpio.o(i.gpio_turn) refers to mk60_gpio.o(.constdata) for GPIOX
[...]
    entry5.o(.ARM.Collect$$$$00000004) refers to init.o(.text) for __scatterload
    entry9a.o(.ARM.Collect$$$$0000000B) refers to main.o(i.main) for main
    entry9b.o(.ARM.Collect$$$$0000000C) refers to main.o(i.main) for main
    init.o(.text) refers to entry5.o(.ARM.Collect$$$$00000004) for __main_after_scatterload


==============================================================================

Removing Unused input sections from the image.

    Removing startup_mk66f18.o(HEAP), (0 bytes).
    Removing system_mk66.o(.rev16_text), (4 bytes).
    Removing system_mk66.o(.revsh_text), (4 bytes).
    Removing common.o(.rev16_text), (4 bytes).
    Removing common.o(.revsh_text), (4 bytes).
    Removing misc.o(.rev16_text), (4 bytes).
    Removing misc.o(.revsh_text), (4 bytes).
    Removing misc.o(i.write_vtor), (12 bytes).
    Removing mk60_adc.o(.rev16_text), (4 bytes).
    Removing mk60_adc.o(.revsh_text), (4 bytes).
    Removing mk60_adc.o(i.adc_init), (432 bytes).
    Removing mk60_adc.o(i.adc_once), (76 bytes).
    Removing mk60_adc.o(i.adc_start), (56 bytes).
    Removing mk60_adc.o(i.adc_stop), (16 bytes).
    Removing mk60_adc.o(.constdata), (8 bytes).
    Removing mk60_cmt.o(.rev16_text), (4 bytes).
    Removing mk60_cmt.o(.revsh_text), (4 bytes).
    Removing mk60_cmt.o(i.cmt_pwm_duty), (56 bytes).
    Removing mk60_cmt.o(i.cmt_pwm_freq), (108 bytes).
    Removing mk60_cmt.o(i.cmt_pwm_init), (164 bytes).
    Removing mk60_cmt.o(.data), (2 bytes).
    Removing mk60_dac.o(.rev16_text), (4 bytes).
    Removing mk60_dac.o(.revsh_text), (4 bytes).
    Removing mk60_dac.o(i.dac_init), (84 bytes).
    Removing mk60_dac.o(i.dac_out), (28 bytes).
    Removing mk60_dac.o(.constdata), (8 bytes).
    Removing mk60_dma.o(.rev16_text), (4 bytes).
    Removing mk60_dma.o(.revsh_text), (4 bytes).
    Removing mk60_dma.o(i.dma_portx2buff_init), (420 bytes).
    Removing mk60_flash.o(.rev16_text), (4 bytes).
    Removing mk60_flash.o(.revsh_text), (4 bytes).
    Removing mk60_flash.o(i.FLASH_EraseSector), (52 bytes).
    Removing mk60_flash.o(i.FLASH_GetSectorSize), (6 bytes).
    Removing mk60_flash.o(i.FLASH_Init), (12 bytes).
    Removing mk60_flash.o(i.FLASH_WriteSector), (132 bytes).
    Removing mk60_flash.o(i.FlashCmdStart), (52 bytes).
    Removing mk60_flash.o(.data), (20 bytes).
    Removing mk60_ftm.o(.rev16_text), (4 bytes).
    Removing mk60_ftm.o(.revsh_text), (4 bytes).
    Removing mk60_ftm.o(i.FTM_port_mux), (404 bytes).
    Removing mk60_ftm.o(i.ftm_input_clean), (16 bytes).
    Removing mk60_ftm.o(i.ftm_input_get), (24 bytes).
    Removing mk60_ftm.o(i.ftm_input_init), (260 bytes).
    Removing mk60_ftm.o(i.ftm_pwm_duty), (128 bytes).
    Removing mk60_ftm.o(i.ftm_pwm_freq), (120 bytes).
    Removing mk60_ftm.o(i.ftm_pwm_init), (308 bytes).
    Removing mk60_ftm.o(i.ftm_quad_clean), (16 bytes).
    Removing mk60_ftm.o(i.ftm_quad_get), (20 bytes).
    Removing mk60_ftm.o(i.ftm_quad_init), (228 bytes).
    Removing mk60_ftm.o(.constdata), (16 bytes).
    Removing mk60_ftm.o(.data), (8 bytes).
    Removing mk60_gpio.o(.rev16_text), (4 bytes).
    Removing mk60_gpio.o(.revsh_text), (4 bytes).
    Removing mk60_gpio.o(i.gpio_ddr), (80 bytes).
    Removing mk60_gpio.o(i.gpio_get), (44 bytes).
    Removing mk60_gpio.o(i.gpio_set), (72 bytes).
    Removing mk60_gpio.o(i.gpio_turn), (40 bytes).
    Removing mk60_i2c.o(.rev16_text), (4 bytes).
    Removing mk60_i2c.o(.revsh_text), (4 bytes).
    Removing mk60_i2c.o(i.i2c_delay), (26 bytes).
    Removing mk60_i2c.o(i.i2c_init), (304 bytes).
    Removing mk60_i2c.o(i.i2c_read_reg), (324 bytes).
    Removing mk60_i2c.o(i.i2c_read_reg_bytes), (452 bytes).
    Removing mk60_i2c.o(i.i2c_write_reg), (204 bytes).
    Removing mk60_i2c.o(.constdata), (128 bytes).
    Removing mk60_i2c.o(.data), (20 bytes).
    Removing mk60_lptmr.o(.rev16_text), (4 bytes).
    Removing mk60_lptmr.o(.revsh_text), (4 bytes).
    Removing mk60_lptmr.o(i.lptmr_pulse_clean), (28 bytes).
    Removing mk60_lptmr.o(i.lptmr_pulse_get), (36 bytes).
    Removing mk60_lptmr.o(i.lptmr_pulse_init), (112 bytes).
    Removing mk60_pit.o(.rev16_text), (4 bytes).
    Removing mk60_pit.o(.revsh_text), (4 bytes).
    Removing mk60_pit.o(i.pit_close), (48 bytes).
    Removing mk60_pit.o(i.pit_delay), (128 bytes).
    Removing mk60_pit.o(i.pit_init), (92 bytes).
    Removing mk60_pit.o(i.pit_time_get), (84 bytes).
    Removing mk60_pit.o(i.pit_time_start), (92 bytes).
    Removing mk60_port.o(.rev16_text), (4 bytes).
    Removing mk60_port.o(.revsh_text), (4 bytes).
    Removing mk60_port.o(i.port_init_NoAlt), (84 bytes).
    Removing mk60_rtc.o(.rev16_text), (4 bytes).
    Removing mk60_rtc.o(.revsh_text), (4 bytes).
    Removing mk60_rtc.o(i.rtc_close_alarm), (20 bytes).
    Removing mk60_rtc.o(i.rtc_get_time), (12 bytes).
    Removing mk60_rtc.o(i.rtc_init), (96 bytes).
    Removing mk60_rtc.o(i.rtc_set_alarm), (56 bytes).
    Removing mk60_rtc.o(i.rtc_set_time), (32 bytes).
    Removing mk60_sdhc.o(.rev16_text), (4 bytes).
    Removing mk60_sdhc.o(.revsh_text), (4 bytes).
    Removing mk60_sdhc.o(i.sdhc_init), (188 bytes).
    Removing mk60_sdhc.o(i.sdhc_initcard), (592 bytes).
    Removing mk60_sdhc.o(i.sdhc_initgpio), (104 bytes).
    Removing mk60_sdhc.o(i.sdhc_ioc), (996 bytes).
    Removing mk60_sdhc.o(i.sdhc_isrunning), (24 bytes).
    Removing mk60_sdhc.o(i.sdhc_read), (276 bytes).
    Removing mk60_sdhc.o(i.sdhc_readblocks), (136 bytes).
    Removing mk60_sdhc.o(i.sdhc_sendcommand), (288 bytes).
    Removing mk60_sdhc.o(i.sdhc_setbaudrate), (232 bytes).
    Removing mk60_sdhc.o(i.sdhc_waitstatus), (24 bytes).
    Removing mk60_sdhc.o(i.sdhc_write), (272 bytes).
    Removing mk60_sdhc.o(i.sdhc_writeblocks), (356 bytes).
    Removing mk60_sdhc.o(.data), (4 bytes).
    Removing mk60_spi.o(.rev16_text), (4 bytes).
    Removing mk60_spi.o(.revsh_text), (4 bytes).
    Removing mk60_spi.o(i.spi_init), (812 bytes).
    Removing mk60_spi.o(i.spi_mosi), (264 bytes).
    Removing mk60_spi.o(i.spi_mosi_cmd), (492 bytes).
    Removing mk60_spi.o(.constdata), (64 bytes).
    Removing mk60_spi.o(.data), (12 bytes).
    Removing mk60_systick.o(.rev16_text), (4 bytes).
    Removing mk60_systick.o(.revsh_text), (4 bytes).
    Removing mk60_systick.o(i.systick_delay), (44 bytes).
    Removing mk60_systick.o(i.systick_delay_ms), (36 bytes).
    Removing mk60_systick.o(i.systick_getval), (8 bytes).
    Removing mk60_systick.o(i.systick_timing), (24 bytes).
    Removing mk60_uart.o(.rev16_text), (4 bytes).
    Removing mk60_uart.o(.revsh_text), (4 bytes).
    Removing mk60_uart.o(i.NVIC_DisableIRQ), (24 bytes).
    Removing mk60_uart.o(i.NVIC_EnableIRQ), (22 bytes).
    Removing mk60_uart.o(i.fputc), (18 bytes).
    Removing mk60_uart.o(i.uart_putbuff), (30 bytes).
    Removing mk60_uart.o(i.uart_putchar), (32 bytes).
    Removing mk60_uart.o(i.uart_putstr), (26 bytes).
    Removing mk60_uart.o(i.uart_querychar), (36 bytes).
    Removing mk60_uart.o(i.uart_rx_irq_dis), (68 bytes).
    Removing mk60_uart.o(i.uart_rx_irq_en), (56 bytes).
    Removing mk60_uart.o(i.uart_txc_irq_dis), (68 bytes).
    Removing mk60_uart.o(i.uart_txc_irq_en), (56 bytes).
    Removing mk60_wdog.o(.rev16_text), (4 bytes).
    Removing mk60_wdog.o(.revsh_text), (4 bytes).
    Removing mk60_wdog.o(i.wdog_disable), (24 bytes).
    Removing mk60_wdog.o(i.wdog_enable), (24 bytes).
    Removing mk60_wdog.o(i.wdog_feed), (36 bytes).
    Removing mk60_wdog.o(i.wdog_init_ms), (40 bytes).
    Removing mk60_wdog.o(i.wdog_unlock), (36 bytes).
    Removing task_control.o(.rev16_text), (4 bytes).
    Removing task_control.o(.revsh_text), (4 bytes).
    Removing task_camera.o(.rev16_text), (4 bytes).
    Removing task_camera.o(.revsh_text), (4 bytes).
    Removing task_ui.o(.rev16_text), (4 bytes).
    Removing task_ui.o(.revsh_text), (4 bytes).
    Removing isr.o(.rev16_text), (4 bytes).
    Removing isr.o(.revsh_text), (4 bytes).
    Removing main.o(.rev16_text), (4 bytes).
    Removing main.o(.revsh_text), (4 bytes).
    Removing task_init.o(.rev16_text), (4 bytes).
    Removing task_init.o(.revsh_text), (4 bytes).
    Removing seekfree_fun.o(.rev16_text), (4 bytes).
    Removing seekfree_fun.o(.revsh_text), (4 bytes).
    Removing seekfree_fun.o(i.limit), (70 bytes).
    Removing seekfree_fun.o(i.limit_ab), (14 bytes).
    Removing seekfree_fun.o(i.my_delay), (12 bytes).
    Removing seekfree_fun.o(i.myabs), (14 bytes).
    Removing seekfree_iic.o(.rev16_text), (4 bytes).
    Removing seekfree_iic.o(.revsh_text), (4 bytes).
    Removing seekfree_iic.o(i.I2C_SendACK), (62 bytes).
    Removing seekfree_iic.o(i.IIC_init), (40 bytes).
    Removing seekfree_iic.o(i.IIC_start), (44 bytes).
    Removing seekfree_iic.o(i.IIC_stop), (48 bytes).
    Removing seekfree_iic.o(i.SCCB_WaitAck), (86 bytes).
    Removing seekfree_iic.o(i.read_ch), (118 bytes).
    Removing seekfree_iic.o(i.read_ch1), (120 bytes).
    Removing seekfree_iic.o(i.send_ch), (76 bytes).
    Removing seekfree_iic.o(i.simiic_delay), (16 bytes).
    Removing seekfree_iic.o(i.simiic_read_reg), (72 bytes).
    Removing seekfree_iic.o(i.simiic_read_regs), (98 bytes).
    Removing seekfree_iic.o(i.simiic_write_reg), (42 bytes).
    Removing seekfree_iic.o(.data), (9 bytes).
    Removing seekfree_mpu6050.o(.rev16_text), (4 bytes).
    Removing seekfree_mpu6050.o(.revsh_text), (4 bytes).
    Removing seekfree_mpu6050.o(i.GetData), (38 bytes).
    Removing seekfree_mpu6050.o(i.Get_AccData), (52 bytes).
    Removing seekfree_mpu6050.o(i.Get_Gyro), (52 bytes).
    Removing seekfree_mpu6050.o(i.InitMPU6050), (74 bytes).
    Removing seekfree_mpu6050.o(.data), (12 bytes).
    Removing seekfree_mt9v032.o(.rev16_text), (4 bytes).
    Removing seekfree_mt9v032.o(.revsh_text), (4 bytes).
    Removing seekfree_mt9v032.o(i.NVIC_EnableIRQ), (22 bytes).
    Removing seekfree_mt9v032.o(i.camera_init), (328 bytes).
    Removing seekfree_mt9v032.o(i.get_config), (108 bytes).
    Removing seekfree_mt9v032.o(i.get_version), (76 bytes).
    Removing seekfree_mt9v032.o(i.seekfree_sendimg_032), (52 bytes).
    Removing seekfree_mt9v032.o(i.set_exposure_time), (80 bytes).
    Removing seekfree_mt9v032.o(i.set_mt9v032_reg), (124 bytes).
    Removing seekfree_nrf24l01.o(.rev16_text), (4 bytes).
    Removing seekfree_nrf24l01.o(.revsh_text), (4 bytes).
    Removing seekfree_nrf24l01.o(i.NRF_Dev_Init), (236 bytes).
    Removing seekfree_nrf24l01.o(i.NRF_Rece_Packet), (54 bytes).
    Removing seekfree_nrf24l01.o(i.NRF_SPI_R_Reg_Burst), (60 bytes).
    Removing seekfree_nrf24l01.o(i.NRF_SPI_R_Reg_Byte), (38 bytes).
    Removing seekfree_nrf24l01.o(i.NRF_SPI_WR_Byte), (58 bytes).
    Removing seekfree_nrf24l01.o(i.NRF_SPI_W_Cmd_Byte), (32 bytes).
    Removing seekfree_nrf24l01.o(i.NRF_SPI_W_Reg_Burst), (58 bytes).
    Removing seekfree_nrf24l01.o(i.NRF_SPI_W_Reg_Byte), (40 bytes).
    Removing seekfree_nrf24l01.o(i.NRF_Send_Packet), (136 bytes).
    Removing seekfree_nrf24l01.o(.bss), (64 bytes).
    Removing seekfree_nrf24l01.o(.data), (5 bytes).
    Removing seekfree_oled.o(.rev16_text), (4 bytes).
    Removing seekfree_oled.o(.revsh_text), (4 bytes).
    Removing seekfree_oled.o(i.OLED_ClrPixel), (72 bytes).
    Removing seekfree_oled.o(i.OLED_DLY_ms), (28 bytes).
    Removing seekfree_oled.o(i.OLED_Fill), (58 bytes).
    Removing seekfree_oled.o(i.OLED_HEXACSII), (48 bytes).
    Removing seekfree_oled.o(i.OLED_Init), (288 bytes).
    Removing seekfree_oled.o(i.OLED_P6x8Str), (100 bytes).
    Removing seekfree_oled.o(i.OLED_P8x16Str), (136 bytes).
    Removing seekfree_oled.o(i.OLED_Print_Num), (52 bytes).
    Removing seekfree_oled.o(i.OLED_Print_Num1), (92 bytes).
    Removing seekfree_oled.o(i.OLED_PutPixel), (72 bytes).
    Removing seekfree_oled.o(i.OLED_Set_Pos), (40 bytes).
    Removing seekfree_oled.o(i.OLED_Wr6Dat), (80 bytes).
    Removing seekfree_oled.o(i.OLED_WrCmd), (80 bytes).
    Removing seekfree_oled.o(i.OLED_WrDat), (80 bytes).
    Removing seekfree_oled.o(i.dis_bmp), (472 bytes).
    Removing seekfree_oled.o(.constdata), (2072 bytes).
    Removing seekfree_tsl1401.o(.rev16_text), (4 bytes).
    Removing seekfree_tsl1401.o(.revsh_text), (4 bytes).
    Removing seekfree_tsl1401.o(i.ccd_collect), (100 bytes).
    Removing seekfree_tsl1401.o(i.ccd_init), (88 bytes).
    Removing seekfree_tsl1401.o(.bss), (256 bytes).
    Removing font.o(.rev16_text), (4 bytes).
    Removing font.o(.revsh_text), (4 bytes).
    Removing font.o(.constdata), (3040 bytes).
    Removing diskio.o(.rev16_text), (4 bytes).
    Removing diskio.o(.revsh_text), (4 bytes).
    Removing diskio.o(i.disk_initialize), (18 bytes).
    Removing diskio.o(i.disk_ioctl), (80 bytes).
    Removing diskio.o(i.disk_read), (34 bytes).
    Removing diskio.o(i.disk_status), (16 bytes).
    Removing diskio.o(i.disk_write), (34 bytes).
    Removing ff.o(i.check_fs), (144 bytes).
    Removing ff.o(i.chk_chr), (24 bytes).
    Removing ff.o(i.chk_lock), (140 bytes).
    Removing ff.o(i.chk_mounted), (940 bytes).
    Removing ff.o(i.clear_lock), (48 bytes).
    Removing ff.o(i.clmt_clust), (50 bytes).
    Removing ff.o(i.clust2sect), (26 bytes).
    Removing ff.o(i.create_chain), (202 bytes).
    Removing ff.o(i.create_name), (368 bytes).
    Removing ff.o(i.dec_lock), (76 bytes).
    Removing ff.o(i.dir_alloc), (86 bytes).
    Removing ff.o(i.dir_find), (92 bytes).
    Removing ff.o(i.dir_next), (276 bytes).
    Removing ff.o(i.dir_read), (108 bytes).
    Removing ff.o(i.dir_register), (58 bytes).
    Removing ff.o(i.dir_remove), (44 bytes).
    Removing ff.o(i.dir_sdi), (156 bytes).
    Removing ff.o(i.enq_lock), (40 bytes).
    Removing ff.o(i.f_chdir), (84 bytes).
    Removing ff.o(i.f_chdrive), (24 bytes).
    Removing ff.o(i.f_chmod), (96 bytes).
    Removing ff.o(i.f_close), (32 bytes).
    Removing ff.o(i.f_getcwd), (300 bytes).
    Removing ff.o(i.f_getfree), (260 bytes).
    Removing ff.o(i.f_gets), (88 bytes).
    Removing ff.o(i.f_lseek), (732 bytes).
    Removing ff.o(i.f_mkdir), (362 bytes).
    Removing ff.o(i.f_mkfs), (1588 bytes).
    Removing ff.o(i.f_mount), (52 bytes).
    Removing ff.o(i.f_open), (406 bytes).
    Removing ff.o(i.f_opendir), (112 bytes).
    Removing ff.o(i.f_printf), (690 bytes).
    Removing ff.o(i.f_putc), (52 bytes).
    Removing ff.o(i.f_puts), (44 bytes).
    Removing ff.o(i.f_read), (474 bytes).
    Removing ff.o(i.f_readdir), (88 bytes).
    Removing ff.o(i.f_rename), (300 bytes).
    Removing ff.o(i.f_stat), (58 bytes).
    Removing ff.o(i.f_sync), (174 bytes).
    Removing ff.o(i.f_truncate), (154 bytes).
    Removing ff.o(i.f_unlink), (202 bytes).
    Removing ff.o(i.f_utime), (98 bytes).
    Removing ff.o(i.f_write), (542 bytes).
    Removing ff.o(i.follow_path), (176 bytes).
    Removing ff.o(i.get_fat), (228 bytes).
    Removing ff.o(i.get_fileinfo), (158 bytes).
    Removing ff.o(i.inc_lock), (220 bytes).
    Removing ff.o(i.ld_clust), (32 bytes).
    Removing ff.o(i.mem_cmp), (38 bytes).
    Removing ff.o(i.mem_cpy), (26 bytes).
    Removing ff.o(i.mem_set), (20 bytes).
    Removing ff.o(i.move_window), (50 bytes).
    Removing ff.o(i.put_fat), (310 bytes).
    Removing ff.o(i.remove_chain), (104 bytes).
    Removing ff.o(i.st_clust), (16 bytes).
    Removing ff.o(i.sync_fs), (200 bytes).
    Removing ff.o(i.sync_window), (82 bytes).
    Removing ff.o(i.validate), (54 bytes).
    Removing ff.o(.bss), (96 bytes).
    Removing ff.o(.constdata), (172 bytes).
    Removing ff.o(.data), (7 bytes).
    Removing event_groups.o(i.prvTestWaitCondition), (30 bytes).
    Removing event_groups.o(i.uxEventGroupGetNumber), (14 bytes).
    Removing event_groups.o(i.vEventGroupClearBitsCallback), (16 bytes).
    Removing event_groups.o(i.vEventGroupDelete), (82 bytes).
    Removing event_groups.o(i.vEventGroupSetBitsCallback), (16 bytes).
    Removing event_groups.o(i.vEventGroupSetNumber), (4 bytes).
    Removing event_groups.o(i.xEventGroupClearBits), (92 bytes).
    Removing event_groups.o(i.xEventGroupCreate), (26 bytes).
    Removing event_groups.o(i.xEventGroupGetBitsFromISR), (44 bytes).
    Removing event_groups.o(i.xEventGroupSetBits), (206 bytes).
    Removing event_groups.o(i.xEventGroupSync), (272 bytes).
    Removing event_groups.o(i.xEventGroupWaitBits), (344 bytes).
    Removing queue.o(i.pcQueueGetName), (44 bytes).
    Removing queue.o(i.prvGetDisinheritPriorityAfterTimeout), (20 bytes).
    Removing queue.o(i.prvInitialiseMutex), (30 bytes).
    Removing queue.o(i.ucQueueGetQueueType), (8 bytes).
    Removing queue.o(i.uxQueueGetQueueNumber), (6 bytes).
    Removing queue.o(i.uxQueueMessagesWaiting), (42 bytes).
    Removing queue.o(i.uxQueueMessagesWaitingFromISR), (34 bytes).
    Removing queue.o(i.uxQueueSpacesAvailable), (48 bytes).
    Removing queue.o(i.vQueueDelete), (44 bytes).
    Removing queue.o(i.vQueueSetQueueNumber), (4 bytes).
    Removing queue.o(i.vQueueUnregisterQueue), (48 bytes).
    Removing queue.o(i.xQueueCreateCountingSemaphore), (92 bytes).
    Removing queue.o(i.xQueueCreateMutex), (34 bytes).
    Removing queue.o(i.xQueueGiveFromISR), (224 bytes).
    Removing queue.o(i.xQueueGiveMutexRecursive), (72 bytes).
    Removing queue.o(i.xQueueIsQueueEmptyFromISR), (42 bytes).
    Removing queue.o(i.xQueueIsQueueFullFromISR), (46 bytes).
    Removing queue.o(i.xQueuePeek), (368 bytes).
    Removing queue.o(i.xQueuePeekFromISR), (176 bytes).
    Removing queue.o(i.xQueueReceiveFromISR), (202 bytes).
    Removing queue.o(i.xQueueSemaphoreTake), (440 bytes).
    Removing queue.o(i.xQueueTakeMutexRecursive), (78 bytes).
    Removing tasks.o(i.eTaskGetState), (148 bytes).
    Removing tasks.o(i.pcTaskGetName), (48 bytes).
    Removing tasks.o(i.prvListTasksWithinSingleList), (106 bytes).
    Removing tasks.o(i.prvTaskCheckFreeStackSpace), (22 bytes).
    Removing tasks.o(i.prvTaskIsTaskSuspended), (88 bytes).
    Removing tasks.o(i.pvTaskIncrementMutexHeldCount), (32 bytes).
    Removing tasks.o(i.ulTaskNotifyTake), (116 bytes).
    Removing tasks.o(i.uxTaskGetNumberOfTasks), (12 bytes).
    Removing tasks.o(i.uxTaskGetSystemState), (176 bytes).
    Removing tasks.o(i.uxTaskGetTaskNumber), (14 bytes).
    Removing tasks.o(i.uxTaskPriorityGet), (36 bytes).
    Removing tasks.o(i.uxTaskPriorityGetFromISR), (68 bytes).
    Removing tasks.o(i.uxTaskResetEventItemValue), (28 bytes).
    Removing tasks.o(i.vTaskDelay), (92 bytes).
    Removing tasks.o(i.vTaskDelayUntil), (212 bytes).
    Removing tasks.o(i.vTaskEndScheduler), (36 bytes).
    Removing tasks.o(i.vTaskGetInfo), (132 bytes).
    Removing tasks.o(i.vTaskNotifyGiveFromISR), (240 bytes).
    Removing tasks.o(i.vTaskPlaceOnUnorderedEventList), (108 bytes).
    Removing tasks.o(i.vTaskPriorityDisinheritAfterTimeout), (244 bytes).
    Removing tasks.o(i.vTaskPrioritySet), (276 bytes).
    Removing tasks.o(i.vTaskRemoveFromUnorderedEventList), (164 bytes).
    Removing tasks.o(i.vTaskResume), (144 bytes).
    Removing tasks.o(i.vTaskSetTaskNumber), (8 bytes).
    Removing tasks.o(i.vTaskSetTimeOutState), (60 bytes).
    Removing tasks.o(i.vTaskSuspend), (244 bytes).
    Removing tasks.o(i.xTaskGenericNotify), (296 bytes).
    Removing tasks.o(i.xTaskGenericNotifyFromISR), (360 bytes).
    Removing tasks.o(i.xTaskGetCurrentTaskHandle), (12 bytes).
    Removing tasks.o(i.xTaskGetTickCountFromISR), (20 bytes).
    Removing tasks.o(i.xTaskNotifyStateClear), (52 bytes).
    Removing tasks.o(i.xTaskNotifyWait), (160 bytes).
    Removing tasks.o(i.xTaskPriorityInherit), (200 bytes).
    Removing tasks.o(i.xTaskResumeFromISR), (180 bytes).
    Removing timers.o(i.pcTimerGetName), (32 bytes).
    Removing timers.o(i.prvInitialiseNewTimer), (90 bytes).
    Removing timers.o(i.pvTimerGetTimerID), (44 bytes).
    Removing timers.o(i.uxTimerGetTimerNumber), (6 bytes).
    Removing timers.o(i.vTimerSetReloadMode), (70 bytes).
    Removing timers.o(i.vTimerSetTimerID), (44 bytes).
    Removing timers.o(i.vTimerSetTimerNumber), (4 bytes).
    Removing timers.o(i.xTimerCreate), (54 bytes).
    Removing timers.o(i.xTimerGetExpiryTime), (34 bytes).
    Removing timers.o(i.xTimerGetPeriod), (32 bytes).
    Removing timers.o(i.xTimerGetTimerDaemonTaskHandle), (48 bytes).
    Removing timers.o(i.xTimerIsTimerActive), (58 bytes).
    Removing heap_4.o(i.vPortInitialiseBlocks), (2 bytes).
    Removing heap_4.o(i.xPortGetFreeHeapSize), (12 bytes).
    Removing heap_4.o(i.xPortGetMinimumEverFreeHeapSize), (12 bytes).
    Removing port.o(i.vPortEndScheduler), (48 bytes).
    Removing cpustate.o(i.OSStatInit), (84 bytes).
    Removing cpustate.o(i.OS_TaskStat), (160 bytes).

378 unused section(s) (total 42301 bytes) removed from the image.

==============================================================================

Image Symbol Table

    Local Symbols

    Symbol Name                              Value     Ov Type        Size  Object(Section)

    RESET                                    0x00000000   Section     1024  startup_mk66f18.o(RESET)
    ../clib/microlib/init/entry.s            0x00000000   Number         0  entry9b.o ABSOLUTE
    ../clib/microlib/init/entry.s            0x00000000   Number         0  entry10a.o ABSOLUTE
    ../clib/microlib/init/entry.s            0x00000000   Number         0  entry10b.o ABSOLUTE
    ../clib/microlib/init/entry.s            0x00000000   Number         0  entry11a.o ABSOLUTE
    ../clib/microlib/init/entry.s            0x00000000   Number         0  entry11b.o ABSOLUTE
    ../clib/microlib/init/entry.s            0x00000000   Number         0  entry.o ABSOLUTE
    ../clib/microlib/init/entry.s            0x00000000   Number         0  entry7b.o ABSOLUTE
    ../clib/microlib/init/entry.s            0x00000000   Number         0  entry2.o ABSOLUTE
    ../clib/microlib/init/entry.s            0x00000000   Number         0  entry5.o ABSOLUTE
    ../clib/microlib/init/entry.s            0x00000000   Number         0  entry7a.o ABSOLUTE
    ../clib/microlib/init/entry.s            0x00000000   Number         0  entry8a.o ABSOLUTE
    ../clib/microlib/init/entry.s            0x00000000   Number         0  entry8b.o ABSOLUTE
    ../clib/microlib/init/entry.s            0x00000000   Number         0  entry9a.o ABSOLUTE
    ../clib/microlib/malloc/malloc.c         0x00000000   Number         0  mallocr.o ABSOLUTE
    ../clib/microlib/malloc/malloc.c         0x00000000   Number         0  malloc.o ABSOLUTE
    ../clib/microlib/malloc/malloc.c         0x00000000   Number         0  malloca.o ABSOLUTE
    ../clib/microlib/malloc/malloc.c         0x00000000   Number         0  mallocra.o ABSOLUTE
    ../clib/microlib/malloc/mvars.c          0x00000000   Number         0  mvars.o ABSOLUTE
    ../clib/microlib/string/memcpy.c         0x00000000   Number         0  memcpyb.o ABSOLUTE
    ../clib/microlib/string/memcpy.c         0x00000000   Number         0  memcpya.o ABSOLUTE
    ../clib/microlib/string/memset.c         0x00000000   Number         0  memseta.o ABSOLUTE
    ..\..\FreeRTOS\croutine.c                0x00000000   Number         0  croutine.o ABSOLUTE
    ..\..\FreeRTOS\event_groups.c            0x00000000   Number         0  event_groups.o ABSOLUTE
    ..\..\FreeRTOS\list.c                    0x00000000   Number         0  list.o ABSOLUTE
    ..\..\FreeRTOS\portable\MemMang\heap_4.c 0x00000000   Number         0  heap_4.o ABSOLUTE
    ..\..\FreeRTOS\portable\RVDS\ARM_CM4F\port.c 0x00000000   Number         0  port.o ABSOLUTE
    ..\..\FreeRTOS\queue.c                   0x00000000   Number         0  queue.o ABSOLUTE
    ..\..\FreeRTOS\tasks.c                   0x00000000   Number         0  tasks.o ABSOLUTE
    ..\..\FreeRTOS\timers.c                  0x00000000   Number         0  timers.o ABSOLUTE
    ..\..\Libraries\FatFs\diskio.c           0x00000000   Number         0  diskio.o ABSOLUTE
    ..\..\Libraries\FatFs\ff.c               0x00000000   Number         0  ff.o ABSOLUTE
    ..\..\Libraries\drives\src\MK60_adc.c    0x00000000   Number         0  mk60_adc.o ABSOLUTE
    ..\..\Libraries\drives\src\MK60_cmt.c    0x00000000   Number         0  mk60_cmt.o ABSOLUTE
    ..\..\Libraries\drives\src\MK60_dac.c    0x00000000   Number         0  mk60_dac.o ABSOLUTE
    ..\..\Libraries\drives\src\MK60_dma.c    0x00000000   Number         0  mk60_dma.o ABSOLUTE
    ..\..\Libraries\drives\src\MK60_flash.c  0x00000000   Number         0  mk60_flash.o ABSOLUTE
    ..\..\Libraries\drives\src\MK60_ftm.c    0x00000000   Number         0  mk60_ftm.o ABSOLUTE
    ..\..\Libraries\drives\src\MK60_gpio.c   0x00000000   Number         0  mk60_gpio.o ABSOLUTE
    ..\..\Libraries\drives\src\MK60_i2c.c    0x00000000   Number         0  mk60_i2c.o ABSOLUTE
    ..\..\Libraries\drives\src\MK60_lptmr.c  0x00000000   Number         0  mk60_lptmr.o ABSOLUTE
    ..\..\Libraries\drives\src\MK60_pit.c    0x00000000   Number         0  mk60_pit.o ABSOLUTE
    ..\..\Libraries\drives\src\MK60_port.c   0x00000000   Number         0  mk60_port.o ABSOLUTE
    ..\..\Libraries\drives\src\MK60_rtc.c    0x00000000   Number         0  mk60_rtc.o ABSOLUTE
    ..\..\Libraries\drives\src\MK60_sdhc.c   0x00000000   Number         0  mk60_sdhc.o ABSOLUTE
    ..\..\Libraries\drives\src\MK60_spi.c    0x00000000   Number         0  mk60_spi.o ABSOLUTE
    ..\..\Libraries\drives\src\MK60_systick.c 0x00000000   Number         0  mk60_systick.o ABSOLUTE
    ..\..\Libraries\drives\src\MK60_uart.c   0x00000000   Number         0  mk60_uart.o ABSOLUTE
    ..\..\Libraries\drives\src\MK60_wdog.c   0x00000000   Number         0  mk60_wdog.o ABSOLUTE
    ..\..\Libraries\drives\src\common.c      0x00000000   Number         0  common.o ABSOLUTE
    ..\..\Libraries\drives\src\misc.c        0x00000000   Number         0  misc.o ABSOLUTE
    ..\..\Libraries\seekfree\SEEKFREE_FUN.c  0x00000000   Number         0  seekfree_fun.o ABSOLUTE
    ..\..\Libraries\seekfree\SEEKFREE_IIC.c  0x00000000   Number         0  seekfree_iic.o ABSOLUTE
    ..\..\Libraries\seekfree\SEEKFREE_MPU6050.c 0x00000000   Number         0  seekfree_mpu6050.o ABSOLUTE
    ..\..\Libraries\seekfree\SEEKFREE_MT9V032.c 0x00000000   Number         0  seekfree_mt9v032.o ABSOLUTE
    ..\..\Libraries\seekfree\SEEKFREE_NRF24L01.c 0x00000000   Number         0  seekfree_nrf24l01.o ABSOLUTE
    ..\..\Libraries\seekfree\SEEKFREE_OLED.c 0x00000000   Number         0  seekfree_oled.o ABSOLUTE
    ..\..\Libraries\seekfree\SEEKFREE_TSL1401.c 0x00000000   Number         0  seekfree_tsl1401.o ABSOLUTE
    ..\..\Libraries\seekfree\font.c          0x00000000   Number         0  font.o ABSOLUTE
    ..\..\Libraries\startup\DeviceSupport\MDK-ARM\startup_MK66F18.s 0x00000000   Number         0  startup_mk66f18.o ABSOLUTE
    ..\..\Libraries\startup\DeviceSupport\system_MK66.c 0x00000000   Number         0  system_mk66.o ABSOLUTE
    ..\USER\cpustate.c                       0x00000000   Number         0  cpustate.o ABSOLUTE
    ..\USER\src\isr.c                        0x00000000   Number         0  isr.o ABSOLUTE
    ..\USER\src\main.c                       0x00000000   Number         0  main.o ABSOLUTE
    ..\\..\\FreeRTOS\\portable\\RVDS\\ARM_CM4F\\port.c 0x00000000   Number         0  port.o ABSOLUTE
    ..\\..\\Libraries\\FatFs\\diskio.c       0x00000000   Number         0  diskio.o ABSOLUTE
    ..\\..\\Libraries\\drives\\src\\MK60_adc.c 0x00000000   Number         0  mk60_adc.o ABSOLUTE
    ..\\..\\Libraries\\drives\\src\\MK60_cmt.c 0x00000000   Number         0  mk60_cmt.o ABSOLUTE
    ..\\..\\Libraries\\drives\\src\\MK60_dac.c 0x00000000   Number         0  mk60_dac.o ABSOLUTE
    ..\\..\\Libraries\\drives\\src\\MK60_dma.c 0x00000000   Number         0  mk60_dma.o ABSOLUTE
    ..\\..\\Libraries\\drives\\src\\MK60_flash.c 0x00000000   Number         0  mk60_flash.o ABSOLUTE
    ..\\..\\Libraries\\drives\\src\\MK60_ftm.c 0x00000000   Number         0  mk60_ftm.o ABSOLUTE
    ..\\..\\Libraries\\drives\\src\\MK60_gpio.c 0x00000000   Number         0  mk60_gpio.o ABSOLUTE
    ..\\..\\Libraries\\drives\\src\\MK60_i2c.c 0x00000000   Number         0  mk60_i2c.o ABSOLUTE
    ..\\..\\Libraries\\drives\\src\\MK60_lptmr.c 0x00000000   Number         0  mk60_lptmr.o ABSOLUTE
    ..\\..\\Libraries\\drives\\src\\MK60_pit.c 0x00000000   Number         0  mk60_pit.o ABSOLUTE
    ..\\..\\Libraries\\drives\\src\\MK60_port.c 0x00000000   Number         0  mk60_port.o ABSOLUTE
    ..\\..\\Libraries\\drives\\src\\MK60_rtc.c 0x00000000   Number         0  mk60_rtc.o ABSOLUTE
    ..\\..\\Libraries\\drives\\src\\MK60_sdhc.c 0x00000000   Number         0  mk60_sdhc.o ABSOLUTE
    ..\\..\\Libraries\\drives\\src\\MK60_spi.c 0x00000000   Number         0  mk60_spi.o ABSOLUTE
    ..\\..\\Libraries\\drives\\src\\MK60_systick.c 0x00000000   Number         0  mk60_systick.o ABSOLUTE
    ..\\..\\Libraries\\drives\\src\\MK60_uart.c 0x00000000   Number         0  mk60_uart.o ABSOLUTE
    ..\\..\\Libraries\\drives\\src\\MK60_wdog.c 0x00000000   Number         0  mk60_wdog.o ABSOLUTE
    ..\\..\\Libraries\\drives\\src\\common.c 0x00000000   Number         0  common.o ABSOLUTE
    ..\\..\\Libraries\\drives\\src\\misc.c   0x00000000   Number         0  misc.o ABSOLUTE
    ..\\..\\Libraries\\seekfree\\SEEKFREE_FUN.c 0x00000000   Number         0  seekfree_fun.o ABSOLUTE
    ..\\..\\Libraries\\seekfree\\SEEKFREE_IIC.c 0x00000000   Number         0  seekfree_iic.o ABSOLUTE
    ..\\..\\Libraries\\seekfree\\SEEKFREE_MPU6050.c 0x00000000   Number         0  seekfree_mpu6050.o ABSOLUTE
    ..\\..\\Libraries\\seekfree\\SEEKFREE_MT9V032.c 0x00000000   Number         0  seekfree_mt9v032.o ABSOLUTE
    ..\\..\\Libraries\\seekfree\\SEEKFREE_NRF24L01.c 0x00000000   Number         0  seekfree_nrf24l01.o ABSOLUTE
    ..\\..\\Libraries\\seekfree\\SEEKFREE_OLED.c 0x00000000   Number         0  seekfree_oled.o ABSOLUTE
    ..\\..\\Libraries\\seekfree\\SEEKFREE_TSL1401.c 0x00000000   Number         0  seekfree_tsl1401.o ABSOLUTE
    ..\\..\\Libraries\\seekfree\\font.c      0x00000000   Number         0  font.o ABSOLUTE
    ..\\..\\Libraries\\startup\\DeviceSupport\\system_MK66.c 0x00000000   Number         0  system_mk66.o ABSOLUTE
    ..\\USER\\src\\isr.c                     0x00000000   Number         0  isr.o ABSOLUTE
    ..\\USER\\src\\main.c                    0x00000000   Number         0  main.o ABSOLUTE
    dc.s                                     0x00000000   Number         0  dc.o ABSOLUTE
    handlers.s                               0x00000000   Number         0  handlers.o ABSOLUTE
    init.s                                   0x00000000   Number         0  init.o ABSOLUTE
    task_UI.c                                0x00000000   Number         0  task_ui.o ABSOLUTE
    task_UI.c                                0x00000000   Number         0  task_ui.o ABSOLUTE
    task_camera.c                            0x00000000   Number         0  task_camera.o ABSOLUTE
    task_camera.c                            0x00000000   Number         0  task_camera.o ABSOLUTE
    task_control.c                           0x00000000   Number         0  task_control.o ABSOLUTE
    task_control.c                           0x00000000   Number         0  task_control.o ABSOLUTE
    task_init.c                              0x00000000   Number         0  task_init.o ABSOLUTE
    task_init.c                              0x00000000   Number         0  task_init.o ABSOLUTE
    .ARM.__at_0x400                          0x00000400   Section       16  startup_mk66f18.o(.ARM.__at_0x400)
    .ARM.Collect$$$$00000000                 0x00000410   Section        0  entry.o(.ARM.Collect$$$$00000000)
    .ARM.Collect$$$$00000001                 0x00000410   Section        4  entry2.o(.ARM.Collect$$$$00000001)
    .ARM.Collect$$$$00000004                 0x00000414   Section        4  entry5.o(.ARM.Collect$$$$00000004)
    .ARM.Collect$$$$00000008                 0x00000418   Section        0  entry7b.o(.ARM.Collect$$$$00000008)
    .ARM.Collect$$$$0000000A                 0x00000418   Section        0  entry8b.o(.ARM.Collect$$$$0000000A)
    .ARM.Collect$$$$0000000B                 0x00000418   Section        8  entry9a.o(.ARM.Collect$$$$0000000B)
    .ARM.Collect$$$$0000000D                 0x00000420   Section        0  entry10a.o(.ARM.Collect$$$$0000000D)
    .ARM.Collect$$$$0000000F                 0x00000420   Section        0  entry11a.o(.ARM.Collect$$$$0000000F)
    .ARM.Collect$$$$00002712                 0x00000420   Section        4  entry2.o(.ARM.Collect$$$$00002712)
    __lit__00000000                          0x00000420   Data           4  entry2.o(.ARM.Collect$$$$00002712)
    .emb_text                                0x00000424   Section      190  port.o(.emb_text)
    $v0                                      0x00000424   Number         0  port.o(.emb_text)
    .text                                    0x000004e4   Section       40  startup_mk66f18.o(.text)
    $v0                                      0x000004e4   Number         0  startup_mk66f18.o(.text)
    .text                                    0x0000050c   Section        0  memcpya.o(.text)
    .text                                    0x00000530   Section        0  memseta.o(.text)
    .text                                    0x00000554   Section       36  init.o(.text)
    i.DMA0_IRQHandler                        0x00000578   Section        0  isr.o(i.DMA0_IRQHandler)
    i.Disable_Wdog                           0x00000590   Section        0  system_mk66.o(i.Disable_Wdog)
    i.NMI_Handler                            0x000005ac   Section        0  system_mk66.o(i.NMI_Handler)
    i.PIT0_IRQHandler                        0x000005b0   Section        0  isr.o(i.PIT0_IRQHandler)
    i.PORTA_IRQHandler                       0x000005c4   Section        0  isr.o(i.PORTA_IRQHandler)
    i.PORTC_IRQHandler                       0x000005d4   Section        0  isr.o(i.PORTC_IRQHandler)
    i.SYSTEM_CLK                             0x000005e8   Section        0  system_mk66.o(i.SYSTEM_CLK)
    i.Start                                  0x000006a0   Section        0  system_mk66.o(i.Start)
    i.SysTick_Handler                        0x000006c8   Section        0  port.o(i.SysTick_Handler)
    i.Task_Camera                            0x000006fc   Section        0  task_camera.o(i.Task_Camera)
    i.Task_Control                           0x000006fe   Section        0  task_control.o(i.Task_Control)
    i.Task_Init                              0x00000700   Section        0  task_init.o(i.Task_Init)
    i.Task_UI                                0x00000794   Section        0  task_ui.o(i.Task_UI)
    i.UART3_RX_TX_IRQHandler                 0x00000798   Section        0  isr.o(i.UART3_RX_TX_IRQHandler)
    i.UART4_RX_TX_IRQHandler                 0x000007b4   Section        0  isr.o(i.UART4_RX_TX_IRQHandler)
    i.VSYNC                                  0x000007c4   Section        0  seekfree_mt9v032.o(i.VSYNC)
    i.__scatterload_copy                     0x0000081c   Section       14  handlers.o(i.__scatterload_copy)
    i.__scatterload_null                     0x0000082a   Section        2  handlers.o(i.__scatterload_null)
    i.__scatterload_zeroinit                 0x0000082c   Section       14  handlers.o(i.__scatterload_zeroinit)
    i.div_set                                0x0000083c   Section        0  system_mk66.o(i.div_set)
    i.get_clk                                0x00000888   Section        0  common.o(i.get_clk)
    i.gpio_init                              0x000008fc   Section        0  mk60_gpio.o(i.gpio_init)
    i.main                                   0x000009d0   Section        0  main.o(i.main)
    i.mt9v032_cof_uart_interrupt             0x00000a08   Section        0  seekfree_mt9v032.o(i.mt9v032_cof_uart_interrupt)
    i.port_init                              0x00000a58   Section        0  mk60_port.o(i.port_init)
    i.prvAddCurrentTaskToDelayedList         0x00000acc   Section        0  tasks.o(i.prvAddCurrentTaskToDelayedList)
    prvAddCurrentTaskToDelayedList           0x00000acd   Thumb Code   124  tasks.o(i.prvAddCurrentTaskToDelayedList)
    i.prvAddNewTaskToReadyList               0x00000b64   Section        0  tasks.o(i.prvAddNewTaskToReadyList)
    prvAddNewTaskToReadyList                 0x00000b65   Thumb Code   156  tasks.o(i.prvAddNewTaskToReadyList)
    i.prvCheckForValidListAndQueue           0x00000c1c   Section        0  timers.o(i.prvCheckForValidListAndQueue)
    prvCheckForValidListAndQueue             0x00000c1d   Thumb Code    72  timers.o(i.prvCheckForValidListAndQueue)
    i.prvCheckTasksWaitingTermination        0x00000c80   Section        0  tasks.o(i.prvCheckTasksWaitingTermination)
    prvCheckTasksWaitingTermination          0x00000c81   Thumb Code    60  tasks.o(i.prvCheckTasksWaitingTermination)
    i.prvCopyDataFromQueue                   0x00000cc8   Section        0  queue.o(i.prvCopyDataFromQueue)
    prvCopyDataFromQueue                     0x00000cc9   Thumb Code    42  queue.o(i.prvCopyDataFromQueue)
    i.prvCopyDataToQueue                     0x00000cf2   Section        0  queue.o(i.prvCopyDataToQueue)
    prvCopyDataToQueue                       0x00000cf3   Thumb Code   126  queue.o(i.prvCopyDataToQueue)
    i.prvDeleteTCB                           0x00000d70   Section        0  tasks.o(i.prvDeleteTCB)
    prvDeleteTCB                             0x00000d71   Thumb Code    18  tasks.o(i.prvDeleteTCB)
    i.prvGetNextExpireTime                   0x00000d84   Section        0  timers.o(i.prvGetNextExpireTime)
    prvGetNextExpireTime                     0x00000d85   Thumb Code    36  timers.o(i.prvGetNextExpireTime)
    i.prvHeapInit                            0x00000dac   Section        0  heap_4.o(i.prvHeapInit)
    prvHeapInit                              0x00000dad   Thumb Code    98  heap_4.o(i.prvHeapInit)
    i.prvIdleTask                            0x00000e28   Section        0  tasks.o(i.prvIdleTask)
    prvIdleTask                              0x00000e29   Thumb Code    36  tasks.o(i.prvIdleTask)
    i.prvInitialiseNewQueue                  0x00000e54   Section        0  queue.o(i.prvInitialiseNewQueue)
    prvInitialiseNewQueue                    0x00000e55   Thumb Code    42  queue.o(i.prvInitialiseNewQueue)
    i.prvInitialiseNewTask                   0x00000e7e   Section        0  tasks.o(i.prvInitialiseNewTask)
    prvInitialiseNewTask                     0x00000e7f   Thumb Code   190  tasks.o(i.prvInitialiseNewTask)
    i.prvInitialiseTaskLists                 0x00000f3c   Section        0  tasks.o(i.prvInitialiseTaskLists)
    prvInitialiseTaskLists                   0x00000f3d   Thumb Code    70  tasks.o(i.prvInitialiseTaskLists)
    i.prvInsertBlockIntoFreeList             0x00000fa4   Section        0  heap_4.o(i.prvInsertBlockIntoFreeList)
    prvInsertBlockIntoFreeList               0x00000fa5   Thumb Code    96  heap_4.o(i.prvInsertBlockIntoFreeList)
    i.prvInsertTimerInActiveList             0x0000100c   Section        0  timers.o(i.prvInsertTimerInActiveList)
    prvInsertTimerInActiveList               0x0000100d   Thumb Code    80  timers.o(i.prvInsertTimerInActiveList)
    i.prvIsQueueEmpty                        0x00001064   Section        0  queue.o(i.prvIsQueueEmpty)
    prvIsQueueEmpty                          0x00001065   Thumb Code    26  queue.o(i.prvIsQueueEmpty)
    i.prvIsQueueFull                         0x0000107e   Section        0  queue.o(i.prvIsQueueFull)
    prvIsQueueFull                           0x0000107f   Thumb Code    30  queue.o(i.prvIsQueueFull)
    i.prvProcessExpiredTimer                 0x0000109c   Section        0  timers.o(i.prvProcessExpiredTimer)
    prvProcessExpiredTimer                   0x0000109d   Thumb Code   110  timers.o(i.prvProcessExpiredTimer)
    i.prvProcessReceivedCommands             0x00001110   Section        0  timers.o(i.prvProcessReceivedCommands)
    prvProcessReceivedCommands               0x00001111   Thumb Code   308  timers.o(i.prvProcessReceivedCommands)
    i.prvProcessTimerOrBlockTask             0x00001248   Section        0  timers.o(i.prvProcessTimerOrBlockTask)
    prvProcessTimerOrBlockTask               0x00001249   Thumb Code   102  timers.o(i.prvProcessTimerOrBlockTask)
    i.prvResetNextTaskUnblockTime            0x000012bc   Section        0  tasks.o(i.prvResetNextTaskUnblockTime)
    prvResetNextTaskUnblockTime              0x000012bd   Thumb Code    42  tasks.o(i.prvResetNextTaskUnblockTime)
    i.prvSampleTimeNow                       0x000012f0   Section        0  timers.o(i.prvSampleTimeNow)
    prvSampleTimeNow                         0x000012f1   Thumb Code    40  timers.o(i.prvSampleTimeNow)
    i.prvSwitchTimerLists                    0x0000131c   Section        0  timers.o(i.prvSwitchTimerLists)
    prvSwitchTimerLists                      0x0000131d   Thumb Code   154  timers.o(i.prvSwitchTimerLists)
    i.prvTaskExitError                       0x000013c0   Section        0  port.o(i.prvTaskExitError)
    prvTaskExitError                         0x000013c1   Thumb Code    60  port.o(i.prvTaskExitError)
    i.prvTimerTask                           0x00001400   Section        0  timers.o(i.prvTimerTask)
    prvTimerTask                             0x00001401   Thumb Code    26  timers.o(i.prvTimerTask)
    i.prvUnlockQueue                         0x0000141a   Section        0  queue.o(i.prvUnlockQueue)
    prvUnlockQueue                           0x0000141b   Thumb Code   126  queue.o(i.prvUnlockQueue)
    i.pvPortMalloc                           0x00001498   Section        0  heap_4.o(i.pvPortMalloc)
    i.pxPortInitialiseStack                  0x000015d4   Section        0  port.o(i.pxPortInitialiseStack)
    i.row_finished                           0x00001600   Section        0  seekfree_mt9v032.o(i.row_finished)
    i.uart_getchar                           0x0000160c   Section        0  mk60_uart.o(i.uart_getchar)
    i.uart_init                              0x00001630   Section        0  mk60_uart.o(i.uart_init)
    i.uxListRemove                           0x00001808   Section        0  list.o(i.uxListRemove)
    i.vApplicationIdleHook                   0x00001830   Section        0  cpustate.o(i.vApplicationIdleHook)
    i.vListInitialise                        0x0000184c   Section        0  list.o(i.vListInitialise)
    i.vListInitialiseItem                    0x00001866   Section        0  list.o(i.vListInitialiseItem)
    i.vListInsert                            0x0000186c   Section        0  list.o(i.vListInsert)
    i.vListInsertEnd                         0x000018a0   Section        0  list.o(i.vListInsertEnd)
    i.vPortEnterCritical                     0x000018b8   Section        0  port.o(i.vPortEnterCritical)
    i.vPortExitCritical                      0x0000190c   Section        0  port.o(i.vPortExitCritical)
    i.vPortFree                              0x00001948   Section        0  heap_4.o(i.vPortFree)
    i.vPortSetupTimerInterrupt               0x000019dc   Section        0  port.o(i.vPortSetupTimerInterrupt)
    i.vPortValidateInterruptPriority         0x000019f4   Section        0  port.o(i.vPortValidateInterruptPriority)
    i.vQueueAddToRegistry                    0x00001a6c   Section        0  queue.o(i.vQueueAddToRegistry)
    i.vQueueWaitForMessageRestricted         0x00001a98   Section        0  queue.o(i.vQueueWaitForMessageRestricted)
    i.vTaskDelete                            0x00001ae4   Section        0  tasks.o(i.vTaskDelete)
    i.vTaskInternalSetTimeOutState           0x00001bd8   Section        0  tasks.o(i.vTaskInternalSetTimeOutState)
    i.vTaskMissedYield                       0x00001bf0   Section        0  tasks.o(i.vTaskMissedYield)
    i.vTaskPlaceOnEventList                  0x00001bfc   Section        0  tasks.o(i.vTaskPlaceOnEventList)
    i.vTaskPlaceOnEventListRestricted        0x00001c34   Section        0  tasks.o(i.vTaskPlaceOnEventListRestricted)
    i.vTaskStartScheduler                    0x00001c74   Section        0  tasks.o(i.vTaskStartScheduler)
    i.vTaskSuspendAll                        0x00001d08   Section        0  tasks.o(i.vTaskSuspendAll)
    i.vTaskSwitchContext                     0x00001d18   Section        0  tasks.o(i.vTaskSwitchContext)
    i.xPortStartScheduler                    0x00001da4   Section        0  port.o(i.xPortStartScheduler)
    i.xQueueGenericCreate                    0x00001f0c   Section        0  queue.o(i.xQueueGenericCreate)
    i.xQueueGenericReset                     0x00001f68   Section        0  queue.o(i.xQueueGenericReset)
    i.xQueueGenericSend                      0x00002000   Section        0  queue.o(i.xQueueGenericSend)
    i.xQueueGenericSendFromISR               0x000021a8   Section        0  queue.o(i.xQueueGenericSendFromISR)
    i.xQueueReceive                          0x000022a0   Section        0  queue.o(i.xQueueReceive)
    i.xTaskCheckForTimeOut                   0x00002408   Section        0  tasks.o(i.xTaskCheckForTimeOut)
    i.xTaskCreate                            0x00002494   Section        0  tasks.o(i.xTaskCreate)
    i.xTaskGetSchedulerState                 0x000024f4   Section        0  tasks.o(i.xTaskGetSchedulerState)
    i.xTaskGetTickCount                      0x00002514   Section        0  tasks.o(i.xTaskGetTickCount)
    i.xTaskIncrementTick                     0x00002520   Section        0  tasks.o(i.xTaskIncrementTick)
    i.xTaskPriorityDisinherit                0x00002668   Section        0  tasks.o(i.xTaskPriorityDisinherit)
    i.xTaskRemoveFromEventList               0x00002730   Section        0  tasks.o(i.xTaskRemoveFromEventList)
    i.xTaskResumeAll                         0x000027c8   Section        0  tasks.o(i.xTaskResumeAll)
    i.xTimerCreateTimerTask                  0x000028cc   Section        0  timers.o(i.xTimerCreateTimerTask)
    i.xTimerGenericCommand                   0x00002920   Section        0  timers.o(i.xTimerGenericCommand)
    .constdata                               0x000029a4   Section       40  mk60_gpio.o(.constdata)
    PORTX                                    0x000029a4   Data          20  mk60_gpio.o(.constdata)
    GPIOX                                    0x000029b8   Data          20  mk60_gpio.o(.constdata)
    .constdata                               0x000029cc   Section       40  mk60_port.o(.constdata)
    PORTX                                    0x000029cc   Data          20  mk60_port.o(.constdata)
    GPIOX                                    0x000029e0   Data          20  mk60_port.o(.constdata)
    .data                                    0x1fff0000   Section       12  common.o(.data)
    .data                                    0x1fff000c   Section       20  mk60_uart.o(.data)
    .data                                    0x1fff0020   Section        4  main.o(.data)
    .data                                    0x1fff0024   Section       12  task_init.o(.data)
    .data                                    0x1fff0030   Section       77  seekfree_mt9v032.o(.data)
    .data                                    0x1fff0080   Section       60  tasks.o(.data)
    pxDelayedTaskList                        0x1fff0084   Data           4  tasks.o(.data)
    pxOverflowDelayedTaskList                0x1fff0088   Data           4  tasks.o(.data)
    uxDeletedTasksWaitingCleanUp             0x1fff008c   Data           4  tasks.o(.data)
    uxCurrentNumberOfTasks                   0x1fff0090   Data           4  tasks.o(.data)
    xTickCount                               0x1fff0094   Data           4  tasks.o(.data)
    uxTopReadyPriority                       0x1fff0098   Data           4  tasks.o(.data)
    xSchedulerRunning                        0x1fff009c   Data           4  tasks.o(.data)
    uxPendedTicks                            0x1fff00a0   Data           4  tasks.o(.data)
    xYieldPending                            0x1fff00a4   Data           4  tasks.o(.data)
    xNumOfOverflows                          0x1fff00a8   Data           4  tasks.o(.data)
    uxTaskNumber                             0x1fff00ac   Data           4  tasks.o(.data)
    xNextTaskUnblockTime                     0x1fff00b0   Data           4  tasks.o(.data)
    xIdleTaskHandle                          0x1fff00b4   Data           4  tasks.o(.data)
    uxSchedulerSuspended                     0x1fff00b8   Data           4  tasks.o(.data)
    .data                                    0x1fff00bc   Section       20  timers.o(.data)
    pxCurrentTimerList                       0x1fff00bc   Data           4  timers.o(.data)
    pxOverflowTimerList                      0x1fff00c0   Data           4  timers.o(.data)
    xTimerQueue                              0x1fff00c4   Data           4  timers.o(.data)
    xTimerTaskHandle                         0x1fff00c8   Data           4  timers.o(.data)
    xLastTime                                0x1fff00cc   Data           4  timers.o(.data)
    .data                                    0x1fff00d0   Section       24  heap_4.o(.data)
    xStart                                   0x1fff00d0   Data           8  heap_4.o(.data)
    pxEnd                                    0x1fff00d8   Data           4  heap_4.o(.data)
    xFreeBytesRemaining                      0x1fff00dc   Data           4  heap_4.o(.data)
    xMinimumEverFreeBytesRemaining           0x1fff00e0   Data           4  heap_4.o(.data)
    xBlockAllocatedBit                       0x1fff00e4   Data           4  heap_4.o(.data)
    .data                                    0x1fff00e8   Section       12  port.o(.data)
    uxCriticalNesting                        0x1fff00e8   Data           4  port.o(.data)
    ucMaxSysCallPriority                     0x1fff00ec   Data           1  port.o(.data)
    ulMaxPRIGROUPValue                       0x1fff00f0   Data           4  port.o(.data)
    .data                                    0x1fff00f4   Section       16  cpustate.o(.data)
    .bss                                     0x1fff0104   Section    22560  seekfree_mt9v032.o(.bss)
    .bss                                     0x1fff5924   Section       64  queue.o(.bss)
    .bss                                     0x1fff5964   Section      220  tasks.o(.bss)
    pxReadyTasksLists                        0x1fff5964   Data         120  tasks.o(.bss)
    xDelayedTaskList1                        0x1fff59dc   Data          20  tasks.o(.bss)
    xDelayedTaskList2                        0x1fff59f0   Data          20  tasks.o(.bss)
    xPendingReadyList                        0x1fff5a04   Data          20  tasks.o(.bss)
    xTasksWaitingTermination                 0x1fff5a18   Data          20  tasks.o(.bss)
    xSuspendedTaskList                       0x1fff5a2c   Data          20  tasks.o(.bss)
    .bss                                     0x1fff5a40   Section       40  timers.o(.bss)
    xActiveTimerList1                        0x1fff5a40   Data          20  timers.o(.bss)
    xActiveTimerList2                        0x1fff5a54   Data          20  timers.o(.bss)
    .bss                                     0x1fff5a68   Section     7372  heap_4.o(.bss)
    ucHeap                                   0x1fff5a68   Data        7372  heap_4.o(.bss)
    STACK                                    0x1fff7738   Section     1024  startup_mk66f18.o(STACK)

    Global Symbols

    Symbol Name                              Value     Ov Type        Size  Object(Section)

    BuildAttributes$$THM_ISAv4$E$P$D$K$B$S$7EM$VFPi3$EXTD16$VFPS$VFMA$PE$A:L22UL41UL21$X:L11$S22US41US21$IEEE1$IW$USESV6$~STKCKD$USESV7$~SHL$OSPACE$EBA8$MICROLIB$REQ8$PRES8$EABIv2 0x00000000   Number         0  anon$$obj.o ABSOLUTE
    __ARM_use_no_argv                        0x00000000   Number         0  main.o ABSOLUTE
    __Vectors                                0x00000000   Data           4  startup_mk66f18.o(RESET)
    __cpp_initialize__aeabi_                  - Undefined Weak Reference
    __cxa_finalize                            - Undefined Weak Reference
    __decompress                              - Undefined Weak Reference
    _clock_init                               - Undefined Weak Reference
    _microlib_exit                            - Undefined Weak Reference
    __Vectors_End                            0x00000400   Data           0  startup_mk66f18.o(RESET)
    __Vectors_Size                           0x00000400   Number         0  startup_mk66f18.o ABSOLUTE
    __main                                   0x00000411   Thumb Code     0  entry.o(.ARM.Collect$$$$00000000)
    _main_stk                                0x00000411   Thumb Code     0  entry2.o(.ARM.Collect$$$$00000001)
    _main_scatterload                        0x00000415   Thumb Code     0  entry5.o(.ARM.Collect$$$$00000004)
    __main_after_scatterload                 0x00000419   Thumb Code     0  entry5.o(.ARM.Collect$$$$00000004)
    _main_clock                              0x00000419   Thumb Code     0  entry7b.o(.ARM.Collect$$$$00000008)
    _main_cpp_init                           0x00000419   Thumb Code     0  entry8b.o(.ARM.Collect$$$$0000000A)
    _main_init                               0x00000419   Thumb Code     0  entry9a.o(.ARM.Collect$$$$0000000B)
    __rt_final_cpp                           0x00000421   Thumb Code     0  entry10a.o(.ARM.Collect$$$$0000000D)
    __rt_final_exit                          0x00000421   Thumb Code     0  entry11a.o(.ARM.Collect$$$$0000000F)
    SVC_Handler                              0x00000425   Thumb Code    28  port.o(.emb_text)
    __asm___6_port_c_39a90d8d__prvStartFirstTask 0x00000445   Thumb Code    36  port.o(.emb_text)
    __asm___6_port_c_39a90d8d__prvEnableVFP  0x0000046d   Thumb Code    16  port.o(.emb_text)
    PendSV_Handler                           0x00000481   Thumb Code    88  port.o(.emb_text)
    vPortGetIPSR                             0x000004dd   Thumb Code     6  port.o(.emb_text)
    Reset_Handler                            0x000004e5   Thumb Code    12  startup_mk66f18.o(.text)
    HardFault_Handler                        0x000004f3   Thumb Code     2  startup_mk66f18.o(.text)
    MemManage_Handler                        0x000004f5   Thumb Code     2  startup_mk66f18.o(.text)
    BusFault_Handler                         0x000004f7   Thumb Code     2  startup_mk66f18.o(.text)
    UsageFault_Handler                       0x000004f9   Thumb Code     2  startup_mk66f18.o(.text)
    DebugMon_Handler                         0x000004fd   Thumb Code     2  startup_mk66f18.o(.text)
    ADC0_IRQHandler                          0x00000503   Thumb Code     0  startup_mk66f18.o(.text)
    ADC1_IRQHandler                          0x00000503   Thumb Code     0  startup_mk66f18.o(.text)
    CAN0_Bus_Off_IRQHandler                  0x00000503   Thumb Code     0  startup_mk66f18.o(.text)
    CAN0_Error_IRQHandler                    0x00000503   Thumb Code     0  startup_mk66f18.o(.text)
    CAN0_ORed_Message_buffer_IRQHandler      0x00000503   Thumb Code     0  startup_mk66f18.o(.text)
    CAN0_Rx_Warning_IRQHandler               0x00000503   Thumb Code     0  startup_mk66f18.o(.text)
    CAN0_Tx_Warning_IRQHandler               0x00000503   Thumb Code     0  startup_mk66f18.o(.text)
    CAN0_Wake_Up_IRQHandler                  0x00000503   Thumb Code     0  startup_mk66f18.o(.text)
    CAN1_Bus_Off_IRQHandler                  0x00000503   Thumb Code     0  startup_mk66f18.o(.text)
    CAN1_Error_IRQHandler                    0x00000503   Thumb Code     0  startup_mk66f18.o(.text)
    CAN1_ORed_Message_buffer_IRQHandler      0x00000503   Thumb Code     0  startup_mk66f18.o(.text)
    CAN1_Rx_Warning_IRQHandler               0x00000503   Thumb Code     0  startup_mk66f18.o(.text)
    CAN1_Tx_Warning_IRQHandler               0x00000503   Thumb Code     0  startup_mk66f18.o(.text)
    CAN1_Wake_Up_IRQHandler                  0x00000503   Thumb Code     0  startup_mk66f18.o(.text)
    CMP0_IRQHandler                          0x00000503   Thumb Code     0  startup_mk66f18.o(.text)
    CMP1_IRQHandler                          0x00000503   Thumb Code     0  startup_mk66f18.o(.text)
    CMP2_IRQHandler                          0x00000503   Thumb Code     0  startup_mk66f18.o(.text)
    CMP3_IRQHandler                          0x00000503   Thumb Code     0  startup_mk66f18.o(.text)
    CMT_IRQHandler                           0x00000503   Thumb Code     0  startup_mk66f18.o(.text)
    DAC0_IRQHandler                          0x00000503   Thumb Code     0  startup_mk66f18.o(.text)
    DAC1_IRQHandler                          0x00000503   Thumb Code     0  startup_mk66f18.o(.text)
    DMA10_IRQHandler                         0x00000503   Thumb Code     0  startup_mk66f18.o(.text)
    DMA11_IRQHandler                         0x00000503   Thumb Code     0  startup_mk66f18.o(.text)
    DMA12_IRQHandler                         0x00000503   Thumb Code     0  startup_mk66f18.o(.text)
    DMA13_IRQHandler                         0x00000503   Thumb Code     0  startup_mk66f18.o(.text)
    DMA14_IRQHandler                         0x00000503   Thumb Code     0  startup_mk66f18.o(.text)
    DMA15_IRQHandler                         0x00000503   Thumb Code     0  startup_mk66f18.o(.text)
    DMA1_IRQHandler                          0x00000503   Thumb Code     0  startup_mk66f18.o(.text)
    DMA2_IRQHandler                          0x00000503   Thumb Code     0  startup_mk66f18.o(.text)
    DMA3_IRQHandler                          0x00000503   Thumb Code     0  startup_mk66f18.o(.text)
    DMA4_IRQHandler                          0x00000503   Thumb Code     0  startup_mk66f18.o(.text)
    DMA5_IRQHandler                          0x00000503   Thumb Code     0  startup_mk66f18.o(.text)
    DMA6_IRQHandler                          0x00000503   Thumb Code     0  startup_mk66f18.o(.text)
    DMA7_IRQHandler                          0x00000503   Thumb Code     0  startup_mk66f18.o(.text)
    DMA8_IRQHandler                          0x00000503   Thumb Code     0  startup_mk66f18.o(.text)
    DMA9_IRQHandler                          0x00000503   Thumb Code     0  startup_mk66f18.o(.text)
    DMA_Error_IRQHandler                     0x00000503   Thumb Code     0  startup_mk66f18.o(.text)
    DefaultISR                               0x00000503   Thumb Code     0  startup_mk66f18.o(.text)
    ENET_1588_Timer_IRQHandler               0x00000503   Thumb Code     0  startup_mk66f18.o(.text)
    ENET_Error_IRQHandler                    0x00000503   Thumb Code     0  startup_mk66f18.o(.text)
    ENET_Receive_IRQHandler                  0x00000503   Thumb Code     0  startup_mk66f18.o(.text)
    ENET_Transmit_IRQHandler                 0x00000503   Thumb Code     0  startup_mk66f18.o(.text)
    FTFE_IRQHandler                          0x00000503   Thumb Code     0  startup_mk66f18.o(.text)
    FTM0_IRQHandler                          0x00000503   Thumb Code     0  startup_mk66f18.o(.text)
    FTM1_IRQHandler                          0x00000503   Thumb Code     0  startup_mk66f18.o(.text)
    FTM2_IRQHandler                          0x00000503   Thumb Code     0  startup_mk66f18.o(.text)
    FTM3_IRQHandler                          0x00000503   Thumb Code     0  startup_mk66f18.o(.text)
    I2C0_IRQHandler                          0x00000503   Thumb Code     0  startup_mk66f18.o(.text)
    I2C1_IRQHandler                          0x00000503   Thumb Code     0  startup_mk66f18.o(.text)
    I2C2_IRQHandler                          0x00000503   Thumb Code     0  startup_mk66f18.o(.text)
    I2C3_IRQHandler                          0x00000503   Thumb Code     0  startup_mk66f18.o(.text)
    I2S0_Rx_IRQHandler                       0x00000503   Thumb Code     0  startup_mk66f18.o(.text)
    I2S0_Tx_IRQHandler                       0x00000503   Thumb Code     0  startup_mk66f18.o(.text)
    LLWU_IRQHandler                          0x00000503   Thumb Code     0  startup_mk66f18.o(.text)
    LPTMR0_IRQHandler                        0x00000503   Thumb Code     0  startup_mk66f18.o(.text)
    LPUART0_IRQHandler                       0x00000503   Thumb Code     0  startup_mk66f18.o(.text)
    LVD_LVW_IRQHandler                       0x00000503   Thumb Code     0  startup_mk66f18.o(.text)
    MCG_IRQHandler                           0x00000503   Thumb Code     0  startup_mk66f18.o(.text)
    MCM_IRQHandler                           0x00000503   Thumb Code     0  startup_mk66f18.o(.text)
    PDB0_IRQHandler                          0x00000503   Thumb Code     0  startup_mk66f18.o(.text)
    PIT1_IRQHandler                          0x00000503   Thumb Code     0  startup_mk66f18.o(.text)
    PIT2_IRQHandler                          0x00000503   Thumb Code     0  startup_mk66f18.o(.text)
    PIT3_IRQHandler                          0x00000503   Thumb Code     0  startup_mk66f18.o(.text)
    PORTB_IRQHandler                         0x00000503   Thumb Code     0  startup_mk66f18.o(.text)
    PORTD_IRQHandler                         0x00000503   Thumb Code     0  startup_mk66f18.o(.text)
    PORTE_IRQHandler                         0x00000503   Thumb Code     0  startup_mk66f18.o(.text)
    RNG_IRQHandler                           0x00000503   Thumb Code     0  startup_mk66f18.o(.text)
    RTC_IRQHandler                           0x00000503   Thumb Code     0  startup_mk66f18.o(.text)
    RTC_Seconds_IRQHandler                   0x00000503   Thumb Code     0  startup_mk66f18.o(.text)
    Read_Collision_IRQHandler                0x00000503   Thumb Code     0  startup_mk66f18.o(.text)
    Reserved46_IRQHandler                    0x00000503   Thumb Code     0  startup_mk66f18.o(.text)
    Reserved71_IRQHandler                    0x00000503   Thumb Code     0  startup_mk66f18.o(.text)
    Reserved84_IRQHandler                    0x00000503   Thumb Code     0  startup_mk66f18.o(.text)
    Reserved85_IRQHandler                    0x00000503   Thumb Code     0  startup_mk66f18.o(.text)
    SDHC_IRQHandler                          0x00000503   Thumb Code     0  startup_mk66f18.o(.text)
    SPI0_IRQHandler                          0x00000503   Thumb Code     0  startup_mk66f18.o(.text)
    SPI1_IRQHandler                          0x00000503   Thumb Code     0  startup_mk66f18.o(.text)
    SPI2_IRQHandler                          0x00000503   Thumb Code     0  startup_mk66f18.o(.text)
    SWI_IRQHandler                           0x00000503   Thumb Code     0  startup_mk66f18.o(.text)
    TPM1_IRQHandler                          0x00000503   Thumb Code     0  startup_mk66f18.o(.text)
    TPM2_IRQHandler                          0x00000503   Thumb Code     0  startup_mk66f18.o(.text)
    TSI0_IRQHandler                          0x00000503   Thumb Code     0  startup_mk66f18.o(.text)
    UART0_ERR_IRQHandler                     0x00000503   Thumb Code     0  startup_mk66f18.o(.text)
    UART0_RX_TX_IRQHandler                   0x00000503   Thumb Code     0  startup_mk66f18.o(.text)
    UART1_ERR_IRQHandler                     0x00000503   Thumb Code     0  startup_mk66f18.o(.text)
    UART1_RX_TX_IRQHandler                   0x00000503   Thumb Code     0  startup_mk66f18.o(.text)
    UART2_ERR_IRQHandler                     0x00000503   Thumb Code     0  startup_mk66f18.o(.text)
    UART2_RX_TX_IRQHandler                   0x00000503   Thumb Code     0  startup_mk66f18.o(.text)
    UART3_ERR_IRQHandler                     0x00000503   Thumb Code     0  startup_mk66f18.o(.text)
    UART4_ERR_IRQHandler                     0x00000503   Thumb Code     0  startup_mk66f18.o(.text)
    USB0_IRQHandler                          0x00000503   Thumb Code     0  startup_mk66f18.o(.text)
    USBDCD_IRQHandler                        0x00000503   Thumb Code     0  startup_mk66f18.o(.text)
    USBHSDCD_IRQHandler                      0x00000503   Thumb Code     0  startup_mk66f18.o(.text)
    USBHS_IRQHandler                         0x00000503   Thumb Code     0  startup_mk66f18.o(.text)
    WDOG_EWM_IRQHandler                      0x00000503   Thumb Code     0  startup_mk66f18.o(.text)
    __aeabi_memcpy                           0x0000050d   Thumb Code    36  memcpya.o(.text)
    __aeabi_memcpy4                          0x0000050d   Thumb Code     0  memcpya.o(.text)
    __aeabi_memcpy8                          0x0000050d   Thumb Code     0  memcpya.o(.text)
    __aeabi_memset                           0x00000531   Thumb Code    14  memseta.o(.text)
    __aeabi_memset4                          0x00000531   Thumb Code     0  memseta.o(.text)
    __aeabi_memset8                          0x00000531   Thumb Code     0  memseta.o(.text)
    __aeabi_memclr                           0x0000053f   Thumb Code     4  memseta.o(.text)
    __aeabi_memclr4                          0x0000053f   Thumb Code     0  memseta.o(.text)
    __aeabi_memclr8                          0x0000053f   Thumb Code     0  memseta.o(.text)
    _memset$wrapper                          0x00000543   Thumb Code    18  memseta.o(.text)
    __scatterload                            0x00000555   Thumb Code    28  init.o(.text)
    __scatterload_rt2                        0x00000555   Thumb Code     0  init.o(.text)
    DMA0_IRQHandler                          0x00000579   Thumb Code    20  isr.o(i.DMA0_IRQHandler)
    Disable_Wdog                             0x00000591   Thumb Code    22  system_mk66.o(i.Disable_Wdog)
    NMI_Handler                              0x000005ad   Thumb Code     2  system_mk66.o(i.NMI_Handler)
    PIT0_IRQHandler                          0x000005b1   Thumb Code    14  isr.o(i.PIT0_IRQHandler)
    PORTA_IRQHandler                         0x000005c5   Thumb Code    10  isr.o(i.PORTA_IRQHandler)
    PORTC_IRQHandler                         0x000005d5   Thumb Code    16  isr.o(i.PORTC_IRQHandler)
    SYSTEM_CLK                               0x000005e9   Thumb Code   170  system_mk66.o(i.SYSTEM_CLK)
    Start                                    0x000006a1   Thumb Code    34  system_mk66.o(i.Start)
    SysTick_Handler                          0x000006c9   Thumb Code    46  port.o(i.SysTick_Handler)
    Task_Camera                              0x000006fd   Thumb Code     2  task_camera.o(i.Task_Camera)
    Task_Control                             0x000006ff   Thumb Code     2  task_control.o(i.Task_Control)
    Task_Init                                0x00000701   Thumb Code    84  task_init.o(i.Task_Init)
    Task_UI                                  0x00000795   Thumb Code     2  task_ui.o(i.Task_UI)
    UART3_RX_TX_IRQHandler                   0x00000799   Thumb Code    22  isr.o(i.UART3_RX_TX_IRQHandler)
    UART4_RX_TX_IRQHandler                   0x000007b5   Thumb Code    10  isr.o(i.UART4_RX_TX_IRQHandler)
    VSYNC                                    0x000007c5   Thumb Code    72  seekfree_mt9v032.o(i.VSYNC)
    __scatterload_copy                       0x0000081d   Thumb Code    14  handlers.o(i.__scatterload_copy)
    __scatterload_null                       0x0000082b   Thumb Code     2  handlers.o(i.__scatterload_null)
    __scatterload_zeroinit                   0x0000082d   Thumb Code    14  handlers.o(i.__scatterload_zeroinit)
    div_set                                  0x0000083d   Thumb Code    68  system_mk66.o(i.div_set)
    get_clk                                  0x00000889   Thumb Code    94  common.o(i.get_clk)
    gpio_init                                0x000008fd   Thumb Code   200  mk60_gpio.o(i.gpio_init)
    main                                     0x000009d1   Thumb Code    36  main.o(i.main)
    mt9v032_cof_uart_interrupt               0x00000a09   Thumb Code    68  seekfree_mt9v032.o(i.mt9v032_cof_uart_interrupt)
    port_init                                0x00000a59   Thumb Code   102  mk60_port.o(i.port_init)
    pvPortMalloc                             0x00001499   Thumb Code   296  heap_4.o(i.pvPortMalloc)
    pxPortInitialiseStack                    0x000015d5   Thumb Code    38  port.o(i.pxPortInitialiseStack)
    row_finished                             0x00001601   Thumb Code     8  seekfree_mt9v032.o(i.row_finished)
    uart_getchar                             0x0000160d   Thumb Code    30  mk60_uart.o(i.uart_getchar)
    uart_init                                0x00001631   Thumb Code   452  mk60_uart.o(i.uart_init)
    uxListRemove                             0x00001809   Thumb Code    40  list.o(i.uxListRemove)
    vApplicationIdleHook                     0x00001831   Thumb Code    22  cpustate.o(i.vApplicationIdleHook)
    vListInitialise                          0x0000184d   Thumb Code    26  list.o(i.vListInitialise)
    vListInitialiseItem                      0x00001867   Thumb Code     6  list.o(i.vListInitialiseItem)
    vListInsert                              0x0000186d   Thumb Code    52  list.o(i.vListInsert)
    vListInsertEnd                           0x000018a1   Thumb Code    24  list.o(i.vListInsertEnd)
    vPortEnterCritical                       0x000018b9   Thumb Code    76  port.o(i.vPortEnterCritical)
    vPortExitCritical                        0x0000190d   Thumb Code    56  port.o(i.vPortExitCritical)
    vPortFree                                0x00001949   Thumb Code   140  heap_4.o(i.vPortFree)
    vPortSetupTimerInterrupt                 0x000019dd   Thumb Code    22  port.o(i.vPortSetupTimerInterrupt)
    vPortValidateInterruptPriority           0x000019f5   Thumb Code   106  port.o(i.vPortValidateInterruptPriority)
    vQueueAddToRegistry                      0x00001a6d   Thumb Code    38  queue.o(i.vQueueAddToRegistry)
    vQueueWaitForMessageRestricted           0x00001a99   Thumb Code    74  queue.o(i.vQueueWaitForMessageRestricted)
    vTaskDelete                              0x00001ae5   Thumb Code   202  tasks.o(i.vTaskDelete)
    vTaskInternalSetTimeOutState             0x00001bd9   Thumb Code    14  tasks.o(i.vTaskInternalSetTimeOutState)
    vTaskMissedYield                         0x00001bf1   Thumb Code     8  tasks.o(i.vTaskMissedYield)
    vTaskPlaceOnEventList                    0x00001bfd   Thumb Code    52  tasks.o(i.vTaskPlaceOnEventList)
    vTaskPlaceOnEventListRestricted          0x00001c35   Thumb Code    60  tasks.o(i.vTaskPlaceOnEventListRestricted)
    vTaskStartScheduler                      0x00001c75   Thumb Code   118  tasks.o(i.vTaskStartScheduler)
    vTaskSuspendAll                          0x00001d09   Thumb Code    12  tasks.o(i.vTaskSuspendAll)
    vTaskSwitchContext                       0x00001d19   Thumb Code   118  tasks.o(i.vTaskSwitchContext)
    xPortStartScheduler                      0x00001da5   Thumb Code   330  port.o(i.xPortStartScheduler)
    xQueueGenericCreate                      0x00001f0d   Thumb Code    90  queue.o(i.xQueueGenericCreate)
    xQueueGenericReset                       0x00001f69   Thumb Code   146  queue.o(i.xQueueGenericReset)
    xQueueGenericSend                        0x00002001   Thumb Code   420  queue.o(i.xQueueGenericSend)
    xQueueGenericSendFromISR                 0x000021a9   Thumb Code   248  queue.o(i.xQueueGenericSendFromISR)
    xQueueReceive                            0x000022a1   Thumb Code   356  queue.o(i.xQueueReceive)
    xTaskCheckForTimeOut                     0x00002409   Thumb Code   132  tasks.o(i.xTaskCheckForTimeOut)
    xTaskCreate                              0x00002495   Thumb Code    96  tasks.o(i.xTaskCreate)
    xTaskGetSchedulerState                   0x000024f5   Thumb Code    24  tasks.o(i.xTaskGetSchedulerState)
    xTaskGetTickCount                        0x00002515   Thumb Code     6  tasks.o(i.xTaskGetTickCount)
    xTaskIncrementTick                       0x00002521   Thumb Code   282  tasks.o(i.xTaskIncrementTick)
    xTaskPriorityDisinherit                  0x00002669   Thumb Code   188  tasks.o(i.xTaskPriorityDisinherit)
    xTaskRemoveFromEventList                 0x00002731   Thumb Code   128  tasks.o(i.xTaskRemoveFromEventList)
    xTaskResumeAll                           0x000027c9   Thumb Code   224  tasks.o(i.xTaskResumeAll)
    xTimerCreateTimerTask                    0x000028cd   Thumb Code    64  timers.o(i.xTimerCreateTimerTask)
    xTimerGenericCommand                     0x00002921   Thumb Code   126  timers.o(i.xTimerGenericCommand)
    Region$$Table$$Base                      0x000029f4   Number         0  anon$$obj.o(Region$$Table)
    Region$$Table$$Limit                     0x00002a14   Number         0  anon$$obj.o(Region$$Table)
    mcgout_clk_mhz                           0x1fff0000   Data           4  common.o(.data)
    core_clk_mhz                             0x1fff0004   Data           4  common.o(.data)
    bus_clk_mhz                              0x1fff0008   Data           4  common.o(.data)
    uart                                     0x1fff000c   Data          20  mk60_uart.o(.data)
    Task_Init_Handler                        0x1fff0020   Data           4  main.o(.data)
    Task_Control_Handler                     0x1fff0024   Data           4  task_init.o(.data)
    Task_Camera_Handler                      0x1fff0028   Data           4  task_init.o(.data)
    Task_UI_Handler                          0x1fff002c   Data           4  task_init.o(.data)
    receive                                  0x1fff0030   Data           3  seekfree_mt9v032.o(.data)
    receive_num                              0x1fff0033   Data           1  seekfree_mt9v032.o(.data)
    uart_receive_flag                        0x1fff0034   Data           1  seekfree_mt9v032.o(.data)
    MT9V032_CFG                              0x1fff0036   Data          36  seekfree_mt9v032.o(.data)
    GET_CFG                                  0x1fff005a   Data          32  seekfree_mt9v032.o(.data)
    version                                  0x1fff007a   Data           2  seekfree_mt9v032.o(.data)
    mt9v032_finish_flag                      0x1fff007c   Data           1  seekfree_mt9v032.o(.data)
    pxCurrentTCB                             0x1fff0080   Data           4  tasks.o(.data)
    OSIdleCtr                                0x1fff00f4   Data           4  cpustate.o(.data)
    OSIdleCtrMax                             0x1fff00f8   Data           4  cpustate.o(.data)
    OSIdleCtrRun                             0x1fff00fc   Data           4  cpustate.o(.data)
    OSCPUUsage                               0x1fff0100   Data           4  cpustate.o(.data)
    image                                    0x1fff0104   Data       22560  seekfree_mt9v032.o(.bss)
    xQueueRegistry                           0x1fff5924   Data          64  queue.o(.bss)
    __initial_sp                             0x1fff7b38   Data           0  startup_mk66f18.o(STACK)



==============================================================================

Memory Map of the image

  Image Entry point : 0x00000411

  Load Region LR_IROM1 (Base: 0x00000000, Size: 0x00002b18, Max: 0x00100000, ABSOLUTE)

    Execution Region ER_IROM1 (Exec base: 0x00000000, Load base: 0x00000000, Size: 0x00002a14, Max: 0x00100000, ABSOLUTE)

    Exec Addr    Load Addr    Size         Type   Attr      Idx    E Section Name        Object

    0x00000000   0x00000000   0x00000400   Data   RO            3    RESET               startup_mk66f18.o
    0x00000400   0x00000400   0x00000010   Code   RO            4    .ARM.__at_0x400     startup_mk66f18.o
    0x00000410   0x00000410   0x00000000   Code   RO         3175  * .ARM.Collect$$$$00000000  mc_w.l(entry.o)
    0x00000410   0x00000410   0x00000004   Code   RO         3212    .ARM.Collect$$$$00000001  mc_w.l(entry2.o)
    0x00000414   0x00000414   0x00000004   Code   RO         3215    .ARM.Collect$$$$00000004  mc_w.l(entry5.o)
    0x00000418   0x00000418   0x00000000   Code   RO         3217    .ARM.Collect$$$$00000008  mc_w.l(entry7b.o)
    0x00000418   0x00000418   0x00000000   Code   RO         3219    .ARM.Collect$$$$0000000A  mc_w.l(entry8b.o)
    0x00000418   0x00000418   0x00000008   Code   RO         3220    .ARM.Collect$$$$0000000B  mc_w.l(entry9a.o)
    0x00000420   0x00000420   0x00000000   Code   RO         3222    .ARM.Collect$$$$0000000D  mc_w.l(entry10a.o)
    0x00000420   0x00000420   0x00000000   Code   RO         3224    .ARM.Collect$$$$0000000F  mc_w.l(entry11a.o)
    0x00000420   0x00000420   0x00000004   Code   RO         3213    .ARM.Collect$$$$00002712  mc_w.l(entry2.o)
    0x00000424   0x00000424   0x000000be   Code   RO         3065    .emb_text           port.o
    0x000004e2   0x000004e2   0x00000002   PAD
    0x000004e4   0x000004e4   0x00000028   Code   RO            5    .text               startup_mk66f18.o
    0x0000050c   0x0000050c   0x00000024   Code   RO         3178    .text               mc_w.l(memcpya.o)
    0x00000530   0x00000530   0x00000024   Code   RO         3180    .text               mc_w.l(memseta.o)
    0x00000554   0x00000554   0x00000024   Code   RO         3228    .text               mc_w.l(init.o)
    0x00000578   0x00000578   0x00000018   Code   RO         1152    i.DMA0_IRQHandler   isr.o
    0x00000590   0x00000590   0x0000001c   Code   RO           15    i.Disable_Wdog      system_mk66.o
    0x000005ac   0x000005ac   0x00000002   Code   RO           16    i.NMI_Handler       system_mk66.o
    0x000005ae   0x000005ae   0x00000002   PAD
    0x000005b0   0x000005b0   0x00000014   Code   RO         1153    i.PIT0_IRQHandler   isr.o
    0x000005c4   0x000005c4   0x00000010   Code   RO         1154    i.PORTA_IRQHandler  isr.o
    0x000005d4   0x000005d4   0x00000014   Code   RO         1155    i.PORTC_IRQHandler  isr.o
    0x000005e8   0x000005e8   0x000000b8   Code   RO           17    i.SYSTEM_CLK        system_mk66.o
    0x000006a0   0x000006a0   0x00000028   Code   RO           18    i.Start             system_mk66.o
    0x000006c8   0x000006c8   0x00000034   Code   RO         3066    i.SysTick_Handler   port.o
    0x000006fc   0x000006fc   0x00000002   Code   RO         1106    i.Task_Camera       task_camera.o
    0x000006fe   0x000006fe   0x00000002   Code   RO          989    i.Task_Control      task_control.o
    0x00000700   0x00000700   0x00000094   Code   RO         1228    i.Task_Init         task_init.o
    0x00000794   0x00000794   0x00000002   Code   RO         1129    i.Task_UI           task_ui.o
    0x00000796   0x00000796   0x00000002   PAD
    0x00000798   0x00000798   0x0000001c   Code   RO         1156    i.UART3_RX_TX_IRQHandler  isr.o
    0x000007b4   0x000007b4   0x00000010   Code   RO         1157    i.UART4_RX_TX_IRQHandler  isr.o
    0x000007c4   0x000007c4   0x00000058   Code   RO         1426    i.VSYNC             seekfree_mt9v032.o
    0x0000081c   0x0000081c   0x0000000e   Code   RO         3232    i.__scatterload_copy  mc_w.l(handlers.o)
    0x0000082a   0x0000082a   0x00000002   Code   RO         3233    i.__scatterload_null  mc_w.l(handlers.o)
    0x0000082c   0x0000082c   0x0000000e   Code   RO         3234    i.__scatterload_zeroinit  mc_w.l(handlers.o)
    0x0000083a   0x0000083a   0x00000002   PAD
    0x0000083c   0x0000083c   0x0000004c   Code   RO           19    i.div_set           system_mk66.o
    0x00000888   0x00000888   0x00000074   Code   RO          105    i.get_clk           common.o
    0x000008fc   0x000008fc   0x000000d4   Code   RO          424    i.gpio_init         mk60_gpio.o
    0x000009d0   0x000009d0   0x00000038   Code   RO         1202    i.main              main.o
    0x00000a08   0x00000a08   0x00000050   Code   RO         1430    i.mt9v032_cof_uart_interrupt  seekfree_mt9v032.o
    0x00000a58   0x00000a58   0x00000074   Code   RO          604    i.port_init         mk60_port.o
    0x00000acc   0x00000acc   0x00000098   Code   RO         2510    i.prvAddCurrentTaskToDelayedList  tasks.o
    0x00000b64   0x00000b64   0x000000b8   Code   RO         2511    i.prvAddNewTaskToReadyList  tasks.o
    0x00000c1c   0x00000c1c   0x00000064   Code   RO         2862    i.prvCheckForValidListAndQueue  timers.o
    0x00000c80   0x00000c80   0x00000048   Code   RO         2512    i.prvCheckTasksWaitingTermination  tasks.o
    0x00000cc8   0x00000cc8   0x0000002a   Code   RO         2292    i.prvCopyDataFromQueue  queue.o
    0x00000cf2   0x00000cf2   0x0000007e   Code   RO         2293    i.prvCopyDataToQueue  queue.o
    0x00000d70   0x00000d70   0x00000012   Code   RO         2513    i.prvDeleteTCB      tasks.o
    0x00000d82   0x00000d82   0x00000002   PAD
    0x00000d84   0x00000d84   0x00000028   Code   RO         2863    i.prvGetNextExpireTime  timers.o
    0x00000dac   0x00000dac   0x0000007c   Code   RO         3016    i.prvHeapInit       heap_4.o
    0x00000e28   0x00000e28   0x0000002c   Code   RO         2514    i.prvIdleTask       tasks.o
    0x00000e54   0x00000e54   0x0000002a   Code   RO         2296    i.prvInitialiseNewQueue  queue.o
    0x00000e7e   0x00000e7e   0x000000be   Code   RO         2515    i.prvInitialiseNewTask  tasks.o
    0x00000f3c   0x00000f3c   0x00000068   Code   RO         2516    i.prvInitialiseTaskLists  tasks.o
    0x00000fa4   0x00000fa4   0x00000068   Code   RO         3017    i.prvInsertBlockIntoFreeList  heap_4.o
    0x0000100c   0x0000100c   0x00000058   Code   RO         2865    i.prvInsertTimerInActiveList  timers.o
    0x00001064   0x00001064   0x0000001a   Code   RO         2297    i.prvIsQueueEmpty   queue.o
    0x0000107e   0x0000107e   0x0000001e   Code   RO         2298    i.prvIsQueueFull    queue.o
    0x0000109c   0x0000109c   0x00000074   Code   RO         2866    i.prvProcessExpiredTimer  timers.o
    0x00001110   0x00001110   0x00000138   Code   RO         2867    i.prvProcessReceivedCommands  timers.o
    0x00001248   0x00001248   0x00000074   Code   RO         2868    i.prvProcessTimerOrBlockTask  timers.o
    0x000012bc   0x000012bc   0x00000034   Code   RO         2518    i.prvResetNextTaskUnblockTime  tasks.o
    0x000012f0   0x000012f0   0x0000002c   Code   RO         2869    i.prvSampleTimeNow  timers.o
    0x0000131c   0x0000131c   0x000000a4   Code   RO         2870    i.prvSwitchTimerLists  timers.o
    0x000013c0   0x000013c0   0x00000040   Code   RO         3067    i.prvTaskExitError  port.o
    0x00001400   0x00001400   0x0000001a   Code   RO         2871    i.prvTimerTask      timers.o
    0x0000141a   0x0000141a   0x0000007e   Code   RO         2299    i.prvUnlockQueue    queue.o
    0x00001498   0x00001498   0x0000013c   Code   RO         3018    i.pvPortMalloc      heap_4.o
    0x000015d4   0x000015d4   0x0000002c   Code   RO         3068    i.pxPortInitialiseStack  port.o
    0x00001600   0x00001600   0x0000000c   Code   RO         1431    i.row_finished      seekfree_mt9v032.o
    0x0000160c   0x0000160c   0x00000024   Code   RO          846    i.uart_getchar      mk60_uart.o
    0x00001630   0x00001630   0x000001d8   Code   RO          847    i.uart_init         mk60_uart.o
    0x00001808   0x00001808   0x00000028   Code   RO         2252    i.uxListRemove      list.o
    0x00001830   0x00001830   0x0000001c   Code   RO         3144    i.vApplicationIdleHook  cpustate.o
    0x0000184c   0x0000184c   0x0000001a   Code   RO         2253    i.vListInitialise   list.o
    0x00001866   0x00001866   0x00000006   Code   RO         2254    i.vListInitialiseItem  list.o
    0x0000186c   0x0000186c   0x00000034   Code   RO         2255    i.vListInsert       list.o
    0x000018a0   0x000018a0   0x00000018   Code   RO         2256    i.vListInsertEnd    list.o
    0x000018b8   0x000018b8   0x00000054   Code   RO         3070    i.vPortEnterCritical  port.o
    0x0000190c   0x0000190c   0x0000003c   Code   RO         3071    i.vPortExitCritical  port.o
    0x00001948   0x00001948   0x00000094   Code   RO         3019    i.vPortFree         heap_4.o
    0x000019dc   0x000019dc   0x00000016   Code   RO         3072    i.vPortSetupTimerInterrupt  port.o
    0x000019f2   0x000019f2   0x00000002   PAD
    0x000019f4   0x000019f4   0x00000078   Code   RO         3073    i.vPortValidateInterruptPriority  port.o
    0x00001a6c   0x00001a6c   0x0000002c   Code   RO         2305    i.vQueueAddToRegistry  queue.o
    0x00001a98   0x00001a98   0x0000004a   Code   RO         2309    i.vQueueWaitForMessageRestricted  queue.o
    0x00001ae2   0x00001ae2   0x00000002   PAD
    0x00001ae4   0x00001ae4   0x000000f4   Code   RO         2531    i.vTaskDelete       tasks.o
    0x00001bd8   0x00001bd8   0x00000018   Code   RO         2534    i.vTaskInternalSetTimeOutState  tasks.o
    0x00001bf0   0x00001bf0   0x0000000c   Code   RO         2535    i.vTaskMissedYield  tasks.o
    0x00001bfc   0x00001bfc   0x00000038   Code   RO         2537    i.vTaskPlaceOnEventList  tasks.o
    0x00001c34   0x00001c34   0x00000040   Code   RO         2538    i.vTaskPlaceOnEventListRestricted  tasks.o
    0x00001c74   0x00001c74   0x00000094   Code   RO         2546    i.vTaskStartScheduler  tasks.o
    0x00001d08   0x00001d08   0x00000010   Code   RO         2548    i.vTaskSuspendAll   tasks.o
    0x00001d18   0x00001d18   0x0000008c   Code   RO         2549    i.vTaskSwitchContext  tasks.o
    0x00001da4   0x00001da4   0x00000168   Code   RO         3074    i.xPortStartScheduler  port.o
    0x00001f0c   0x00001f0c   0x0000005a   Code   RO         2312    i.xQueueGenericCreate  queue.o
    0x00001f66   0x00001f66   0x00000002   PAD
    0x00001f68   0x00001f68   0x00000098   Code   RO         2313    i.xQueueGenericReset  queue.o
    0x00002000   0x00002000   0x000001a8   Code   RO         2314    i.xQueueGenericSend  queue.o
    0x000021a8   0x000021a8   0x000000f8   Code   RO         2315    i.xQueueGenericSendFromISR  queue.o
    0x000022a0   0x000022a0   0x00000168   Code   RO         2322    i.xQueueReceive     queue.o
    0x00002408   0x00002408   0x0000008c   Code   RO         2550    i.xTaskCheckForTimeOut  tasks.o
    0x00002494   0x00002494   0x00000060   Code   RO         2551    i.xTaskCreate       tasks.o
    0x000024f4   0x000024f4   0x00000020   Code   RO         2555    i.xTaskGetSchedulerState  tasks.o
    0x00002514   0x00002514   0x0000000c   Code   RO         2556    i.xTaskGetTickCount  tasks.o
    0x00002520   0x00002520   0x00000148   Code   RO         2558    i.xTaskIncrementTick  tasks.o
    0x00002668   0x00002668   0x000000c8   Code   RO         2561    i.xTaskPriorityDisinherit  tasks.o
    0x00002730   0x00002730   0x00000098   Code   RO         2563    i.xTaskRemoveFromEventList  tasks.o
    0x000027c8   0x000027c8   0x00000104   Code   RO         2564    i.xTaskResumeAll    tasks.o
    0x000028cc   0x000028cc   0x00000054   Code   RO         2878    i.xTimerCreateTimerTask  timers.o
    0x00002920   0x00002920   0x00000084   Code   RO         2879    i.xTimerGenericCommand  timers.o
    0x000029a4   0x000029a4   0x00000028   Data   RO          427    .constdata          mk60_gpio.o
    0x000029cc   0x000029cc   0x00000028   Data   RO          606    .constdata          mk60_port.o
    0x000029f4   0x000029f4   0x00000020   Data   RO         3230    Region$$Table       anon$$obj.o


    Execution Region RW_IRAM1 (Exec base: 0x1fff0000, Load base: 0x00002a14, Size: 0x00007b38, Max: 0x00040000, ABSOLUTE)

    Exec Addr    Load Addr    Size         Type   Attr      Idx    E Section Name        Object

    0x1fff0000   0x00002a14   0x0000000c   Data   RW          106    .data               common.o
    0x1fff000c   0x00002a20   0x00000014   Data   RW          856    .data               mk60_uart.o
    0x1fff0020   0x00002a34   0x00000004   Data   RW         1203    .data               main.o
    0x1fff0024   0x00002a38   0x0000000c   Data   RW         1229    .data               task_init.o
    0x1fff0030   0x00002a44   0x0000004d   Data   RW         1436    .data               seekfree_mt9v032.o
    0x1fff007d   0x00002a91   0x00000003   PAD
    0x1fff0080   0x00002a94   0x0000003c   Data   RW         2567    .data               tasks.o
    0x1fff00bc   0x00002ad0   0x00000014   Data   RW         2885    .data               timers.o
    0x1fff00d0   0x00002ae4   0x00000018   Data   RW         3024    .data               heap_4.o
    0x1fff00e8   0x00002afc   0x0000000c   Data   RW         3075    .data               port.o
    0x1fff00f4   0x00002b08   0x00000010   Data   RW         3145    .data               cpustate.o
    0x1fff0104        -       0x00005820   Zero   RW         1435    .bss                seekfree_mt9v032.o
    0x1fff5924        -       0x00000040   Zero   RW         2326    .bss                queue.o
    0x1fff5964        -       0x000000dc   Zero   RW         2566    .bss                tasks.o
    0x1fff5a40        -       0x00000028   Zero   RW         2884    .bss                timers.o
    0x1fff5a68        -       0x00001ccc   Zero   RW         3023    .bss                heap_4.o
    0x1fff7734   0x00002b18   0x00000004   PAD
    0x1fff7738        -       0x00000400   Zero   RW            1    STACK               startup_mk66f18.o


==============================================================================

Image component sizes


      Code (inc. data)   RO Data    RW Data    ZI Data      Debug   Object Name

       116         22          0         12          0       2744   common.o
        28          6          0         16          0        848   cpustate.o
         0          0          0          0          0       9608   event_groups.o
       692         62          0         24       7372       4383   heap_4.o
       124         32          0          0          0       2828   isr.o
       148          0          0          0          0       3202   list.o
        56         20          0          4          0        719   main.o
       212         12         40          0          0       1244   mk60_gpio.o
       116         14         40          0          0       1188   mk60_port.o
       508         32          0         20          0       2002   mk60_uart.o
       996         88          0         12          0      11413   port.o
      1784         20          0          0         64      15674   queue.o
       180         32          0         77      22560       4958   seekfree_mt9v032.o
        56         24       1024          0       1024       1164   startup_mk66f18.o
       330         34          0          0          0     730698   system_mk66.o
         2          0          0          0          0        426   task_camera.o
         2          0          0          0          0      10743   task_control.o
       148         64          0         12          0        871   task_init.o
         2          0          0          0          0        410   task_ui.o
      2740        380          0         60        220      23959   tasks.o
      1222        114          0         20         40      22363   timers.o

    ----------------------------------------------------------------------
      9476        956       1136        260      31284     851445   Object Totals
         0          0         32          0          0          0   (incl. Generated)
        14          0          0          3          4          0   (incl. Padding)

    ----------------------------------------------------------------------

      Code (inc. data)   RO Data    RW Data    ZI Data      Debug   Library Member Name

         0          0          0          0          0          0   entry.o
         0          0          0          0          0          0   entry10a.o
         0          0          0          0          0          0   entry11a.o
         8          4          0          0          0          0   entry2.o
         4          0          0          0          0          0   entry5.o
         0          0          0          0          0          0   entry7b.o
         0          0          0          0          0          0   entry8b.o
         8          4          0          0          0          0   entry9a.o
        30          0          0          0          0          0   handlers.o
        36          8          0          0          0         68   init.o
        36          0          0          0          0         68   memcpya.o
        36          0          0          0          0        108   memseta.o

    ----------------------------------------------------------------------
       160         16          0          0          0        244   Library Totals
         2          0          0          0          0          0   (incl. Padding)

    ----------------------------------------------------------------------

      Code (inc. data)   RO Data    RW Data    ZI Data      Debug   Library Name

       158         16          0          0          0        244   mc_w.l

    ----------------------------------------------------------------------
       160         16          0          0          0        244   Library Totals

    ----------------------------------------------------------------------

==============================================================================


      Code (inc. data)   RO Data    RW Data    ZI Data      Debug   

      9636        972       1136        260      31284     843341   Grand Totals
      9636        972       1136        260      31284     843341   ELF Image Totals
      9636        972       1136        260          0          0   ROM Totals

==============================================================================

    Total RO  Size (Code + RO Data)                10772 (  10.52kB)
    Total RW  Size (RW Data + ZI Data)             31544 (  30.80kB)
    Total ROM Size (Code + RO Data + RW Data)      11032 (  10.77kB)

==============================================================================

