Component: ARM Compiler 5.06 update 6 (build 750) Tool: armlink [4d35ed]

==============================================================================

Section Cross References

    startup_mk66f18.o(RESET) refers to startup_mk66f18.o(STACK) for __initial_sp
    startup_mk66f18.o(RESET) refers to startup_mk66f18.o(.text) for Reset_Handler
    startup_mk66f18.o(RESET) refers to system_mk66.o(i.NMI_Handler) for NMI_Handler
    startup_mk66f18.o(RESET) refers to port.o(i.SVC_Handler) for SVC_Handler
    startup_mk66f18.o(RESET) refers to port.o(.emb_text) for PendSV_Handler
    startup_mk66f18.o(RESET) refers to port.o(i.SysTick_Handler) for SysTick_Handler
    startup_mk66f18.o(RESET) refers to isr.o(i.DMA0_IRQHandler) for DMA0_IRQHandler
    startup_mk66f18.o(RESET) refers to isr.o(i.UART3_RX_TX_IRQHandler) for UART3_RX_TX_IRQHandler
    startup_mk66f18.o(RESET) refers to isr.o(i.PIT0_IRQHandler) for PIT0_IRQHandler
    startup_mk66f18.o(RESET) refers to isr.o(i.PORTA_IRQHandler) for PORTA_IRQHandler
    startup_mk66f18.o(RESET) refers to isr.o(i.PORTC_IRQHandler) for PORTC_IRQHandler
    startup_mk66f18.o(RESET) refers to isr.o(i.UART4_RX_TX_IRQHandler) for UART4_RX_TX_IRQHandler
    startup_mk66f18.o(.text) refers to system_mk66.o(i.Start) for Start
    startup_mk66f18.o(.text) refers to entry.o(.ARM.Collect$$$$00000000) for __main
    system_mk66.o(i.SYSTEM_CLK) refers to system_mk66.o(i.div_set) for div_set
    system_mk66.o(i.Start) refers to system_mk66.o(i.Disable_Wdog) for Disable_Wdog
    system_mk66.o(i.Start) refers to system_mk66.o(i.SYSTEM_CLK) for SYSTEM_CLK
    system_mk66.o(i.Start) refers to mk60_gpio.o(i.gpio_init) for gpio_init
    common.o(i.get_clk) refers to mk60_uart.o(i.uart_init) for uart_init
    common.o(i.get_clk) refers to common.o(.data) for mcgout_clk_mhz
    mk60_adc.o(i.adc_init) refers to mk60_port.o(i.port_init) for port_init
    mk60_adc.o(i.adc_once) refers to mk60_adc.o(i.adc_start) for adc_start
    mk60_adc.o(i.adc_once) refers to mk60_adc.o(.constdata) for ADCX
    mk60_adc.o(i.adc_start) refers to mk60_adc.o(.constdata) for ADCX
    mk60_adc.o(i.adc_stop) refers to mk60_adc.o(.constdata) for ADCX
    mk60_cmt.o(i.cmt_pwm_duty) refers to mk60_cmt.o(.data) for cmt_period
    mk60_cmt.o(i.cmt_pwm_freq) refers to common.o(.data) for bus_clk_mhz
    mk60_cmt.o(i.cmt_pwm_freq) refers to mk60_cmt.o(.data) for cmt_period
    mk60_cmt.o(i.cmt_pwm_init) refers to mk60_port.o(i.port_init) for port_init
    mk60_cmt.o(i.cmt_pwm_init) refers to common.o(.data) for bus_clk_mhz
    mk60_cmt.o(i.cmt_pwm_init) refers to mk60_cmt.o(.data) for cmt_period
    mk60_dac.o(i.dac_init) refers to mk60_dac.o(.constdata) for DACX
    mk60_dac.o(i.dac_out) refers to mk60_dac.o(.constdata) for DACX
    mk60_dma.o(i.dma_portx2buff_init) refers to mk60_port.o(i.port_init) for port_init
    mk60_dma.o(i.dma_portx2buff_init) refers to mk60_gpio.o(i.gpio_init) for gpio_init
    mk60_flash.o(i.FLASH_EraseSector) refers to mk60_flash.o(i.FlashCmdStart) for FlashCmdStart
    mk60_flash.o(i.FLASH_WriteSector) refers to mk60_flash.o(i.FlashCmdStart) for FlashCmdStart
    mk60_flash.o(i.FlashCmdStart) refers to mk60_flash.o(.data) for s_flash_command_run
    mk60_ftm.o(i.FTM_port_mux) refers to mk60_port.o(i.port_init) for port_init
    mk60_ftm.o(i.ftm_input_clean) refers to mk60_ftm.o(.constdata) for FTMX
    mk60_ftm.o(i.ftm_input_get) refers to mk60_ftm.o(.constdata) for FTMX
    mk60_ftm.o(i.ftm_input_init) refers to mk60_ftm.o(i.FTM_port_mux) for FTM_port_mux
    mk60_ftm.o(i.ftm_input_init) refers to mk60_ftm.o(.constdata) for FTMX
    mk60_ftm.o(i.ftm_input_init) refers to common.o(.data) for bus_clk_mhz
    mk60_ftm.o(i.ftm_pwm_duty) refers to mk60_ftm.o(.data) for period
    mk60_ftm.o(i.ftm_pwm_duty) refers to mk60_ftm.o(.constdata) for FTMX
    mk60_ftm.o(i.ftm_pwm_freq) refers to common.o(.data) for bus_clk_mhz
    mk60_ftm.o(i.ftm_pwm_freq) refers to mk60_ftm.o(.data) for period
    mk60_ftm.o(i.ftm_pwm_freq) refers to mk60_ftm.o(.constdata) for FTMX
    mk60_ftm.o(i.ftm_pwm_init) refers to mk60_ftm.o(i.FTM_port_mux) for FTM_port_mux
    mk60_ftm.o(i.ftm_pwm_init) refers to common.o(.data) for bus_clk_mhz
    mk60_ftm.o(i.ftm_pwm_init) refers to mk60_ftm.o(.data) for period
    mk60_ftm.o(i.ftm_pwm_init) refers to mk60_ftm.o(.constdata) for FTMX
    mk60_ftm.o(i.ftm_quad_clean) refers to mk60_ftm.o(.constdata) for FTMX
    mk60_ftm.o(i.ftm_quad_get) refers to mk60_ftm.o(.constdata) for FTMX
    mk60_ftm.o(i.ftm_quad_init) refers to mk60_port.o(i.port_init) for port_init
    mk60_ftm.o(i.ftm_quad_init) refers to mk60_ftm.o(.constdata) for FTMX
    mk60_gpio.o(i.gpio_ddr) refers to mk60_gpio.o(.constdata) for GPIOX
    mk60_gpio.o(i.gpio_get) refers to mk60_gpio.o(.constdata) for GPIOX
    mk60_gpio.o(i.gpio_init) refers to mk60_gpio.o(.constdata) for PORTX
[...]
    Removing mk60_spi.o(.data), (12 bytes).
    Removing mk60_systick.o(.rev16_text), (4 bytes).
    Removing mk60_systick.o(.revsh_text), (4 bytes).
    Removing mk60_systick.o(i.systick_getval), (8 bytes).
    Removing mk60_systick.o(i.systick_timing), (24 bytes).
    Removing mk60_uart.o(.rev16_text), (4 bytes).
    Removing mk60_uart.o(.revsh_text), (4 bytes).
    Removing mk60_uart.o(i.NVIC_DisableIRQ), (24 bytes).
    Removing mk60_uart.o(i.fputc), (18 bytes).
    Removing mk60_uart.o(i.uart_putstr), (26 bytes).
    Removing mk60_uart.o(i.uart_querychar), (36 bytes).
    Removing mk60_uart.o(i.uart_rx_irq_dis), (68 bytes).
    Removing mk60_uart.o(i.uart_txc_irq_dis), (68 bytes).
    Removing mk60_uart.o(i.uart_txc_irq_en), (56 bytes).
    Removing mk60_wdog.o(.rev16_text), (4 bytes).
    Removing mk60_wdog.o(.revsh_text), (4 bytes).
    Removing mk60_wdog.o(i.wdog_disable), (24 bytes).
    Removing mk60_wdog.o(i.wdog_enable), (24 bytes).
    Removing mk60_wdog.o(i.wdog_feed), (36 bytes).
    Removing mk60_wdog.o(i.wdog_init_ms), (40 bytes).
    Removing mk60_wdog.o(i.wdog_unlock), (36 bytes).
    Removing task_control.o(.rev16_text), (4 bytes).
    Removing task_control.o(.revsh_text), (4 bytes).
    Removing task_camera.o(.rev16_text), (4 bytes).
    Removing task_camera.o(.revsh_text), (4 bytes).
    Removing task_ui.o(.rev16_text), (4 bytes).
    Removing task_ui.o(.revsh_text), (4 bytes).
    Removing isr.o(.rev16_text), (4 bytes).
    Removing isr.o(.revsh_text), (4 bytes).
    Removing main.o(.rev16_text), (4 bytes).
    Removing main.o(.revsh_text), (4 bytes).
    Removing task_init.o(.rev16_text), (4 bytes).
    Removing task_init.o(.revsh_text), (4 bytes).
    Removing seekfree_fun.o(.rev16_text), (4 bytes).
    Removing seekfree_fun.o(.revsh_text), (4 bytes).
    Removing seekfree_fun.o(i.limit), (70 bytes).
    Removing seekfree_fun.o(i.limit_ab), (14 bytes).
    Removing seekfree_fun.o(i.my_delay), (12 bytes).
    Removing seekfree_fun.o(i.myabs), (14 bytes).
    Removing seekfree_iic.o(.rev16_text), (4 bytes).
    Removing seekfree_iic.o(.revsh_text), (4 bytes).
    Removing seekfree_iic.o(i.I2C_SendACK), (62 bytes).
    Removing seekfree_iic.o(i.IIC_init), (40 bytes).
    Removing seekfree_iic.o(i.IIC_start), (44 bytes).
    Removing seekfree_iic.o(i.IIC_stop), (48 bytes).
    Removing seekfree_iic.o(i.SCCB_WaitAck), (86 bytes).
    Removing seekfree_iic.o(i.read_ch), (118 bytes).
    Removing seekfree_iic.o(i.read_ch1), (120 bytes).
    Removing seekfree_iic.o(i.send_ch), (76 bytes).
    Removing seekfree_iic.o(i.simiic_delay), (16 bytes).
    Removing seekfree_iic.o(i.simiic_read_reg), (72 bytes).
    Removing seekfree_iic.o(i.simiic_read_regs), (98 bytes).
    Removing seekfree_iic.o(i.simiic_write_reg), (42 bytes).
    Removing seekfree_iic.o(.data), (9 bytes).
    Removing seekfree_mpu6050.o(.rev16_text), (4 bytes).
    Removing seekfree_mpu6050.o(.revsh_text), (4 bytes).
    Removing seekfree_mpu6050.o(i.GetData), (38 bytes).
    Removing seekfree_mpu6050.o(i.Get_AccData), (52 bytes).
    Removing seekfree_mpu6050.o(i.Get_Gyro), (52 bytes).
    Removing seekfree_mpu6050.o(i.InitMPU6050), (74 bytes).
    Removing seekfree_mpu6050.o(.data), (12 bytes).
    Removing seekfree_mt9v032.o(.rev16_text), (4 bytes).
    Removing seekfree_mt9v032.o(.revsh_text), (4 bytes).
    Removing seekfree_mt9v032.o(i.get_version), (76 bytes).
    Removing seekfree_mt9v032.o(i.seekfree_sendimg_032), (52 bytes).
    Removing seekfree_mt9v032.o(i.set_exposure_time), (80 bytes).
    Removing seekfree_mt9v032.o(i.set_mt9v032_reg), (124 bytes).
    Removing seekfree_nrf24l01.o(.rev16_text), (4 bytes).
    Removing seekfree_nrf24l01.o(.revsh_text), (4 bytes).
    Removing seekfree_nrf24l01.o(i.NRF_Dev_Init), (236 bytes).
    Removing seekfree_nrf24l01.o(i.NRF_Rece_Packet), (54 bytes).
    Removing seekfree_nrf24l01.o(i.NRF_SPI_R_Reg_Burst), (60 bytes).
    Removing seekfree_nrf24l01.o(i.NRF_SPI_R_Reg_Byte), (38 bytes).
    Removing seekfree_nrf24l01.o(i.NRF_SPI_WR_Byte), (58 bytes).
    Removing seekfree_nrf24l01.o(i.NRF_SPI_W_Cmd_Byte), (32 bytes).
    Removing seekfree_nrf24l01.o(i.NRF_SPI_W_Reg_Burst), (58 bytes).
    Removing seekfree_nrf24l01.o(i.NRF_SPI_W_Reg_Byte), (40 bytes).
    Removing seekfree_nrf24l01.o(i.NRF_Send_Packet), (136 bytes).
    Removing seekfree_nrf24l01.o(.bss), (64 bytes).
    Removing seekfree_nrf24l01.o(.data), (5 bytes).
    Removing seekfree_oled.o(.rev16_text), (4 bytes).
    Removing seekfree_oled.o(.revsh_text), (4 bytes).
    Removing seekfree_oled.o(i.OLED_ClrPixel), (72 bytes).
    Removing seekfree_oled.o(i.OLED_HEXACSII), (48 bytes).
    Removing seekfree_oled.o(i.OLED_P8x16Str), (136 bytes).
    Removing seekfree_oled.o(i.OLED_Print_Num), (52 bytes).
    Removing seekfree_oled.o(i.OLED_Print_Num1), (92 bytes).
    Removing seekfree_oled.o(i.OLED_PutPixel), (72 bytes).
    Removing seekfree_oled.o(i.OLED_Wr6Dat), (80 bytes).
    Removing seekfree_oled.o(i.dis_bmp), (472 bytes).
    Removing seekfree_tsl1401.o(.rev16_text), (4 bytes).
    Removing seekfree_tsl1401.o(.revsh_text), (4 bytes).
    Removing seekfree_tsl1401.o(i.ccd_collect), (100 bytes).
    Removing seekfree_tsl1401.o(i.ccd_init), (88 bytes).
    Removing seekfree_tsl1401.o(.bss), (256 bytes).
    Removing font.o(.rev16_text), (4 bytes).
    Removing font.o(.revsh_text), (4 bytes).
    Removing font.o(.constdata), (3040 bytes).
    Removing diskio.o(.rev16_text), (4 bytes).
    Removing diskio.o(.revsh_text), (4 bytes).
    Removing diskio.o(i.disk_initialize), (18 bytes).
    Removing diskio.o(i.disk_ioctl), (80 bytes).
    Removing diskio.o(i.disk_read), (34 bytes).
    Removing diskio.o(i.disk_status), (16 bytes).
    Removing diskio.o(i.disk_write), (34 bytes).
    Removing ff.o(i.check_fs), (144 bytes).
    Removing ff.o(i.chk_chr), (24 bytes).
    Removing ff.o(i.chk_lock), (140 bytes).
    Removing ff.o(i.chk_mounted), (940 bytes).
    Removing ff.o(i.clear_lock), (48 bytes).
    Removing ff.o(i.clmt_clust), (50 bytes).
    Removing ff.o(i.clust2sect), (26 bytes).
    Removing ff.o(i.create_chain), (202 bytes).
    Removing ff.o(i.create_name), (368 bytes).
    Removing ff.o(i.dec_lock), (76 bytes).
    Removing ff.o(i.dir_alloc), (86 bytes).
    Removing ff.o(i.dir_find), (92 bytes).
    Removing ff.o(i.dir_next), (276 bytes).
    Removing ff.o(i.dir_read), (108 bytes).
    Removing ff.o(i.dir_register), (58 bytes).
    Removing ff.o(i.dir_remove), (44 bytes).
    Removing ff.o(i.dir_sdi), (156 bytes).
    Removing ff.o(i.enq_lock), (40 bytes).
    Removing ff.o(i.f_chdir), (84 bytes).
    Removing ff.o(i.f_chdrive), (24 bytes).
    Removing ff.o(i.f_chmod), (96 bytes).
    Removing ff.o(i.f_close), (32 bytes).
    Removing ff.o(i.f_getcwd), (300 bytes).
    Removing ff.o(i.f_getfree), (260 bytes).
    Removing ff.o(i.f_gets), (88 bytes).
    Removing ff.o(i.f_lseek), (732 bytes).
    Removing ff.o(i.f_mkdir), (362 bytes).
    Removing ff.o(i.f_mkfs), (1588 bytes).
    Removing ff.o(i.f_mount), (52 bytes).
    Removing ff.o(i.f_open), (406 bytes).
    Removing ff.o(i.f_opendir), (112 bytes).
    Removing ff.o(i.f_printf), (690 bytes).
    Removing ff.o(i.f_putc), (52 bytes).
    Removing ff.o(i.f_puts), (44 bytes).
    Removing ff.o(i.f_read), (474 bytes).
    Removing ff.o(i.f_readdir), (88 bytes).
    Removing ff.o(i.f_rename), (300 bytes).
    Removing ff.o(i.f_stat), (58 bytes).
    Removing ff.o(i.f_sync), (174 bytes).
    Removing ff.o(i.f_truncate), (154 bytes).
    Removing ff.o(i.f_unlink), (202 bytes).
    Removing ff.o(i.f_utime), (98 bytes).
    Removing ff.o(i.f_write), (542 bytes).
    Removing ff.o(i.follow_path), (176 bytes).
    Removing ff.o(i.get_fat), (228 bytes).
    Removing ff.o(i.get_fileinfo), (158 bytes).
    Removing ff.o(i.inc_lock), (220 bytes).
    Removing ff.o(i.ld_clust), (32 bytes).
    Removing ff.o(i.mem_cmp), (38 bytes).
    Removing ff.o(i.mem_cpy), (26 bytes).
    Removing ff.o(i.mem_set), (20 bytes).
    Removing ff.o(i.move_window), (50 bytes).
    Removing ff.o(i.put_fat), (310 bytes).
    Removing ff.o(i.remove_chain), (104 bytes).
    Removing ff.o(i.st_clust), (16 bytes).
    Removing ff.o(i.sync_fs), (200 bytes).
    Removing ff.o(i.sync_window), (82 bytes).
    Removing ff.o(i.validate), (54 bytes).
    Removing ff.o(.bss), (96 bytes).
    Removing ff.o(.constdata), (172 bytes).
    Removing ff.o(.data), (7 bytes).
    Removing event_groups.o(i.prvTestWaitCondition), (30 bytes).
    Removing event_groups.o(i.uxEventGroupGetNumber), (14 bytes).
    Removing event_groups.o(i.vEventGroupClearBitsCallback), (16 bytes).
    Removing event_groups.o(i.vEventGroupDelete), (66 bytes).
    Removing event_groups.o(i.vEventGroupSetBitsCallback), (16 bytes).
    Removing event_groups.o(i.vEventGroupSetNumber), (4 bytes).
    Removing event_groups.o(i.xEventGroupClearBits), (60 bytes).
    Removing event_groups.o(i.xEventGroupCreate), (26 bytes).
    Removing event_groups.o(i.xEventGroupGetBitsFromISR), (28 bytes).
    Removing event_groups.o(i.xEventGroupSetBits), (174 bytes).
    Removing event_groups.o(i.xEventGroupSync), (208 bytes).
    Removing event_groups.o(i.xEventGroupWaitBits), (262 bytes).
    Removing queue.o(i.pcQueueGetName), (44 bytes).
    Removing queue.o(i.prvGetDisinheritPriorityAfterTimeout), (20 bytes).
    Removing queue.o(i.prvInitialiseMutex), (30 bytes).
    Removing queue.o(i.ucQueueGetQueueType), (8 bytes).
    Removing queue.o(i.uxQueueGetQueueNumber), (6 bytes).
    Removing queue.o(i.uxQueueMessagesWaiting), (26 bytes).
    Removing queue.o(i.uxQueueMessagesWaitingFromISR), (16 bytes).
    Removing queue.o(i.uxQueueSpacesAvailable), (32 bytes).
    Removing queue.o(i.vQueueDelete), (28 bytes).
    Removing queue.o(i.vQueueSetQueueNumber), (4 bytes).
    Removing queue.o(i.vQueueUnregisterQueue), (48 bytes).
    Removing queue.o(i.xQueueCreateCountingSemaphore), (60 bytes).
    Removing queue.o(i.xQueueCreateMutex), (34 bytes).
    Removing queue.o(i.xQueueGiveFromISR), (148 bytes).
    Removing queue.o(i.xQueueGiveMutexRecursive), (56 bytes).
    Removing queue.o(i.xQueueIsQueueEmptyFromISR), (24 bytes).
    Removing queue.o(i.xQueueIsQueueFullFromISR), (30 bytes).
    Removing queue.o(i.xQueuePeek), (290 bytes).
    Removing queue.o(i.xQueuePeekFromISR), (100 bytes).
    Removing queue.o(i.xQueueReceiveFromISR), (142 bytes).
    Removing queue.o(i.xQueueSemaphoreTake), (346 bytes).
    Removing queue.o(i.xQueueTakeMutexRecursive), (62 bytes).
    Removing tasks.o(i.eTaskGetState), (132 bytes).
    Removing tasks.o(i.pcTaskGetName), (32 bytes).
    Removing tasks.o(i.prvListTasksWithinSingleList), (106 bytes).
    Removing tasks.o(i.prvTaskCheckFreeStackSpace), (22 bytes).
    Removing tasks.o(i.prvTaskIsTaskSuspended), (72 bytes).
    Removing tasks.o(i.pvTaskIncrementMutexHeldCount), (32 bytes).
    Removing tasks.o(i.ulTaskNotifyTake), (100 bytes).
    Removing tasks.o(i.uxTaskGetNumberOfTasks), (12 bytes).
    Removing tasks.o(i.uxTaskGetSystemState), (176 bytes).
    Removing tasks.o(i.uxTaskGetTaskNumber), (14 bytes).
    Removing tasks.o(i.uxTaskPriorityGet), (36 bytes).
    Removing tasks.o(i.uxTaskPriorityGetFromISR), (44 bytes).
    Removing tasks.o(i.uxTaskResetEventItemValue), (28 bytes).
    Removing tasks.o(i.vTaskDelayUntil), (148 bytes).
    Removing tasks.o(i.vTaskEndScheduler), (20 bytes).
    Removing tasks.o(i.vTaskGetInfo), (132 bytes).
    Removing tasks.o(i.vTaskNotifyGiveFromISR), (180 bytes).
    Removing tasks.o(i.vTaskPlaceOnUnorderedEventList), (76 bytes).
    Removing tasks.o(i.vTaskPriorityDisinheritAfterTimeout), (176 bytes).
    Removing tasks.o(i.vTaskPrioritySet), (224 bytes).
    Removing tasks.o(i.vTaskRemoveFromUnorderedEventList), (128 bytes).
    Removing tasks.o(i.vTaskResume), (112 bytes).
    Removing tasks.o(i.vTaskSetTaskNumber), (8 bytes).
    Removing tasks.o(i.vTaskSetTimeOutState), (44 bytes).
    Removing tasks.o(i.vTaskSuspend), (168 bytes).
    Removing tasks.o(i.xTaskGenericNotify), (232 bytes).
    Removing tasks.o(i.xTaskGenericNotifyFromISR), (284 bytes).
    Removing tasks.o(i.xTaskGetCurrentTaskHandle), (12 bytes).
    Removing tasks.o(i.xTaskGetTickCountFromISR), (12 bytes).
    Removing tasks.o(i.xTaskNotifyStateClear), (52 bytes).
    Removing tasks.o(i.xTaskNotifyWait), (144 bytes).
    Removing tasks.o(i.xTaskPriorityInherit), (164 bytes).
    Removing tasks.o(i.xTaskResumeFromISR), (136 bytes).
    Removing timers.o(i.pcTimerGetName), (16 bytes).
    Removing timers.o(i.prvInitialiseNewTimer), (74 bytes).
    Removing timers.o(i.pvTimerGetTimerID), (28 bytes).
    Removing timers.o(i.uxTimerGetTimerNumber), (6 bytes).
    Removing timers.o(i.vTimerSetReloadMode), (54 bytes).
    Removing timers.o(i.vTimerSetTimerID), (28 bytes).
    Removing timers.o(i.vTimerSetTimerNumber), (4 bytes).
    Removing timers.o(i.xTimerCreate), (54 bytes).
    Removing timers.o(i.xTimerGetExpiryTime), (16 bytes).
    Removing timers.o(i.xTimerGetPeriod), (16 bytes).
    Removing timers.o(i.xTimerGetTimerDaemonTaskHandle), (32 bytes).
    Removing timers.o(i.xTimerIsTimerActive), (42 bytes).
    Removing heap_4.o(i.vPortInitialiseBlocks), (2 bytes).
    Removing heap_4.o(i.xPortGetFreeHeapSize), (12 bytes).
    Removing heap_4.o(i.xPortGetMinimumEverFreeHeapSize), (12 bytes).
    Removing port.o(i.vPortEndScheduler), (32 bytes).
    Removing cpustate.o(i.OSStatInit), (84 bytes).
    Removing cpustate.o(i.OS_TaskStat), (160 bytes).

356 unused section(s) (total 36433 bytes) removed from the image.

==============================================================================

Image Symbol Table

    Local Symbols

    Symbol Name                              Value     Ov Type        Size  Object(Section)

    RESET                                    0x00000000   Section     1024  startup_mk66f18.o(RESET)
    ../clib/microlib/init/entry.s            0x00000000   Number         0  entry.o ABSOLUTE
    ../clib/microlib/init/entry.s            0x00000000   Number         0  entry10a.o ABSOLUTE
    ../clib/microlib/init/entry.s            0x00000000   Number         0  entry9b.o ABSOLUTE
    ../clib/microlib/init/entry.s            0x00000000   Number         0  entry9a.o ABSOLUTE
    ../clib/microlib/init/entry.s            0x00000000   Number         0  entry7b.o ABSOLUTE
    ../clib/microlib/init/entry.s            0x00000000   Number         0  entry8b.o ABSOLUTE
    ../clib/microlib/init/entry.s            0x00000000   Number         0  entry8a.o ABSOLUTE
    ../clib/microlib/init/entry.s            0x00000000   Number         0  entry2.o ABSOLUTE
    ../clib/microlib/init/entry.s            0x00000000   Number         0  entry7a.o ABSOLUTE
    ../clib/microlib/init/entry.s            0x00000000   Number         0  entry5.o ABSOLUTE
    ../clib/microlib/init/entry.s            0x00000000   Number         0  entry10b.o ABSOLUTE
    ../clib/microlib/init/entry.s            0x00000000   Number         0  entry11a.o ABSOLUTE
    ../clib/microlib/init/entry.s            0x00000000   Number         0  entry11b.o ABSOLUTE
    ../clib/microlib/malloc/malloc.c         0x00000000   Number         0  malloc.o ABSOLUTE
    ../clib/microlib/malloc/malloc.c         0x00000000   Number         0  mallocr.o ABSOLUTE
    ../clib/microlib/malloc/malloc.c         0x00000000   Number         0  malloca.o ABSOLUTE
    ../clib/microlib/malloc/malloc.c         0x00000000   Number         0  mallocra.o ABSOLUTE
    ../clib/microlib/malloc/mvars.c          0x00000000   Number         0  mvars.o ABSOLUTE
    ../clib/microlib/string/memcpy.c         0x00000000   Number         0  memcpya.o ABSOLUTE
    ../clib/microlib/string/memcpy.c         0x00000000   Number         0  memcpyb.o ABSOLUTE
    ../clib/microlib/string/memset.c         0x00000000   Number         0  memseta.o ABSOLUTE
    ..\..\FreeRTOS\croutine.c                0x00000000   Number         0  croutine.o ABSOLUTE
    ..\..\FreeRTOS\event_groups.c            0x00000000   Number         0  event_groups.o ABSOLUTE
    ..\..\FreeRTOS\list.c                    0x00000000   Number         0  list.o ABSOLUTE
    ..\..\FreeRTOS\portable\MemMang\heap_4.c 0x00000000   Number         0  heap_4.o ABSOLUTE
    ..\..\FreeRTOS\portable\RVDS\ARM_CM4F\port.c 0x00000000   Number         0  port.o ABSOLUTE
    ..\..\FreeRTOS\queue.c                   0x00000000   Number         0  queue.o ABSOLUTE
    ..\..\FreeRTOS\tasks.c                   0x00000000   Number         0  tasks.o ABSOLUTE
    ..\..\FreeRTOS\timers.c                  0x00000000   Number         0  timers.o ABSOLUTE
    ..\..\Libraries\FatFs\diskio.c           0x00000000   Number         0  diskio.o ABSOLUTE
    ..\..\Libraries\FatFs\ff.c               0x00000000   Number         0  ff.o ABSOLUTE
    ..\..\Libraries\drives\src\MK60_adc.c    0x00000000   Number         0  mk60_adc.o ABSOLUTE
    ..\..\Libraries\drives\src\MK60_cmt.c    0x00000000   Number         0  mk60_cmt.o ABSOLUTE
    ..\..\Libraries\drives\src\MK60_dac.c    0x00000000   Number         0  mk60_dac.o ABSOLUTE
    ..\..\Libraries\drives\src\MK60_dma.c    0x00000000   Number         0  mk60_dma.o ABSOLUTE
    ..\..\Libraries\drives\src\MK60_flash.c  0x00000000   Number         0  mk60_flash.o ABSOLUTE
    ..\..\Libraries\drives\src\MK60_ftm.c    0x00000000   Number         0  mk60_ftm.o ABSOLUTE
    ..\..\Libraries\drives\src\MK60_gpio.c   0x00000000   Number         0  mk60_gpio.o ABSOLUTE
    ..\..\Libraries\drives\src\MK60_i2c.c    0x00000000   Number         0  mk60_i2c.o ABSOLUTE
    ..\..\Libraries\drives\src\MK60_lptmr.c  0x00000000   Number         0  mk60_lptmr.o ABSOLUTE
    ..\..\Libraries\drives\src\MK60_pit.c    0x00000000   Number         0  mk60_pit.o ABSOLUTE
    ..\..\Libraries\drives\src\MK60_port.c   0x00000000   Number         0  mk60_port.o ABSOLUTE
    ..\..\Libraries\drives\src\MK60_rtc.c    0x00000000   Number         0  mk60_rtc.o ABSOLUTE
    ..\..\Libraries\drives\src\MK60_sdhc.c   0x00000000   Number         0  mk60_sdhc.o ABSOLUTE
    ..\..\Libraries\drives\src\MK60_spi.c    0x00000000   Number         0  mk60_spi.o ABSOLUTE
    ..\..\Libraries\drives\src\MK60_systick.c 0x00000000   Number         0  mk60_systick.o ABSOLUTE
    ..\..\Libraries\drives\src\MK60_uart.c   0x00000000   Number         0  mk60_uart.o ABSOLUTE
    ..\..\Libraries\drives\src\MK60_wdog.c   0x00000000   Number         0  mk60_wdog.o ABSOLUTE
    ..\..\Libraries\drives\src\common.c      0x00000000   Number         0  common.o ABSOLUTE
    ..\..\Libraries\drives\src\misc.c        0x00000000   Number         0  misc.o ABSOLUTE
    ..\..\Libraries\seekfree\SEEKFREE_FUN.c  0x00000000   Number         0  seekfree_fun.o ABSOLUTE
    ..\..\Libraries\seekfree\SEEKFREE_IIC.c  0x00000000   Number         0  seekfree_iic.o ABSOLUTE
    ..\..\Libraries\seekfree\SEEKFREE_MPU6050.c 0x00000000   Number         0  seekfree_mpu6050.o ABSOLUTE
    ..\..\Libraries\seekfree\SEEKFREE_MT9V032.c 0x00000000   Number         0  seekfree_mt9v032.o ABSOLUTE
    ..\..\Libraries\seekfree\SEEKFREE_NRF24L01.c 0x00000000   Number         0  seekfree_nrf24l01.o ABSOLUTE
    ..\..\Libraries\seekfree\SEEKFREE_OLED.c 0x00000000   Number         0  seekfree_oled.o ABSOLUTE
    ..\..\Libraries\seekfree\SEEKFREE_TSL1401.c 0x00000000   Number         0  seekfree_tsl1401.o ABSOLUTE
    ..\..\Libraries\seekfree\font.c          0x00000000   Number         0  font.o ABSOLUTE
    ..\..\Libraries\startup\DeviceSupport\MDK-ARM\startup_MK66F18.s 0x00000000   Number         0  startup_mk66f18.o ABSOLUTE
    ..\..\Libraries\startup\DeviceSupport\system_MK66.c 0x00000000   Number         0  system_mk66.o ABSOLUTE
    ..\USER\cpustate.c                       0x00000000   Number         0  cpustate.o ABSOLUTE
    ..\USER\src\isr.c                        0x00000000   Number         0  isr.o ABSOLUTE
    ..\USER\src\main.c                       0x00000000   Number         0  main.o ABSOLUTE
    ..\\..\\FreeRTOS\\portable\\RVDS\\ARM_CM4F\\port.c 0x00000000   Number         0  port.o ABSOLUTE
    ..\\..\\Libraries\\FatFs\\diskio.c       0x00000000   Number         0  diskio.o ABSOLUTE
    ..\\..\\Libraries\\drives\\src\\MK60_adc.c 0x00000000   Number         0  mk60_adc.o ABSOLUTE
    ..\\..\\Libraries\\drives\\src\\MK60_cmt.c 0x00000000   Number         0  mk60_cmt.o ABSOLUTE
    ..\\..\\Libraries\\drives\\src\\MK60_dac.c 0x00000000   Number         0  mk60_dac.o ABSOLUTE
    ..\\..\\Libraries\\drives\\src\\MK60_dma.c 0x00000000   Number         0  mk60_dma.o ABSOLUTE
    ..\\..\\Libraries\\drives\\src\\MK60_flash.c 0x00000000   Number         0  mk60_flash.o ABSOLUTE
    ..\\..\\Libraries\\drives\\src\\MK60_ftm.c 0x00000000   Number         0  mk60_ftm.o ABSOLUTE
    ..\\..\\Libraries\\drives\\src\\MK60_gpio.c 0x00000000   Number         0  mk60_gpio.o ABSOLUTE
    ..\\..\\Libraries\\drives\\src\\MK60_i2c.c 0x00000000   Number         0  mk60_i2c.o ABSOLUTE
    ..\\..\\Libraries\\drives\\src\\MK60_lptmr.c 0x00000000   Number         0  mk60_lptmr.o ABSOLUTE
    ..\\..\\Libraries\\drives\\src\\MK60_pit.c 0x00000000   Number         0  mk60_pit.o ABSOLUTE
    ..\\..\\Libraries\\drives\\src\\MK60_port.c 0x00000000   Number         0  mk60_port.o ABSOLUTE
    ..\\..\\Libraries\\drives\\src\\MK60_rtc.c 0x00000000   Number         0  mk60_rtc.o ABSOLUTE
    ..\\..\\Libraries\\drives\\src\\MK60_sdhc.c 0x00000000   Number         0  mk60_sdhc.o ABSOLUTE
    ..\\..\\Libraries\\drives\\src\\MK60_spi.c 0x00000000   Number         0  mk60_spi.o ABSOLUTE
    ..\\..\\Libraries\\drives\\src\\MK60_systick.c 0x00000000   Number         0  mk60_systick.o ABSOLUTE
    ..\\..\\Libraries\\drives\\src\\MK60_uart.c 0x00000000   Number         0  mk60_uart.o ABSOLUTE
    ..\\..\\Libraries\\drives\\src\\MK60_wdog.c 0x00000000   Number         0  mk60_wdog.o ABSOLUTE
    ..\\..\\Libraries\\drives\\src\\common.c 0x00000000   Number         0  common.o ABSOLUTE
    ..\\..\\Libraries\\drives\\src\\misc.c   0x00000000   Number         0  misc.o ABSOLUTE
    ..\\..\\Libraries\\seekfree\\SEEKFREE_FUN.c 0x00000000   Number         0  seekfree_fun.o ABSOLUTE
    ..\\..\\Libraries\\seekfree\\SEEKFREE_IIC.c 0x00000000   Number         0  seekfree_iic.o ABSOLUTE
    ..\\..\\Libraries\\seekfree\\SEEKFREE_MPU6050.c 0x00000000   Number         0  seekfree_mpu6050.o ABSOLUTE
    ..\\..\\Libraries\\seekfree\\SEEKFREE_MT9V032.c 0x00000000   Number         0  seekfree_mt9v032.o ABSOLUTE
    ..\\..\\Libraries\\seekfree\\SEEKFREE_NRF24L01.c 0x00000000   Number         0  seekfree_nrf24l01.o ABSOLUTE
    ..\\..\\Libraries\\seekfree\\SEEKFREE_OLED.c 0x00000000   Number         0  seekfree_oled.o ABSOLUTE
    ..\\..\\Libraries\\seekfree\\SEEKFREE_TSL1401.c 0x00000000   Number         0  seekfree_tsl1401.o ABSOLUTE
    ..\\..\\Libraries\\seekfree\\font.c      0x00000000   Number         0  font.o ABSOLUTE
    ..\\..\\Libraries\\startup\\DeviceSupport\\system_MK66.c 0x00000000   Number         0  system_mk66.o ABSOLUTE
    ..\\USER\\src\\isr.c                     0x00000000   Number         0  isr.o ABSOLUTE
    ..\\USER\\src\\main.c                    0x00000000   Number         0  main.o ABSOLUTE
    dc.s                                     0x00000000   Number         0  dc.o ABSOLUTE
    handlers.s                               0x00000000   Number         0  handlers.o ABSOLUTE
    init.s                                   0x00000000   Number         0  init.o ABSOLUTE
    task_UI.c                                0x00000000   Number         0  task_ui.o ABSOLUTE
    task_UI.c                                0x00000000   Number         0  task_ui.o ABSOLUTE
    task_camera.c                            0x00000000   Number         0  task_camera.o ABSOLUTE
    task_camera.c                            0x00000000   Number         0  task_camera.o ABSOLUTE
    task_control.c                           0x00000000   Number         0  task_control.o ABSOLUTE
    task_control.c                           0x00000000   Number         0  task_control.o ABSOLUTE
    task_init.c                              0x00000000   Number         0  task_init.o ABSOLUTE
    task_init.c                              0x00000000   Number         0  task_init.o ABSOLUTE
    .ARM.__at_0x400                          0x00000400   Section       16  startup_mk66f18.o(.ARM.__at_0x400)
    .ARM.Collect$$$$00000000                 0x00000410   Section        0  entry.o(.ARM.Collect$$$$00000000)
    .ARM.Collect$$$$00000001                 0x00000410   Section        4  entry2.o(.ARM.Collect$$$$00000001)
    .ARM.Collect$$$$00000004                 0x00000414   Section        4  entry5.o(.ARM.Collect$$$$00000004)
    .ARM.Collect$$$$00000008                 0x00000418   Section        0  entry7b.o(.ARM.Collect$$$$00000008)
    .ARM.Collect$$$$0000000A                 0x00000418   Section        0  entry8b.o(.ARM.Collect$$$$0000000A)
    .ARM.Collect$$$$0000000B                 0x00000418   Section        8  entry9a.o(.ARM.Collect$$$$0000000B)
    .ARM.Collect$$$$0000000D                 0x00000420   Section        0  entry10a.o(.ARM.Collect$$$$0000000D)
    .ARM.Collect$$$$0000000F                 0x00000420   Section        0  entry11a.o(.ARM.Collect$$$$0000000F)
    .ARM.Collect$$$$00002712                 0x00000420   Section        4  entry2.o(.ARM.Collect$$$$00002712)
    __lit__00000000                          0x00000420   Data           4  entry2.o(.ARM.Collect$$$$00002712)
    .emb_text                                0x00000424   Section      120  port.o(.emb_text)
    $v0                                      0x00000424   Number         0  port.o(.emb_text)
    .text                                    0x0000049c   Section       40  startup_mk66f18.o(.text)
    $v0                                      0x0000049c   Number         0  startup_mk66f18.o(.text)
    .text                                    0x000004c4   Section        0  memcpya.o(.text)
    .text                                    0x000004e8   Section        0  memseta.o(.text)
    .text                                    0x0000050c   Section       36  init.o(.text)
    i.DMA0_IRQHandler                        0x00000530   Section        0  isr.o(i.DMA0_IRQHandler)
    i.Disable_Wdog                           0x00000548   Section        0  system_mk66.o(i.Disable_Wdog)
    i.NMI_Handler                            0x00000564   Section        0  system_mk66.o(i.NMI_Handler)
    i.NVIC_EnableIRQ                         0x00000566   Section        0  mk60_uart.o(i.NVIC_EnableIRQ)
    NVIC_EnableIRQ                           0x00000567   Thumb Code    22  mk60_uart.o(i.NVIC_EnableIRQ)
    i.NVIC_EnableIRQ                         0x0000057c   Section        0  seekfree_mt9v032.o(i.NVIC_EnableIRQ)
    NVIC_EnableIRQ                           0x0000057d   Thumb Code    22  seekfree_mt9v032.o(i.NVIC_EnableIRQ)
    i.OLED_DLY_ms                            0x00000592   Section        0  seekfree_oled.o(i.OLED_DLY_ms)
    i.OLED_Fill                              0x000005ae   Section        0  seekfree_oled.o(i.OLED_Fill)
    i.OLED_Init                              0x000005e8   Section        0  seekfree_oled.o(i.OLED_Init)
    i.OLED_P6x8Str                           0x00000708   Section        0  seekfree_oled.o(i.OLED_P6x8Str)
    i.OLED_Set_Pos                           0x0000076c   Section        0  seekfree_oled.o(i.OLED_Set_Pos)
    i.OLED_WrCmd                             0x00000794   Section        0  seekfree_oled.o(i.OLED_WrCmd)
    i.OLED_WrDat                             0x000007e4   Section        0  seekfree_oled.o(i.OLED_WrDat)
    i.PIT0_IRQHandler                        0x00000834   Section        0  isr.o(i.PIT0_IRQHandler)
    i.PORTA_IRQHandler                       0x00000848   Section        0  isr.o(i.PORTA_IRQHandler)
    i.PORTC_IRQHandler                       0x00000858   Section        0  isr.o(i.PORTC_IRQHandler)
    i.SVC_Handler                            0x0000086c   Section        0  port.o(i.SVC_Handler)
    i.SYSTEM_CLK                             0x00000870   Section        0  system_mk66.o(i.SYSTEM_CLK)
    i.Start                                  0x00000928   Section        0  system_mk66.o(i.Start)
    i.SysTick_Handler                        0x00000950   Section        0  port.o(i.SysTick_Handler)
    i.Task_Camera                            0x00000974   Section        0  task_camera.o(i.Task_Camera)
    i.Task_Control                           0x0000098a   Section        0  task_control.o(i.Task_Control)
    i.Task_Init                              0x0000099c   Section        0  task_init.o(i.Task_Init)
    i.Task_UI                                0x00000a30   Section        0  task_ui.o(i.Task_UI)
    i.UART3_RX_TX_IRQHandler                 0x00000a58   Section        0  isr.o(i.UART3_RX_TX_IRQHandler)
    i.UART4_RX_TX_IRQHandler                 0x00000a74   Section        0  isr.o(i.UART4_RX_TX_IRQHandler)
    i.VSYNC                                  0x00000a84   Section        0  seekfree_mt9v032.o(i.VSYNC)
    i.__scatterload_copy                     0x00000adc   Section       14  handlers.o(i.__scatterload_copy)
    i.__scatterload_null                     0x00000aea   Section        2  handlers.o(i.__scatterload_null)
    i.__scatterload_zeroinit                 0x00000aec   Section       14  handlers.o(i.__scatterload_zeroinit)
    i.camera_init                            0x00000afc   Section        0  seekfree_mt9v032.o(i.camera_init)
    i.div_set                                0x00000c44   Section        0  system_mk66.o(i.div_set)
    i.dma_portx2buff_init                    0x00000c90   Section        0  mk60_dma.o(i.dma_portx2buff_init)
    i.get_clk                                0x00000e34   Section        0  common.o(i.get_clk)
    i.get_config                             0x00000ea8   Section        0  seekfree_mt9v032.o(i.get_config)
    i.gpio_init                              0x00000f14   Section        0  mk60_gpio.o(i.gpio_init)
    i.gpio_set                               0x00000fe8   Section        0  mk60_gpio.o(i.gpio_set)
    i.gpio_turn                              0x00001030   Section        0  mk60_gpio.o(i.gpio_turn)
    i.main                                   0x00001058   Section        0  main.o(i.main)
    i.mt9v032_cof_uart_interrupt             0x000010b8   Section        0  seekfree_mt9v032.o(i.mt9v032_cof_uart_interrupt)
    i.port_init                              0x00001108   Section        0  mk60_port.o(i.port_init)
    i.port_init_NoAlt                        0x0000117c   Section        0  mk60_port.o(i.port_init_NoAlt)
    i.prvAddCurrentTaskToDelayedList         0x000011d0   Section        0  tasks.o(i.prvAddCurrentTaskToDelayedList)
    prvAddCurrentTaskToDelayedList           0x000011d1   Thumb Code   100  tasks.o(i.prvAddCurrentTaskToDelayedList)
    i.prvAddNewTaskToReadyList               0x0000124c   Section        0  tasks.o(i.prvAddNewTaskToReadyList)
    prvAddNewTaskToReadyList                 0x0000124d   Thumb Code   142  tasks.o(i.prvAddNewTaskToReadyList)
    i.prvCheckForValidListAndQueue           0x000012f4   Section        0  timers.o(i.prvCheckForValidListAndQueue)
    prvCheckForValidListAndQueue             0x000012f5   Thumb Code    72  timers.o(i.prvCheckForValidListAndQueue)
    i.prvCheckTasksWaitingTermination        0x00001358   Section        0  tasks.o(i.prvCheckTasksWaitingTermination)
    prvCheckTasksWaitingTermination          0x00001359   Thumb Code    60  tasks.o(i.prvCheckTasksWaitingTermination)
    i.prvCopyDataFromQueue                   0x000013a0   Section        0  queue.o(i.prvCopyDataFromQueue)
    prvCopyDataFromQueue                     0x000013a1   Thumb Code    42  queue.o(i.prvCopyDataFromQueue)
    i.prvCopyDataToQueue                     0x000013ca   Section        0  queue.o(i.prvCopyDataToQueue)
    prvCopyDataToQueue                       0x000013cb   Thumb Code   126  queue.o(i.prvCopyDataToQueue)
    i.prvDeleteTCB                           0x00001448   Section        0  tasks.o(i.prvDeleteTCB)
    prvDeleteTCB                             0x00001449   Thumb Code    18  tasks.o(i.prvDeleteTCB)
    i.prvGetNextExpireTime                   0x0000145c   Section        0  timers.o(i.prvGetNextExpireTime)
    prvGetNextExpireTime                     0x0000145d   Thumb Code    36  timers.o(i.prvGetNextExpireTime)
    i.prvHeapInit                            0x00001484   Section        0  heap_4.o(i.prvHeapInit)
    prvHeapInit                              0x00001485   Thumb Code    98  heap_4.o(i.prvHeapInit)
    i.prvIdleTask                            0x00001500   Section        0  tasks.o(i.prvIdleTask)
    prvIdleTask                              0x00001501   Thumb Code    24  tasks.o(i.prvIdleTask)
    i.prvInitialiseNewQueue                  0x0000151c   Section        0  queue.o(i.prvInitialiseNewQueue)
    prvInitialiseNewQueue                    0x0000151d   Thumb Code    42  queue.o(i.prvInitialiseNewQueue)
    i.prvInitialiseNewTask                   0x00001546   Section        0  tasks.o(i.prvInitialiseNewTask)
    prvInitialiseNewTask                     0x00001547   Thumb Code   174  tasks.o(i.prvInitialiseNewTask)
    i.prvInitialiseTaskLists                 0x000015f4   Section        0  tasks.o(i.prvInitialiseTaskLists)
    prvInitialiseTaskLists                   0x000015f5   Thumb Code    70  tasks.o(i.prvInitialiseTaskLists)
    i.prvInsertBlockIntoFreeList             0x0000165c   Section        0  heap_4.o(i.prvInsertBlockIntoFreeList)
    prvInsertBlockIntoFreeList               0x0000165d   Thumb Code    96  heap_4.o(i.prvInsertBlockIntoFreeList)
    i.prvInsertTimerInActiveList             0x000016c4   Section        0  timers.o(i.prvInsertTimerInActiveList)
    prvInsertTimerInActiveList               0x000016c5   Thumb Code    80  timers.o(i.prvInsertTimerInActiveList)
    i.prvIsQueueEmpty                        0x0000171c   Section        0  queue.o(i.prvIsQueueEmpty)
    prvIsQueueEmpty                          0x0000171d   Thumb Code    26  queue.o(i.prvIsQueueEmpty)
    i.prvIsQueueFull                         0x00001736   Section        0  queue.o(i.prvIsQueueFull)
    prvIsQueueFull                           0x00001737   Thumb Code    30  queue.o(i.prvIsQueueFull)
    i.prvProcessExpiredTimer                 0x00001754   Section        0  timers.o(i.prvProcessExpiredTimer)
    prvProcessExpiredTimer                   0x00001755   Thumb Code    94  timers.o(i.prvProcessExpiredTimer)
    i.prvProcessReceivedCommands             0x000017b8   Section        0  timers.o(i.prvProcessReceivedCommands)
    prvProcessReceivedCommands               0x000017b9   Thumb Code   274  timers.o(i.prvProcessReceivedCommands)
    i.prvProcessTimerOrBlockTask             0x000018d0   Section        0  timers.o(i.prvProcessTimerOrBlockTask)
    prvProcessTimerOrBlockTask               0x000018d1   Thumb Code    90  timers.o(i.prvProcessTimerOrBlockTask)
    i.prvResetNextTaskUnblockTime            0x00001934   Section        0  tasks.o(i.prvResetNextTaskUnblockTime)
    prvResetNextTaskUnblockTime              0x00001935   Thumb Code    42  tasks.o(i.prvResetNextTaskUnblockTime)
    i.prvSampleTimeNow                       0x00001968   Section        0  timers.o(i.prvSampleTimeNow)
    prvSampleTimeNow                         0x00001969   Thumb Code    40  timers.o(i.prvSampleTimeNow)
    i.prvSetupTimerInterrupt                 0x00001994   Section        0  port.o(i.prvSetupTimerInterrupt)
    prvSetupTimerInterrupt                   0x00001995   Thumb Code    22  port.o(i.prvSetupTimerInterrupt)
    i.prvSwitchTimerLists                    0x000019ac   Section        0  timers.o(i.prvSwitchTimerLists)
    prvSwitchTimerLists                      0x000019ad   Thumb Code   138  timers.o(i.prvSwitchTimerLists)
    i.prvTaskExitError                       0x00001a40   Section        0  port.o(i.prvTaskExitError)
    prvTaskExitError                         0x00001a41   Thumb Code    28  port.o(i.prvTaskExitError)
    i.prvTimerTask                           0x00001a60   Section        0  timers.o(i.prvTimerTask)
    prvTimerTask                             0x00001a61   Thumb Code    26  timers.o(i.prvTimerTask)
    i.prvUnlockQueue                         0x00001a7a   Section        0  queue.o(i.prvUnlockQueue)
    prvUnlockQueue                           0x00001a7b   Thumb Code   126  queue.o(i.prvUnlockQueue)
    i.pvPortMalloc                           0x00001af8   Section        0  heap_4.o(i.pvPortMalloc)
    i.pxPortInitialiseStack                  0x00001c04   Section        0  port.o(i.pxPortInitialiseStack)
    i.row_finished                           0x00001c24   Section        0  seekfree_mt9v032.o(i.row_finished)
    i.systick_delay                          0x00001c30   Section        0  mk60_systick.o(i.systick_delay)
    i.systick_delay_ms                       0x00001c5c   Section        0  mk60_systick.o(i.systick_delay_ms)
    i.uart_getchar                           0x00001c80   Section        0  mk60_uart.o(i.uart_getchar)
    i.uart_init                              0x00001ca4   Section        0  mk60_uart.o(i.uart_init)
    i.uart_putbuff                           0x00001e7c   Section        0  mk60_uart.o(i.uart_putbuff)
    i.uart_putchar                           0x00001e9c   Section        0  mk60_uart.o(i.uart_putchar)
    i.uart_rx_irq_en                         0x00001ebc   Section        0  mk60_uart.o(i.uart_rx_irq_en)
    i.uxListRemove                           0x00001ef4   Section        0  list.o(i.uxListRemove)
    i.vApplicationIdleHook                   0x00001f1c   Section        0  cpustate.o(i.vApplicationIdleHook)
    i.vListInitialise                        0x00001f38   Section        0  list.o(i.vListInitialise)
    i.vListInitialiseItem                    0x00001f52   Section        0  list.o(i.vListInitialiseItem)
    i.vListInsert                            0x00001f58   Section        0  list.o(i.vListInsert)
    i.vListInsertEnd                         0x00001f8c   Section        0  list.o(i.vListInsertEnd)
    i.vPortEnterCritical                     0x00001fa4   Section        0  port.o(i.vPortEnterCritical)
    i.vPortExitCritical                      0x00001fc0   Section        0  port.o(i.vPortExitCritical)
    i.vPortFree                              0x00001fe4   Section        0  heap_4.o(i.vPortFree)
    i.vPortYield                             0x00002058   Section        0  port.o(i.vPortYield)
    i.vQueueAddToRegistry                    0x00002070   Section        0  queue.o(i.vQueueAddToRegistry)
    i.vQueueWaitForMessageRestricted         0x0000209c   Section        0  queue.o(i.vQueueWaitForMessageRestricted)
    i.vTaskDelay                             0x000020e8   Section        0  tasks.o(i.vTaskDelay)
    i.vTaskDelete                            0x00002124   Section        0  tasks.o(i.vTaskDelete)
    i.vTaskInternalSetTimeOutState           0x000021cc   Section        0  tasks.o(i.vTaskInternalSetTimeOutState)
    i.vTaskMissedYield                       0x000021e4   Section        0  tasks.o(i.vTaskMissedYield)
    i.vTaskPlaceOnEventList                  0x000021f0   Section        0  tasks.o(i.vTaskPlaceOnEventList)
    i.vTaskPlaceOnEventListRestricted        0x00002218   Section        0  tasks.o(i.vTaskPlaceOnEventListRestricted)
    i.vTaskStartScheduler                    0x00002248   Section        0  tasks.o(i.vTaskStartScheduler)
    i.vTaskSuspendAll                        0x000022bc   Section        0  tasks.o(i.vTaskSuspendAll)
    i.vTaskSwitchContext                     0x000022cc   Section        0  tasks.o(i.vTaskSwitchContext)
    i.xPortStartScheduler                    0x0000234c   Section        0  port.o(i.xPortStartScheduler)
    i.xQueueGenericCreate                    0x00002380   Section        0  queue.o(i.xQueueGenericCreate)
    i.xQueueGenericReset                     0x000023ca   Section        0  queue.o(i.xQueueGenericReset)
    i.xQueueGenericSend                      0x00002440   Section        0  queue.o(i.xQueueGenericSend)
    i.xQueueGenericSendFromISR               0x00002580   Section        0  queue.o(i.xQueueGenericSendFromISR)
    i.xQueueReceive                          0x0000262a   Section        0  queue.o(i.xQueueReceive)
    i.xTaskCheckForTimeOut                   0x00002748   Section        0  tasks.o(i.xTaskCheckForTimeOut)
    i.xTaskCreate                            0x000027b4   Section        0  tasks.o(i.xTaskCreate)
    i.xTaskGetSchedulerState                 0x00002814   Section        0  tasks.o(i.xTaskGetSchedulerState)
    i.xTaskGetTickCount                      0x00002834   Section        0  tasks.o(i.xTaskGetTickCount)
    i.xTaskIncrementTick                     0x00002840   Section        0  tasks.o(i.xTaskIncrementTick)
    i.xTaskPriorityDisinherit                0x00002974   Section        0  tasks.o(i.xTaskPriorityDisinherit)
    i.xTaskRemoveFromEventList               0x000029f8   Section        0  tasks.o(i.xTaskRemoveFromEventList)
    i.xTaskResumeAll                         0x00002a80   Section        0  tasks.o(i.xTaskResumeAll)
    i.xTimerCreateTimerTask                  0x00002b64   Section        0  timers.o(i.xTimerCreateTimerTask)
    i.xTimerGenericCommand                   0x00002ba8   Section        0  timers.o(i.xTimerGenericCommand)
    .constdata                               0x00002c1c   Section       40  mk60_gpio.o(.constdata)
    PORTX                                    0x00002c1c   Data          20  mk60_gpio.o(.constdata)
    GPIOX                                    0x00002c30   Data          20  mk60_gpio.o(.constdata)
    .constdata                               0x00002c44   Section       40  mk60_port.o(.constdata)
    PORTX                                    0x00002c44   Data          20  mk60_port.o(.constdata)
    GPIOX                                    0x00002c58   Data          20  mk60_port.o(.constdata)
    .constdata                               0x00002c6c   Section     2072  seekfree_oled.o(.constdata)
    .data                                    0x1fff0000   Section       12  common.o(.data)
    .data                                    0x1fff000c   Section       20  mk60_uart.o(.data)
    .data                                    0x1fff0020   Section        4  main.o(.data)
    .data                                    0x1fff0024   Section       12  task_init.o(.data)
    .data                                    0x1fff0030   Section       77  seekfree_mt9v032.o(.data)
    .data                                    0x1fff0080   Section       60  tasks.o(.data)
    pxDelayedTaskList                        0x1fff0084   Data           4  tasks.o(.data)
    pxOverflowDelayedTaskList                0x1fff0088   Data           4  tasks.o(.data)
    uxDeletedTasksWaitingCleanUp             0x1fff008c   Data           4  tasks.o(.data)
    uxCurrentNumberOfTasks                   0x1fff0090   Data           4  tasks.o(.data)
    xTickCount                               0x1fff0094   Data           4  tasks.o(.data)
    uxTopReadyPriority                       0x1fff0098   Data           4  tasks.o(.data)
    xSchedulerRunning                        0x1fff009c   Data           4  tasks.o(.data)
    uxPendedTicks                            0x1fff00a0   Data           4  tasks.o(.data)
    xYieldPending                            0x1fff00a4   Data           4  tasks.o(.data)
    xNumOfOverflows                          0x1fff00a8   Data           4  tasks.o(.data)
    uxTaskNumber                             0x1fff00ac   Data           4  tasks.o(.data)
    xNextTaskUnblockTime                     0x1fff00b0   Data           4  tasks.o(.data)
    xIdleTaskHandle                          0x1fff00b4   Data           4  tasks.o(.data)
    uxSchedulerSuspended                     0x1fff00b8   Data           4  tasks.o(.data)
    .data                                    0x1fff00bc   Section       20  timers.o(.data)
    pxCurrentTimerList                       0x1fff00bc   Data           4  timers.o(.data)
    pxOverflowTimerList                      0x1fff00c0   Data           4  timers.o(.data)
    xTimerQueue                              0x1fff00c4   Data           4  timers.o(.data)
    xTimerTaskHandle                         0x1fff00c8   Data           4  timers.o(.data)
    xLastTime                                0x1fff00cc   Data           4  timers.o(.data)
    .data                                    0x1fff00d0   Section       24  heap_4.o(.data)
    xStart                                   0x1fff00d0   Data           8  heap_4.o(.data)
    pxEnd                                    0x1fff00d8   Data           4  heap_4.o(.data)
    xFreeBytesRemaining                      0x1fff00dc   Data           4  heap_4.o(.data)
    xMinimumEverFreeBytesRemaining           0x1fff00e0   Data           4  heap_4.o(.data)
    xBlockAllocatedBit                       0x1fff00e4   Data           4  heap_4.o(.data)
    .data                                    0x1fff00e8   Section        4  port.o(.data)
    uxCriticalNesting                        0x1fff00e8   Data           4  port.o(.data)
    .data                                    0x1fff00ec   Section       16  cpustate.o(.data)
    .bss                                     0x1fff00fc   Section    22560  seekfree_mt9v032.o(.bss)
    .bss                                     0x1fff591c   Section       64  queue.o(.bss)
    .bss                                     0x1fff595c   Section      220  tasks.o(.bss)
    pxReadyTasksLists                        0x1fff595c   Data         120  tasks.o(.bss)
    xDelayedTaskList1                        0x1fff59d4   Data          20  tasks.o(.bss)
    xDelayedTaskList2                        0x1fff59e8   Data          20  tasks.o(.bss)
    xPendingReadyList                        0x1fff59fc   Data          20  tasks.o(.bss)
    xTasksWaitingTermination                 0x1fff5a10   Data          20  tasks.o(.bss)
    xSuspendedTaskList                       0x1fff5a24   Data          20  tasks.o(.bss)
    .bss                                     0x1fff5a38   Section       40  timers.o(.bss)
    xActiveTimerList1                        0x1fff5a38   Data          20  timers.o(.bss)
    xActiveTimerList2                        0x1fff5a4c   Data          20  timers.o(.bss)
    .bss                                     0x1fff5a60   Section     7372  heap_4.o(.bss)
    ucHeap                                   0x1fff5a60   Data        7372  heap_4.o(.bss)
    STACK                                    0x1fff7730   Section     1024  startup_mk66f18.o(STACK)

    Global Symbols

    Symbol Name                              Value     Ov Type        Size  Object(Section)

    BuildAttributes$$THM_ISAv4$E$P$D$K$B$S$7EM$VFPi3$EXTD16$VFPS$VFMA$PE$A:L22UL41UL21$X:L11$S22US41US21$IEEE1$IW$USESV6$~STKCKD$USESV7$~SHL$OSPACE$EBA8$MICROLIB$REQ8$PRES8$EABIv2 0x00000000   Number         0  anon$$obj.o ABSOLUTE
    __ARM_use_no_argv                        0x00000000   Number         0  main.o ABSOLUTE
    __Vectors                                0x00000000   Data           4  startup_mk66f18.o(RESET)
    __cpp_initialize__aeabi_                  - Undefined Weak Reference
    __cxa_finalize                            - Undefined Weak Reference
    __decompress                              - Undefined Weak Reference
    _clock_init                               - Undefined Weak Reference
    _microlib_exit                            - Undefined Weak Reference
    __Vectors_End                            0x00000400   Data           0  startup_mk66f18.o(RESET)
    __Vectors_Size                           0x00000400   Number         0  startup_mk66f18.o ABSOLUTE
    __main                                   0x00000411   Thumb Code     0  entry.o(.ARM.Collect$$$$00000000)
    _main_stk                                0x00000411   Thumb Code     0  entry2.o(.ARM.Collect$$$$00000001)
    _main_scatterload                        0x00000415   Thumb Code     0  entry5.o(.ARM.Collect$$$$00000004)
    __main_after_scatterload                 0x00000419   Thumb Code     0  entry5.o(.ARM.Collect$$$$00000004)
    _main_clock                              0x00000419   Thumb Code     0  entry7b.o(.ARM.Collect$$$$00000008)
    _main_cpp_init                           0x00000419   Thumb Code     0  entry8b.o(.ARM.Collect$$$$0000000A)
    _main_init                               0x00000419   Thumb Code     0  entry9a.o(.ARM.Collect$$$$0000000B)
    __rt_final_cpp                           0x00000421   Thumb Code     0  entry10a.o(.ARM.Collect$$$$0000000D)
    __rt_final_exit                          0x00000421   Thumb Code     0  entry11a.o(.ARM.Collect$$$$0000000F)
    __asm___6_port_c_39a90d8d__prvPortStartFirstTask 0x00000425   Thumb Code    36  port.o(.emb_text)
    ulSetInterruptMaskFromISR                0x0000044d   Thumb Code     8  port.o(.emb_text)
    vClearInterruptMaskFromISR               0x00000455   Thumb Code     6  port.o(.emb_text)
    PendSV_Handler                           0x0000045b   Thumb Code    62  port.o(.emb_text)
    Reset_Handler                            0x0000049d   Thumb Code    12  startup_mk66f18.o(.text)
    HardFault_Handler                        0x000004ab   Thumb Code     2  startup_mk66f18.o(.text)
    MemManage_Handler                        0x000004ad   Thumb Code     2  startup_mk66f18.o(.text)
    BusFault_Handler                         0x000004af   Thumb Code     2  startup_mk66f18.o(.text)
    UsageFault_Handler                       0x000004b1   Thumb Code     2  startup_mk66f18.o(.text)
    DebugMon_Handler                         0x000004b5   Thumb Code     2  startup_mk66f18.o(.text)
    ADC0_IRQHandler                          0x000004bb   Thumb Code     0  startup_mk66f18.o(.text)
    ADC1_IRQHandler                          0x000004bb   Thumb Code     0  startup_mk66f18.o(.text)
    CAN0_Bus_Off_IRQHandler                  0x000004bb   Thumb Code     0  startup_mk66f18.o(.text)
    CAN0_Error_IRQHandler                    0x000004bb   Thumb Code     0  startup_mk66f18.o(.text)
    CAN0_ORed_Message_buffer_IRQHandler      0x000004bb   Thumb Code     0  startup_mk66f18.o(.text)
    CAN0_Rx_Warning_IRQHandler               0x000004bb   Thumb Code     0  startup_mk66f18.o(.text)
    CAN0_Tx_Warning_IRQHandler               0x000004bb   Thumb Code     0  startup_mk66f18.o(.text)
    CAN0_Wake_Up_IRQHandler                  0x000004bb   Thumb Code     0  startup_mk66f18.o(.text)
    CAN1_Bus_Off_IRQHandler                  0x000004bb   Thumb Code     0  startup_mk66f18.o(.text)
    CAN1_Error_IRQHandler                    0x000004bb   Thumb Code     0  startup_mk66f18.o(.text)
    CAN1_ORed_Message_buffer_IRQHandler      0x000004bb   Thumb Code     0  startup_mk66f18.o(.text)
    CAN1_Rx_Warning_IRQHandler               0x000004bb   Thumb Code     0  startup_mk66f18.o(.text)
    CAN1_Tx_Warning_IRQHandler               0x000004bb   Thumb Code     0  startup_mk66f18.o(.text)
    CAN1_Wake_Up_IRQHandler                  0x000004bb   Thumb Code     0  startup_mk66f18.o(.text)
    CMP0_IRQHandler                          0x000004bb   Thumb Code     0  startup_mk66f18.o(.text)
    CMP1_IRQHandler                          0x000004bb   Thumb Code     0  startup_mk66f18.o(.text)
    CMP2_IRQHandler                          0x000004bb   Thumb Code     0  startup_mk66f18.o(.text)
    CMP3_IRQHandler                          0x000004bb   Thumb Code     0  startup_mk66f18.o(.text)
    CMT_IRQHandler                           0x000004bb   Thumb Code     0  startup_mk66f18.o(.text)
    DAC0_IRQHandler                          0x000004bb   Thumb Code     0  startup_mk66f18.o(.text)
    DAC1_IRQHandler                          0x000004bb   Thumb Code     0  startup_mk66f18.o(.text)
    DMA10_IRQHandler                         0x000004bb   Thumb Code     0  startup_mk66f18.o(.text)
    DMA11_IRQHandler                         0x000004bb   Thumb Code     0  startup_mk66f18.o(.text)
    DMA12_IRQHandler                         0x000004bb   Thumb Code     0  startup_mk66f18.o(.text)
    DMA13_IRQHandler                         0x000004bb   Thumb Code     0  startup_mk66f18.o(.text)
    DMA14_IRQHandler                         0x000004bb   Thumb Code     0  startup_mk66f18.o(.text)
    DMA15_IRQHandler                         0x000004bb   Thumb Code     0  startup_mk66f18.o(.text)
    DMA1_IRQHandler                          0x000004bb   Thumb Code     0  startup_mk66f18.o(.text)
    DMA2_IRQHandler                          0x000004bb   Thumb Code     0  startup_mk66f18.o(.text)
    DMA3_IRQHandler                          0x000004bb   Thumb Code     0  startup_mk66f18.o(.text)
    DMA4_IRQHandler                          0x000004bb   Thumb Code     0  startup_mk66f18.o(.text)
    DMA5_IRQHandler                          0x000004bb   Thumb Code     0  startup_mk66f18.o(.text)
    DMA6_IRQHandler                          0x000004bb   Thumb Code     0  startup_mk66f18.o(.text)
    DMA7_IRQHandler                          0x000004bb   Thumb Code     0  startup_mk66f18.o(.text)
    DMA8_IRQHandler                          0x000004bb   Thumb Code     0  startup_mk66f18.o(.text)
    DMA9_IRQHandler                          0x000004bb   Thumb Code     0  startup_mk66f18.o(.text)
    DMA_Error_IRQHandler                     0x000004bb   Thumb Code     0  startup_mk66f18.o(.text)
    DefaultISR                               0x000004bb   Thumb Code     0  startup_mk66f18.o(.text)
    ENET_1588_Timer_IRQHandler               0x000004bb   Thumb Code     0  startup_mk66f18.o(.text)
    ENET_Error_IRQHandler                    0x000004bb   Thumb Code     0  startup_mk66f18.o(.text)
    ENET_Receive_IRQHandler                  0x000004bb   Thumb Code     0  startup_mk66f18.o(.text)
    ENET_Transmit_IRQHandler                 0x000004bb   Thumb Code     0  startup_mk66f18.o(.text)
    FTFE_IRQHandler                          0x000004bb   Thumb Code     0  startup_mk66f18.o(.text)
    FTM0_IRQHandler                          0x000004bb   Thumb Code     0  startup_mk66f18.o(.text)
    FTM1_IRQHandler                          0x000004bb   Thumb Code     0  startup_mk66f18.o(.text)
    FTM2_IRQHandler                          0x000004bb   Thumb Code     0  startup_mk66f18.o(.text)
    FTM3_IRQHandler                          0x000004bb   Thumb Code     0  startup_mk66f18.o(.text)
    I2C0_IRQHandler                          0x000004bb   Thumb Code     0  startup_mk66f18.o(.text)
    I2C1_IRQHandler                          0x000004bb   Thumb Code     0  startup_mk66f18.o(.text)
    I2C2_IRQHandler                          0x000004bb   Thumb Code     0  startup_mk66f18.o(.text)
    I2C3_IRQHandler                          0x000004bb   Thumb Code     0  startup_mk66f18.o(.text)
    I2S0_Rx_IRQHandler                       0x000004bb   Thumb Code     0  startup_mk66f18.o(.text)
    I2S0_Tx_IRQHandler                       0x000004bb   Thumb Code     0  startup_mk66f18.o(.text)
    LLWU_IRQHandler                          0x000004bb   Thumb Code     0  startup_mk66f18.o(.text)
    LPTMR0_IRQHandler                        0x000004bb   Thumb Code     0  startup_mk66f18.o(.text)
    LPUART0_IRQHandler                       0x000004bb   Thumb Code     0  startup_mk66f18.o(.text)
    LVD_LVW_IRQHandler                       0x000004bb   Thumb Code     0  startup_mk66f18.o(.text)
    MCG_IRQHandler                           0x000004bb   Thumb Code     0  startup_mk66f18.o(.text)
    MCM_IRQHandler                           0x000004bb   Thumb Code     0  startup_mk66f18.o(.text)
    PDB0_IRQHandler                          0x000004bb   Thumb Code     0  startup_mk66f18.o(.text)
    PIT1_IRQHandler                          0x000004bb   Thumb Code     0  startup_mk66f18.o(.text)
    PIT2_IRQHandler                          0x000004bb   Thumb Code     0  startup_mk66f18.o(.text)
    PIT3_IRQHandler                          0x000004bb   Thumb Code     0  startup_mk66f18.o(.text)
    PORTB_IRQHandler                         0x000004bb   Thumb Code     0  startup_mk66f18.o(.text)
    PORTD_IRQHandler                         0x000004bb   Thumb Code     0  startup_mk66f18.o(.text)
    PORTE_IRQHandler                         0x000004bb   Thumb Code     0  startup_mk66f18.o(.text)
    RNG_IRQHandler                           0x000004bb   Thumb Code     0  startup_mk66f18.o(.text)
    RTC_IRQHandler                           0x000004bb   Thumb Code     0  startup_mk66f18.o(.text)
    RTC_Seconds_IRQHandler                   0x000004bb   Thumb Code     0  startup_mk66f18.o(.text)
    Read_Collision_IRQHandler                0x000004bb   Thumb Code     0  startup_mk66f18.o(.text)
    Reserved46_IRQHandler                    0x000004bb   Thumb Code     0  startup_mk66f18.o(.text)
    Reserved71_IRQHandler                    0x000004bb   Thumb Code     0  startup_mk66f18.o(.text)
    Reserved84_IRQHandler                    0x000004bb   Thumb Code     0  startup_mk66f18.o(.text)
    Reserved85_IRQHandler                    0x000004bb   Thumb Code     0  startup_mk66f18.o(.text)
    SDHC_IRQHandler                          0x000004bb   Thumb Code     0  startup_mk66f18.o(.text)
    SPI0_IRQHandler                          0x000004bb   Thumb Code     0  startup_mk66f18.o(.text)
    SPI1_IRQHandler                          0x000004bb   Thumb Code     0  startup_mk66f18.o(.text)
    SPI2_IRQHandler                          0x000004bb   Thumb Code     0  startup_mk66f18.o(.text)
    SWI_IRQHandler                           0x000004bb   Thumb Code     0  startup_mk66f18.o(.text)
    TPM1_IRQHandler                          0x000004bb   Thumb Code     0  startup_mk66f18.o(.text)
    TPM2_IRQHandler                          0x000004bb   Thumb Code     0  startup_mk66f18.o(.text)
    TSI0_IRQHandler                          0x000004bb   Thumb Code     0  startup_mk66f18.o(.text)
    UART0_ERR_IRQHandler                     0x000004bb   Thumb Code     0  startup_mk66f18.o(.text)
    UART0_RX_TX_IRQHandler                   0x000004bb   Thumb Code     0  startup_mk66f18.o(.text)
    UART1_ERR_IRQHandler                     0x000004bb   Thumb Code     0  startup_mk66f18.o(.text)
    UART1_RX_TX_IRQHandler                   0x000004bb   Thumb Code     0  startup_mk66f18.o(.text)
    UART2_ERR_IRQHandler                     0x000004bb   Thumb Code     0  startup_mk66f18.o(.text)
    UART2_RX_TX_IRQHandler                   0x000004bb   Thumb Code     0  startup_mk66f18.o(.text)
    UART3_ERR_IRQHandler                     0x000004bb   Thumb Code     0  startup_mk66f18.o(.text)
    UART4_ERR_IRQHandler                     0x000004bb   Thumb Code     0  startup_mk66f18.o(.text)
    USB0_IRQHandler                          0x000004bb   Thumb Code     0  startup_mk66f18.o(.text)
    USBDCD_IRQHandler                        0x000004bb   Thumb Code     0  startup_mk66f18.o(.text)
    USBHSDCD_IRQHandler                      0x000004bb   Thumb Code     0  startup_mk66f18.o(.text)
    USBHS_IRQHandler                         0x000004bb   Thumb Code     0  startup_mk66f18.o(.text)
    WDOG_EWM_IRQHandler                      0x000004bb   Thumb Code     0  startup_mk66f18.o(.text)
    __aeabi_memcpy                           0x000004c5   Thumb Code    36  memcpya.o(.text)
    __aeabi_memcpy4                          0x000004c5   Thumb Code     0  memcpya.o(.text)
    __aeabi_memcpy8                          0x000004c5   Thumb Code     0  memcpya.o(.text)
    __aeabi_memset                           0x000004e9   Thumb Code    14  memseta.o(.text)
    __aeabi_memset4                          0x000004e9   Thumb Code     0  memseta.o(.text)
    __aeabi_memset8                          0x000004e9   Thumb Code     0  memseta.o(.text)
    __aeabi_memclr                           0x000004f7   Thumb Code     4  memseta.o(.text)
    __aeabi_memclr4                          0x000004f7   Thumb Code     0  memseta.o(.text)
    __aeabi_memclr8                          0x000004f7   Thumb Code     0  memseta.o(.text)
    _memset$wrapper                          0x000004fb   Thumb Code    18  memseta.o(.text)
    __scatterload                            0x0000050d   Thumb Code    28  init.o(.text)
    __scatterload_rt2                        0x0000050d   Thumb Code     0  init.o(.text)
    DMA0_IRQHandler                          0x00000531   Thumb Code    20  isr.o(i.DMA0_IRQHandler)
    Disable_Wdog                             0x00000549   Thumb Code    22  system_mk66.o(i.Disable_Wdog)
    NMI_Handler                              0x00000565   Thumb Code     2  system_mk66.o(i.NMI_Handler)
    OLED_DLY_ms                              0x00000593   Thumb Code    28  seekfree_oled.o(i.OLED_DLY_ms)
    OLED_Fill                                0x000005af   Thumb Code    58  seekfree_oled.o(i.OLED_Fill)
    OLED_Init                                0x000005e9   Thumb Code   288  seekfree_oled.o(i.OLED_Init)
    OLED_P6x8Str                             0x00000709   Thumb Code    96  seekfree_oled.o(i.OLED_P6x8Str)
    OLED_Set_Pos                             0x0000076d   Thumb Code    40  seekfree_oled.o(i.OLED_Set_Pos)
    OLED_WrCmd                               0x00000795   Thumb Code    80  seekfree_oled.o(i.OLED_WrCmd)
    OLED_WrDat                               0x000007e5   Thumb Code    80  seekfree_oled.o(i.OLED_WrDat)
    PIT0_IRQHandler                          0x00000835   Thumb Code    14  isr.o(i.PIT0_IRQHandler)
    PORTA_IRQHandler                         0x00000849   Thumb Code    10  isr.o(i.PORTA_IRQHandler)
    PORTC_IRQHandler                         0x00000859   Thumb Code    16  isr.o(i.PORTC_IRQHandler)
    SVC_Handler                              0x0000086d   Thumb Code     2  port.o(i.SVC_Handler)
    SYSTEM_CLK                               0x00000871   Thumb Code   170  system_mk66.o(i.SYSTEM_CLK)
    Start                                    0x00000929   Thumb Code    34  system_mk66.o(i.Start)
    SysTick_Handler                          0x00000951   Thumb Code    30  port.o(i.SysTick_Handler)
    Task_Camera                              0x00000975   Thumb Code    22  task_camera.o(i.Task_Camera)
    Task_Control                             0x0000098b   Thumb Code    18  task_control.o(i.Task_Control)
    Task_Init                                0x0000099d   Thumb Code    84  task_init.o(i.Task_Init)
    Task_UI                                  0x00000a31   Thumb Code    32  task_ui.o(i.Task_UI)
    UART3_RX_TX_IRQHandler                   0x00000a59   Thumb Code    22  isr.o(i.UART3_RX_TX_IRQHandler)
    UART4_RX_TX_IRQHandler                   0x00000a75   Thumb Code    10  isr.o(i.UART4_RX_TX_IRQHandler)
    VSYNC                                    0x00000a85   Thumb Code    72  seekfree_mt9v032.o(i.VSYNC)
    __scatterload_copy                       0x00000add   Thumb Code    14  handlers.o(i.__scatterload_copy)
    __scatterload_null                       0x00000aeb   Thumb Code     2  handlers.o(i.__scatterload_null)
    __scatterload_zeroinit                   0x00000aed   Thumb Code    14  handlers.o(i.__scatterload_zeroinit)
    camera_init                              0x00000afd   Thumb Code   284  seekfree_mt9v032.o(i.camera_init)
    div_set                                  0x00000c45   Thumb Code    68  system_mk66.o(i.div_set)
    dma_portx2buff_init                      0x00000c91   Thumb Code   398  mk60_dma.o(i.dma_portx2buff_init)
    get_clk                                  0x00000e35   Thumb Code    94  common.o(i.get_clk)
    get_config                               0x00000ea9   Thumb Code    96  seekfree_mt9v032.o(i.get_config)
    gpio_init                                0x00000f15   Thumb Code   200  mk60_gpio.o(i.gpio_init)
    gpio_set                                 0x00000fe9   Thumb Code    66  mk60_gpio.o(i.gpio_set)
    gpio_turn                                0x00001031   Thumb Code    34  mk60_gpio.o(i.gpio_turn)
    main                                     0x00001059   Thumb Code    76  main.o(i.main)
    mt9v032_cof_uart_interrupt               0x000010b9   Thumb Code    68  seekfree_mt9v032.o(i.mt9v032_cof_uart_interrupt)
    port_init                                0x00001109   Thumb Code   102  mk60_port.o(i.port_init)
    port_init_NoAlt                          0x0000117d   Thumb Code    76  mk60_port.o(i.port_init_NoAlt)
    pvPortMalloc                             0x00001af9   Thumb Code   248  heap_4.o(i.pvPortMalloc)
    pxPortInitialiseStack                    0x00001c05   Thumb Code    26  port.o(i.pxPortInitialiseStack)
    row_finished                             0x00001c25   Thumb Code     8  seekfree_mt9v032.o(i.row_finished)
    systick_delay                            0x00001c31   Thumb Code    44  mk60_systick.o(i.systick_delay)
    systick_delay_ms                         0x00001c5d   Thumb Code    32  mk60_systick.o(i.systick_delay_ms)
    uart_getchar                             0x00001c81   Thumb Code    30  mk60_uart.o(i.uart_getchar)
    uart_init                                0x00001ca5   Thumb Code   452  mk60_uart.o(i.uart_init)
    uart_putbuff                             0x00001e7d   Thumb Code    30  mk60_uart.o(i.uart_putbuff)
    uart_putchar                             0x00001e9d   Thumb Code    28  mk60_uart.o(i.uart_putchar)
    uart_rx_irq_en                           0x00001ebd   Thumb Code    50  mk60_uart.o(i.uart_rx_irq_en)
    uxListRemove                             0x00001ef5   Thumb Code    40  list.o(i.uxListRemove)
    vApplicationIdleHook                     0x00001f1d   Thumb Code    22  cpustate.o(i.vApplicationIdleHook)
    vListInitialise                          0x00001f39   Thumb Code    26  list.o(i.vListInitialise)
    vListInitialiseItem                      0x00001f53   Thumb Code     6  list.o(i.vListInitialiseItem)
    vListInsert                              0x00001f59   Thumb Code    52  list.o(i.vListInsert)
    vListInsertEnd                           0x00001f8d   Thumb Code    24  list.o(i.vListInsertEnd)
    vPortEnterCritical                       0x00001fa5   Thumb Code    22  port.o(i.vPortEnterCritical)
    vPortExitCritical                        0x00001fc1   Thumb Code    32  port.o(i.vPortExitCritical)
    vPortFree                                0x00001fe5   Thumb Code   108  heap_4.o(i.vPortFree)
    vPortYield                               0x00002059   Thumb Code    18  port.o(i.vPortYield)
    vQueueAddToRegistry                      0x00002071   Thumb Code    38  queue.o(i.vQueueAddToRegistry)
    vQueueWaitForMessageRestricted           0x0000209d   Thumb Code    74  queue.o(i.vQueueWaitForMessageRestricted)
    vTaskDelay                               0x000020e9   Thumb Code    54  tasks.o(i.vTaskDelay)
    vTaskDelete                              0x00002125   Thumb Code   140  tasks.o(i.vTaskDelete)
    vTaskInternalSetTimeOutState             0x000021cd   Thumb Code    14  tasks.o(i.vTaskInternalSetTimeOutState)
    vTaskMissedYield                         0x000021e5   Thumb Code     8  tasks.o(i.vTaskMissedYield)
    vTaskPlaceOnEventList                    0x000021f1   Thumb Code    36  tasks.o(i.vTaskPlaceOnEventList)
    vTaskPlaceOnEventListRestricted          0x00002219   Thumb Code    44  tasks.o(i.vTaskPlaceOnEventListRestricted)
    vTaskStartScheduler                      0x00002249   Thumb Code    86  tasks.o(i.vTaskStartScheduler)
    vTaskSuspendAll                          0x000022bd   Thumb Code    12  tasks.o(i.vTaskSuspendAll)
    vTaskSwitchContext                       0x000022cd   Thumb Code   106  tasks.o(i.vTaskSwitchContext)
    xPortStartScheduler                      0x0000234d   Thumb Code    42  port.o(i.xPortStartScheduler)
    xQueueGenericCreate                      0x00002381   Thumb Code    74  queue.o(i.xQueueGenericCreate)
    xQueueGenericReset                       0x000023cb   Thumb Code   118  queue.o(i.xQueueGenericReset)
    xQueueGenericSend                        0x00002441   Thumb Code   320  queue.o(i.xQueueGenericSend)
    xQueueGenericSendFromISR                 0x00002581   Thumb Code   170  queue.o(i.xQueueGenericSendFromISR)
    xQueueReceive                            0x0000262b   Thumb Code   284  queue.o(i.xQueueReceive)
    xTaskCheckForTimeOut                     0x00002749   Thumb Code   100  tasks.o(i.xTaskCheckForTimeOut)
    xTaskCreate                              0x000027b5   Thumb Code    96  tasks.o(i.xTaskCreate)
    xTaskGetSchedulerState                   0x00002815   Thumb Code    24  tasks.o(i.xTaskGetSchedulerState)
    xTaskGetTickCount                        0x00002835   Thumb Code     6  tasks.o(i.xTaskGetTickCount)
    xTaskIncrementTick                       0x00002841   Thumb Code   262  tasks.o(i.xTaskIncrementTick)
    xTaskPriorityDisinherit                  0x00002975   Thumb Code   120  tasks.o(i.xTaskPriorityDisinherit)
    xTaskRemoveFromEventList                 0x000029f9   Thumb Code   110  tasks.o(i.xTaskRemoveFromEventList)
    xTaskResumeAll                           0x00002a81   Thumb Code   196  tasks.o(i.xTaskResumeAll)
    xTimerCreateTimerTask                    0x00002b65   Thumb Code    48  timers.o(i.xTimerCreateTimerTask)
    xTimerGenericCommand                     0x00002ba9   Thumb Code   110  timers.o(i.xTimerGenericCommand)
    F6x8                                     0x00002c6c   Data         552  seekfree_oled.o(.constdata)
    F8X16                                    0x00002e94   Data        1520  seekfree_oled.o(.constdata)
    Region$$Table$$Base                      0x00003484   Number         0  anon$$obj.o(Region$$Table)
    Region$$Table$$Limit                     0x000034a4   Number         0  anon$$obj.o(Region$$Table)
    mcgout_clk_mhz                           0x1fff0000   Data           4  common.o(.data)
    core_clk_mhz                             0x1fff0004   Data           4  common.o(.data)
    bus_clk_mhz                              0x1fff0008   Data           4  common.o(.data)
    uart                                     0x1fff000c   Data          20  mk60_uart.o(.data)
    Task_Init_Handler                        0x1fff0020   Data           4  main.o(.data)
    Task_Control_Handler                     0x1fff0024   Data           4  task_init.o(.data)
    Task_Camera_Handler                      0x1fff0028   Data           4  task_init.o(.data)
    Task_UI_Handler                          0x1fff002c   Data           4  task_init.o(.data)
    receive                                  0x1fff0030   Data           3  seekfree_mt9v032.o(.data)
    receive_num                              0x1fff0033   Data           1  seekfree_mt9v032.o(.data)
    uart_receive_flag                        0x1fff0034   Data           1  seekfree_mt9v032.o(.data)
    MT9V032_CFG                              0x1fff0036   Data          36  seekfree_mt9v032.o(.data)
    GET_CFG                                  0x1fff005a   Data          32  seekfree_mt9v032.o(.data)
    version                                  0x1fff007a   Data           2  seekfree_mt9v032.o(.data)
    mt9v032_finish_flag                      0x1fff007c   Data           1  seekfree_mt9v032.o(.data)
    pxCurrentTCB                             0x1fff0080   Data           4  tasks.o(.data)
    OSIdleCtr                                0x1fff00ec   Data           4  cpustate.o(.data)
    OSIdleCtrMax                             0x1fff00f0   Data           4  cpustate.o(.data)
    OSIdleCtrRun                             0x1fff00f4   Data           4  cpustate.o(.data)
    OSCPUUsage                               0x1fff00f8   Data           4  cpustate.o(.data)
    image                                    0x1fff00fc   Data       22560  seekfree_mt9v032.o(.bss)
    xQueueRegistry                           0x1fff591c   Data          64  queue.o(.bss)
    __initial_sp                             0x1fff7b30   Data           0  startup_mk66f18.o(STACK)



==============================================================================

Memory Map of the image

  Image Entry point : 0x00000411

  Load Region LR_IROM1 (Base: 0x00000000, Size: 0x000035a0, Max: 0x00100000, ABSOLUTE)

    Execution Region ER_IROM1 (Exec base: 0x00000000, Load base: 0x00000000, Size: 0x000034a4, Max: 0x00100000, ABSOLUTE)

    Exec Addr    Load Addr    Size         Type   Attr      Idx    E Section Name        Object

    0x00000000   0x00000000   0x00000400   Data   RO            3    RESET               startup_mk66f18.o
    0x00000400   0x00000400   0x00000010   Code   RO            4    .ARM.__at_0x400     startup_mk66f18.o
    0x00000410   0x00000410   0x00000000   Code   RO         3148  * .ARM.Collect$$$$00000000  mc_w.l(entry.o)
    0x00000410   0x00000410   0x00000004   Code   RO         3185    .ARM.Collect$$$$00000001  mc_w.l(entry2.o)
    0x00000414   0x00000414   0x00000004   Code   RO         3188    .ARM.Collect$$$$00000004  mc_w.l(entry5.o)
    0x00000418   0x00000418   0x00000000   Code   RO         3190    .ARM.Collect$$$$00000008  mc_w.l(entry7b.o)
    0x00000418   0x00000418   0x00000000   Code   RO         3192    .ARM.Collect$$$$0000000A  mc_w.l(entry8b.o)
    0x00000418   0x00000418   0x00000008   Code   RO         3193    .ARM.Collect$$$$0000000B  mc_w.l(entry9a.o)
    0x00000420   0x00000420   0x00000000   Code   RO         3195    .ARM.Collect$$$$0000000D  mc_w.l(entry10a.o)
    0x00000420   0x00000420   0x00000000   Code   RO         3197    .ARM.Collect$$$$0000000F  mc_w.l(entry11a.o)
    0x00000420   0x00000420   0x00000004   Code   RO         3186    .ARM.Collect$$$$00002712  mc_w.l(entry2.o)
    0x00000424   0x00000424   0x00000078   Code   RO         3045    .emb_text           port.o
    0x0000049c   0x0000049c   0x00000028   Code   RO            5    .text               startup_mk66f18.o
    0x000004c4   0x000004c4   0x00000024   Code   RO         3151    .text               mc_w.l(memcpya.o)
    0x000004e8   0x000004e8   0x00000024   Code   RO         3153    .text               mc_w.l(memseta.o)
    0x0000050c   0x0000050c   0x00000024   Code   RO         3201    .text               mc_w.l(init.o)
    0x00000530   0x00000530   0x00000018   Code   RO         1152    i.DMA0_IRQHandler   isr.o
    0x00000548   0x00000548   0x0000001c   Code   RO           15    i.Disable_Wdog      system_mk66.o
    0x00000564   0x00000564   0x00000002   Code   RO           16    i.NMI_Handler       system_mk66.o
    0x00000566   0x00000566   0x00000016   Code   RO          844    i.NVIC_EnableIRQ    mk60_uart.o
    0x0000057c   0x0000057c   0x00000016   Code   RO         1429    i.NVIC_EnableIRQ    seekfree_mt9v032.o
    0x00000592   0x00000592   0x0000001c   Code   RO         1592    i.OLED_DLY_ms       seekfree_oled.o
    0x000005ae   0x000005ae   0x0000003a   Code   RO         1593    i.OLED_Fill         seekfree_oled.o
    0x000005e8   0x000005e8   0x00000120   Code   RO         1595    i.OLED_Init         seekfree_oled.o
    0x00000708   0x00000708   0x00000064   Code   RO         1596    i.OLED_P6x8Str      seekfree_oled.o
    0x0000076c   0x0000076c   0x00000028   Code   RO         1601    i.OLED_Set_Pos      seekfree_oled.o
    0x00000794   0x00000794   0x00000050   Code   RO         1603    i.OLED_WrCmd        seekfree_oled.o
    0x000007e4   0x000007e4   0x00000050   Code   RO         1604    i.OLED_WrDat        seekfree_oled.o
    0x00000834   0x00000834   0x00000014   Code   RO         1153    i.PIT0_IRQHandler   isr.o
    0x00000848   0x00000848   0x00000010   Code   RO         1154    i.PORTA_IRQHandler  isr.o
    0x00000858   0x00000858   0x00000014   Code   RO         1155    i.PORTC_IRQHandler  isr.o
    0x0000086c   0x0000086c   0x00000002   Code   RO         3046    i.SVC_Handler       port.o
    0x0000086e   0x0000086e   0x00000002   PAD
    0x00000870   0x00000870   0x000000b8   Code   RO           17    i.SYSTEM_CLK        system_mk66.o
    0x00000928   0x00000928   0x00000028   Code   RO           18    i.Start             system_mk66.o
    0x00000950   0x00000950   0x00000024   Code   RO         3047    i.SysTick_Handler   port.o
    0x00000974   0x00000974   0x00000016   Code   RO         1106    i.Task_Camera       task_camera.o
    0x0000098a   0x0000098a   0x00000012   Code   RO          989    i.Task_Control      task_control.o
    0x0000099c   0x0000099c   0x00000094   Code   RO         1232    i.Task_Init         task_init.o
    0x00000a30   0x00000a30   0x00000028   Code   RO         1129    i.Task_UI           task_ui.o
    0x00000a58   0x00000a58   0x0000001c   Code   RO         1156    i.UART3_RX_TX_IRQHandler  isr.o
    0x00000a74   0x00000a74   0x00000010   Code   RO         1157    i.UART4_RX_TX_IRQHandler  isr.o
    0x00000a84   0x00000a84   0x00000058   Code   RO         1430    i.VSYNC             seekfree_mt9v032.o
    0x00000adc   0x00000adc   0x0000000e   Code   RO         3205    i.__scatterload_copy  mc_w.l(handlers.o)
    0x00000aea   0x00000aea   0x00000002   Code   RO         3206    i.__scatterload_null  mc_w.l(handlers.o)
    0x00000aec   0x00000aec   0x0000000e   Code   RO         3207    i.__scatterload_zeroinit  mc_w.l(handlers.o)
    0x00000afa   0x00000afa   0x00000002   PAD
    0x00000afc   0x00000afc   0x00000148   Code   RO         1431    i.camera_init       seekfree_mt9v032.o
    0x00000c44   0x00000c44   0x0000004c   Code   RO           19    i.div_set           system_mk66.o
    0x00000c90   0x00000c90   0x000001a4   Code   RO          265    i.dma_portx2buff_init  mk60_dma.o
    0x00000e34   0x00000e34   0x00000074   Code   RO          105    i.get_clk           common.o
    0x00000ea8   0x00000ea8   0x0000006c   Code   RO         1432    i.get_config        seekfree_mt9v032.o
    0x00000f14   0x00000f14   0x000000d4   Code   RO          424    i.gpio_init         mk60_gpio.o
    0x00000fe8   0x00000fe8   0x00000048   Code   RO          425    i.gpio_set          mk60_gpio.o
    0x00001030   0x00001030   0x00000028   Code   RO          426    i.gpio_turn         mk60_gpio.o
    0x00001058   0x00001058   0x00000060   Code   RO         1202    i.main              main.o
    0x000010b8   0x000010b8   0x00000050   Code   RO         1434    i.mt9v032_cof_uart_interrupt  seekfree_mt9v032.o
    0x00001108   0x00001108   0x00000074   Code   RO          604    i.port_init         mk60_port.o
    0x0000117c   0x0000117c   0x00000054   Code   RO          605    i.port_init_NoAlt   mk60_port.o
    0x000011d0   0x000011d0   0x0000007c   Code   RO         2502    i.prvAddCurrentTaskToDelayedList  tasks.o
    0x0000124c   0x0000124c   0x000000a8   Code   RO         2503    i.prvAddNewTaskToReadyList  tasks.o
    0x000012f4   0x000012f4   0x00000064   Code   RO         2854    i.prvCheckForValidListAndQueue  timers.o
    0x00001358   0x00001358   0x00000048   Code   RO         2504    i.prvCheckTasksWaitingTermination  tasks.o
    0x000013a0   0x000013a0   0x0000002a   Code   RO         2284    i.prvCopyDataFromQueue  queue.o
    0x000013ca   0x000013ca   0x0000007e   Code   RO         2285    i.prvCopyDataToQueue  queue.o
    0x00001448   0x00001448   0x00000012   Code   RO         2505    i.prvDeleteTCB      tasks.o
    0x0000145a   0x0000145a   0x00000002   PAD
    0x0000145c   0x0000145c   0x00000028   Code   RO         2855    i.prvGetNextExpireTime  timers.o
    0x00001484   0x00001484   0x0000007c   Code   RO         2996    i.prvHeapInit       heap_4.o
    0x00001500   0x00001500   0x0000001c   Code   RO         2506    i.prvIdleTask       tasks.o
    0x0000151c   0x0000151c   0x0000002a   Code   RO         2288    i.prvInitialiseNewQueue  queue.o
    0x00001546   0x00001546   0x000000ae   Code   RO         2507    i.prvInitialiseNewTask  tasks.o
    0x000015f4   0x000015f4   0x00000068   Code   RO         2508    i.prvInitialiseTaskLists  tasks.o
    0x0000165c   0x0000165c   0x00000068   Code   RO         2997    i.prvInsertBlockIntoFreeList  heap_4.o
    0x000016c4   0x000016c4   0x00000058   Code   RO         2857    i.prvInsertTimerInActiveList  timers.o
    0x0000171c   0x0000171c   0x0000001a   Code   RO         2289    i.prvIsQueueEmpty   queue.o
    0x00001736   0x00001736   0x0000001e   Code   RO         2290    i.prvIsQueueFull    queue.o
    0x00001754   0x00001754   0x00000064   Code   RO         2858    i.prvProcessExpiredTimer  timers.o
    0x000017b8   0x000017b8   0x00000118   Code   RO         2859    i.prvProcessReceivedCommands  timers.o
    0x000018d0   0x000018d0   0x00000064   Code   RO         2860    i.prvProcessTimerOrBlockTask  timers.o
    0x00001934   0x00001934   0x00000034   Code   RO         2510    i.prvResetNextTaskUnblockTime  tasks.o
    0x00001968   0x00001968   0x0000002c   Code   RO         2861    i.prvSampleTimeNow  timers.o
    0x00001994   0x00001994   0x00000016   Code   RO         3048    i.prvSetupTimerInterrupt  port.o
    0x000019aa   0x000019aa   0x00000002   PAD
    0x000019ac   0x000019ac   0x00000094   Code   RO         2862    i.prvSwitchTimerLists  timers.o
    0x00001a40   0x00001a40   0x00000020   Code   RO         3049    i.prvTaskExitError  port.o
    0x00001a60   0x00001a60   0x0000001a   Code   RO         2863    i.prvTimerTask      timers.o
    0x00001a7a   0x00001a7a   0x0000007e   Code   RO         2291    i.prvUnlockQueue    queue.o
    0x00001af8   0x00001af8   0x0000010c   Code   RO         2998    i.pvPortMalloc      heap_4.o
    0x00001c04   0x00001c04   0x00000020   Code   RO         3050    i.pxPortInitialiseStack  port.o
    0x00001c24   0x00001c24   0x0000000c   Code   RO         1435    i.row_finished      seekfree_mt9v032.o
    0x00001c30   0x00001c30   0x0000002c   Code   RO          802    i.systick_delay     mk60_systick.o
    0x00001c5c   0x00001c5c   0x00000024   Code   RO          803    i.systick_delay_ms  mk60_systick.o
    0x00001c80   0x00001c80   0x00000024   Code   RO          846    i.uart_getchar      mk60_uart.o
    0x00001ca4   0x00001ca4   0x000001d8   Code   RO          847    i.uart_init         mk60_uart.o
    0x00001e7c   0x00001e7c   0x0000001e   Code   RO          848    i.uart_putbuff      mk60_uart.o
    0x00001e9a   0x00001e9a   0x00000002   PAD
    0x00001e9c   0x00001e9c   0x00000020   Code   RO          849    i.uart_putchar      mk60_uart.o
    0x00001ebc   0x00001ebc   0x00000038   Code   RO          853    i.uart_rx_irq_en    mk60_uart.o
    0x00001ef4   0x00001ef4   0x00000028   Code   RO         2247    i.uxListRemove      list.o
    0x00001f1c   0x00001f1c   0x0000001c   Code   RO         3117    i.vApplicationIdleHook  cpustate.o
    0x00001f38   0x00001f38   0x0000001a   Code   RO         2248    i.vListInitialise   list.o
    0x00001f52   0x00001f52   0x00000006   Code   RO         2249    i.vListInitialiseItem  list.o
    0x00001f58   0x00001f58   0x00000034   Code   RO         2250    i.vListInsert       list.o
    0x00001f8c   0x00001f8c   0x00000018   Code   RO         2251    i.vListInsertEnd    list.o
    0x00001fa4   0x00001fa4   0x0000001c   Code   RO         3052    i.vPortEnterCritical  port.o
    0x00001fc0   0x00001fc0   0x00000024   Code   RO         3053    i.vPortExitCritical  port.o
    0x00001fe4   0x00001fe4   0x00000074   Code   RO         2999    i.vPortFree         heap_4.o
    0x00002058   0x00002058   0x00000018   Code   RO         3054    i.vPortYield        port.o
    0x00002070   0x00002070   0x0000002c   Code   RO         2297    i.vQueueAddToRegistry  queue.o
    0x0000209c   0x0000209c   0x0000004a   Code   RO         2301    i.vQueueWaitForMessageRestricted  queue.o
    0x000020e6   0x000020e6   0x00000002   PAD
    0x000020e8   0x000020e8   0x0000003c   Code   RO         2521    i.vTaskDelay        tasks.o
    0x00002124   0x00002124   0x000000a8   Code   RO         2523    i.vTaskDelete       tasks.o
    0x000021cc   0x000021cc   0x00000018   Code   RO         2526    i.vTaskInternalSetTimeOutState  tasks.o
    0x000021e4   0x000021e4   0x0000000c   Code   RO         2527    i.vTaskMissedYield  tasks.o
    0x000021f0   0x000021f0   0x00000028   Code   RO         2529    i.vTaskPlaceOnEventList  tasks.o
    0x00002218   0x00002218   0x00000030   Code   RO         2530    i.vTaskPlaceOnEventListRestricted  tasks.o
    0x00002248   0x00002248   0x00000074   Code   RO         2538    i.vTaskStartScheduler  tasks.o
    0x000022bc   0x000022bc   0x00000010   Code   RO         2540    i.vTaskSuspendAll   tasks.o
    0x000022cc   0x000022cc   0x00000080   Code   RO         2541    i.vTaskSwitchContext  tasks.o
    0x0000234c   0x0000234c   0x00000034   Code   RO         3055    i.xPortStartScheduler  port.o
    0x00002380   0x00002380   0x0000004a   Code   RO         2304    i.xQueueGenericCreate  queue.o
    0x000023ca   0x000023ca   0x00000076   Code   RO         2305    i.xQueueGenericReset  queue.o
    0x00002440   0x00002440   0x00000140   Code   RO         2306    i.xQueueGenericSend  queue.o
    0x00002580   0x00002580   0x000000aa   Code   RO         2307    i.xQueueGenericSendFromISR  queue.o
    0x0000262a   0x0000262a   0x0000011c   Code   RO         2314    i.xQueueReceive     queue.o
    0x00002746   0x00002746   0x00000002   PAD
    0x00002748   0x00002748   0x0000006c   Code   RO         2542    i.xTaskCheckForTimeOut  tasks.o
    0x000027b4   0x000027b4   0x00000060   Code   RO         2543    i.xTaskCreate       tasks.o
    0x00002814   0x00002814   0x00000020   Code   RO         2547    i.xTaskGetSchedulerState  tasks.o
    0x00002834   0x00002834   0x0000000c   Code   RO         2548    i.xTaskGetTickCount  tasks.o
    0x00002840   0x00002840   0x00000134   Code   RO         2550    i.xTaskIncrementTick  tasks.o
    0x00002974   0x00002974   0x00000084   Code   RO         2553    i.xTaskPriorityDisinherit  tasks.o
    0x000029f8   0x000029f8   0x00000088   Code   RO         2555    i.xTaskRemoveFromEventList  tasks.o
    0x00002a80   0x00002a80   0x000000e4   Code   RO         2556    i.xTaskResumeAll    tasks.o
    0x00002b64   0x00002b64   0x00000044   Code   RO         2870    i.xTimerCreateTimerTask  timers.o
    0x00002ba8   0x00002ba8   0x00000074   Code   RO         2871    i.xTimerGenericCommand  timers.o
    0x00002c1c   0x00002c1c   0x00000028   Data   RO          427    .constdata          mk60_gpio.o
    0x00002c44   0x00002c44   0x00000028   Data   RO          606    .constdata          mk60_port.o
    0x00002c6c   0x00002c6c   0x00000818   Data   RO         1606    .constdata          seekfree_oled.o
    0x00003484   0x00003484   0x00000020   Data   RO         3203    Region$$Table       anon$$obj.o


    Execution Region RW_IRAM1 (Exec base: 0x1fff0000, Load base: 0x000034a4, Size: 0x00007b30, Max: 0x00040000, ABSOLUTE)

    Exec Addr    Load Addr    Size         Type   Attr      Idx    E Section Name        Object

    0x1fff0000   0x000034a4   0x0000000c   Data   RW          106    .data               common.o
    0x1fff000c   0x000034b0   0x00000014   Data   RW          856    .data               mk60_uart.o
    0x1fff0020   0x000034c4   0x00000004   Data   RW         1203    .data               main.o
    0x1fff0024   0x000034c8   0x0000000c   Data   RW         1233    .data               task_init.o
    0x1fff0030   0x000034d4   0x0000004d   Data   RW         1440    .data               seekfree_mt9v032.o
    0x1fff007d   0x00003521   0x00000003   PAD
    0x1fff0080   0x00003524   0x0000003c   Data   RW         2559    .data               tasks.o
    0x1fff00bc   0x00003560   0x00000014   Data   RW         2877    .data               timers.o
    0x1fff00d0   0x00003574   0x00000018   Data   RW         3004    .data               heap_4.o
    0x1fff00e8   0x0000358c   0x00000004   Data   RW         3056    .data               port.o
    0x1fff00ec   0x00003590   0x00000010   Data   RW         3118    .data               cpustate.o
    0x1fff00fc        -       0x00005820   Zero   RW         1439    .bss                seekfree_mt9v032.o
    0x1fff591c        -       0x00000040   Zero   RW         2318    .bss                queue.o
    0x1fff595c        -       0x000000dc   Zero   RW         2558    .bss                tasks.o
    0x1fff5a38        -       0x00000028   Zero   RW         2876    .bss                timers.o
    0x1fff5a60        -       0x00001ccc   Zero   RW         3003    .bss                heap_4.o
    0x1fff772c   0x000035a0   0x00000004   PAD
    0x1fff7730        -       0x00000400   Zero   RW            1    STACK               startup_mk66f18.o


==============================================================================

Image component sizes


      Code (inc. data)   RO Data    RW Data    ZI Data      Debug   Object Name

       116         22          0         12          0       2744   common.o
        28          6          0         16          0        848   cpustate.o
         0          0          0          0          0       1452   event_groups.o
       612         62          0         24       7372       3955   heap_4.o
       124         32          0          0          0       2828   isr.o
       148          0          0          0          0       3202   list.o
        96         20          0          4          0        743   main.o
       420         22          0          0          0       3326   mk60_dma.o
       324         24         40          0          0       2439   mk60_gpio.o
       200         22         40          0          0       1814   mk60_port.o
        80          4          0          0          0       1139   mk60_systick.o
       648         42          0         20          0      28988   mk60_uart.o
       384         52          0          4          0       6752   port.o
      1476          6          0          0         64      14378   queue.o
       638         88          0         77      22560      31728   seekfree_mt9v032.o
       674          4       2072          0          0       5479   seekfree_oled.o
        56         24       1024          0       1024       1164   startup_mk66f18.o
       330         34          0          0          0     730698   system_mk66.o
        22          0          0          0          0        446   task_camera.o
        18          0          0          0          0       9735   task_control.o
       148         64          0         12          0        871   task_init.o
        40          8          0          0          0        434   task_ui.o
      2404        360          0         60        220      22980   tasks.o
      1110        112          0         20         40      13535   timers.o

    ----------------------------------------------------------------------
     10108       1008       3208        252      31284     891678   Object Totals
         0          0         32          0          0          0   (incl. Generated)
        12          0          0          3          4          0   (incl. Padding)

    ----------------------------------------------------------------------

      Code (inc. data)   RO Data    RW Data    ZI Data      Debug   Library Member Name

         0          0          0          0          0          0   entry.o
         0          0          0          0          0          0   entry10a.o
         0          0          0          0          0          0   entry11a.o
         8          4          0          0          0          0   entry2.o
         4          0          0          0          0          0   entry5.o
         0          0          0          0          0          0   entry7b.o
         0          0          0          0          0          0   entry8b.o
         8          4          0          0          0          0   entry9a.o
        30          0          0          0          0          0   handlers.o
        36          8          0          0          0         68   init.o
        36          0          0          0          0         68   memcpya.o
        36          0          0          0          0        108   memseta.o

    ----------------------------------------------------------------------
       160         16          0          0          0        244   Library Totals
         2          0          0          0          0          0   (incl. Padding)

    ----------------------------------------------------------------------

      Code (inc. data)   RO Data    RW Data    ZI Data      Debug   Library Name

       158         16          0          0          0        244   mc_w.l

    ----------------------------------------------------------------------
       160         16          0          0          0        244   Library Totals

    ----------------------------------------------------------------------

==============================================================================


      Code (inc. data)   RO Data    RW Data    ZI Data      Debug   

     10268       1024       3208        252      31284     881374   Grand Totals
     10268       1024       3208        252      31284     881374   ELF Image Totals
     10268       1024       3208        252          0          0   ROM Totals

==============================================================================

    Total RO  Size (Code + RO Data)                13476 (  13.16kB)
    Total RW  Size (RW Data + ZI Data)             31536 (  30.80kB)
    Total ROM Size (Code + RO Data + RW Data)      13728 (  13.41kB)

==============================================================================

